Component: Arm Compiler for Embedded 6.23 Tool: armlink [5f102400]

==============================================================================

Section Cross References

    startup_stm32f407xx.o(STACK) refers (Special) to heapauxi.o(.text) for __use_two_region_memory
    startup_stm32f407xx.o(HEAP) refers (Special) to heapauxi.o(.text) for __use_two_region_memory
    startup_stm32f407xx.o(RESET) refers (Special) to heapauxi.o(.text) for __use_two_region_memory
    startup_stm32f407xx.o(RESET) refers to startup_stm32f407xx.o(STACK) for __initial_sp
    startup_stm32f407xx.o(RESET) refers to startup_stm32f407xx.o(.text) for Reset_Handler
    startup_stm32f407xx.o(RESET) refers to stm32f4xx_it.o(.text.NMI_Handler) for NMI_Handler
    startup_stm32f407xx.o(RESET) refers to stm32f4xx_it.o(.text.HardFault_Handler) for HardFault_Handler
    startup_stm32f407xx.o(RESET) refers to stm32f4xx_it.o(.text.MemManage_Handler) for MemManage_Handler
    startup_stm32f407xx.o(RESET) refers to stm32f4xx_it.o(.text.BusFault_Handler) for BusFault_Handler
    startup_stm32f407xx.o(RESET) refers to stm32f4xx_it.o(.text.UsageFault_Handler) for UsageFault_Handler
    startup_stm32f407xx.o(RESET) refers to port.o(.text.SVC_Handler) for SVC_Handler
    startup_stm32f407xx.o(RESET) refers to stm32f4xx_it.o(.text.DebugMon_Handler) for DebugMon_Handler
    startup_stm32f407xx.o(RESET) refers to port.o(.text.PendSV_Handler) for PendSV_Handler
    startup_stm32f407xx.o(RESET) refers to cmsis_os2.o(.text.SysTick_Handler) for SysTick_Handler
    startup_stm32f407xx.o(RESET) refers to stm32f4xx_it.o(.text.DMA1_Stream1_IRQHandler) for DMA1_Stream1_IRQHandler
    startup_stm32f407xx.o(RESET) refers to stm32f4xx_it.o(.text.DMA1_Stream3_IRQHandler) for DMA1_Stream3_IRQHandler
    startup_stm32f407xx.o(RESET) refers to stm32f4xx_it.o(.text.DMA1_Stream5_IRQHandler) for DMA1_Stream5_IRQHandler
    startup_stm32f407xx.o(RESET) refers to stm32f4xx_it.o(.text.TIM2_IRQHandler) for TIM2_IRQHandler
    startup_stm32f407xx.o(RESET) refers to stm32f4xx_it.o(.text.TIM3_IRQHandler) for TIM3_IRQHandler
    startup_stm32f407xx.o(RESET) refers to stm32f4xx_it.o(.text.TIM4_IRQHandler) for TIM4_IRQHandler
    startup_stm32f407xx.o(RESET) refers to stm32f4xx_it.o(.text.I2C2_EV_IRQHandler) for I2C2_EV_IRQHandler
    startup_stm32f407xx.o(RESET) refers to stm32f4xx_it.o(.text.I2C2_ER_IRQHandler) for I2C2_ER_IRQHandler
    startup_stm32f407xx.o(RESET) refers to stm32f4xx_it.o(.text.USART2_IRQHandler) for USART2_IRQHandler
    startup_stm32f407xx.o(RESET) refers to stm32f4xx_it.o(.text.USART3_IRQHandler) for USART3_IRQHandler
    startup_stm32f407xx.o(RESET) refers to stm32f4xx_it.o(.text.TIM5_IRQHandler) for TIM5_IRQHandler
    startup_stm32f407xx.o(RESET) refers to stm32f4xx_it.o(.text.TIM6_DAC_IRQHandler) for TIM6_DAC_IRQHandler
    startup_stm32f407xx.o(RESET) refers to stm32f4xx_it.o(.text.TIM7_IRQHandler) for TIM7_IRQHandler
    startup_stm32f407xx.o(.text) refers (Special) to heapauxi.o(.text) for __use_two_region_memory
    startup_stm32f407xx.o(.text) refers to system_stm32f4xx.o(.text.SystemInit) for SystemInit
    startup_stm32f407xx.o(.text) refers to __main.o(!!!main) for __main
    startup_stm32f407xx.o(.text) refers to startup_stm32f407xx.o(HEAP) for Heap_Mem
    startup_stm32f407xx.o(.text) refers to startup_stm32f407xx.o(STACK) for Stack_Mem
    main.o(.text.main) refers to stm32f4xx_hal.o(.text.HAL_Init) for HAL_Init
    main.o(.text.main) refers to main.o(.text.SystemClock_Config) for SystemClock_Config
    main.o(.text.main) refers to gpio.o(.text.MX_GPIO_Init) for MX_GPIO_Init
    main.o(.text.main) refers to dma.o(.text.MX_DMA_Init) for MX_DMA_Init
    main.o(.text.main) refers to tim.o(.text.MX_TIM2_Init) for MX_TIM2_Init
    main.o(.text.main) refers to tim.o(.text.MX_TIM6_Init) for MX_TIM6_Init
    main.o(.text.main) refers to tim.o(.text.MX_TIM10_Init) for MX_TIM10_Init
    main.o(.text.main) refers to tim.o(.text.MX_TIM11_Init) for MX_TIM11_Init
    main.o(.text.main) refers to tim.o(.text.MX_TIM1_Init) for MX_TIM1_Init
    main.o(.text.main) refers to tim.o(.text.MX_TIM3_Init) for MX_TIM3_Init
    main.o(.text.main) refers to tim.o(.text.MX_TIM4_Init) for MX_TIM4_Init
    main.o(.text.main) refers to tim.o(.text.MX_TIM5_Init) for MX_TIM5_Init
    main.o(.text.main) refers to tim.o(.text.MX_TIM9_Init) for MX_TIM9_Init
    main.o(.text.main) refers to usart.o(.text.MX_USART2_UART_Init) for MX_USART2_UART_Init
    main.o(.text.main) refers to i2c.o(.text.MX_I2C2_Init) for MX_I2C2_Init
    main.o(.text.main) refers to usart.o(.text.MX_USART3_UART_Init) for MX_USART3_UART_Init
    main.o(.text.main) refers to startup_main.o(.text.startup_main) for startup_main
    main.o(.text.main) refers to cmsis_os2.o(.text.osKernelInitialize) for osKernelInitialize
    main.o(.text.main) refers to freertos.o(.text.MX_FREERTOS_Init) for MX_FREERTOS_Init
    main.o(.text.main) refers to cmsis_os2.o(.text.osKernelStart) for osKernelStart
[...]
    _memcpy_lastbytes                        0x080003ef   Thumb Code     0  rt_memcpy_v6.o(.text)
    __aeabi_memset4                          0x08000413   Thumb Code    16  aeabi_memset4.o(.text)
    __aeabi_memset8                          0x08000413   Thumb Code     0  aeabi_memset4.o(.text)
    __aeabi_memclr4                          0x08000423   Thumb Code     0  rt_memclr_w.o(.text)
    __aeabi_memclr8                          0x08000423   Thumb Code     0  rt_memclr_w.o(.text)
    __rt_memclr_w                            0x08000423   Thumb Code     0  rt_memclr_w.o(.text)
    _memset_w                                0x08000427   Thumb Code    74  rt_memclr_w.o(.text)
    __use_two_region_memory                  0x08000471   Thumb Code     2  heapauxi.o(.text)
    __rt_heap_escrow$2region                 0x08000473   Thumb Code     2  heapauxi.o(.text)
    __rt_heap_expand$2region                 0x08000475   Thumb Code     2  heapauxi.o(.text)
    __cpp_initialize__aeabi_                 0x08000479   Thumb Code    36  init_aeabi.o(.text)
    __aeabi_memcpy4                          0x080004a5   Thumb Code     0  rt_memcpy_w.o(.text)
    __aeabi_memcpy8                          0x080004a5   Thumb Code     0  rt_memcpy_w.o(.text)
    __rt_memcpy_w                            0x080004a5   Thumb Code   100  rt_memcpy_w.o(.text)
    _memcpy_lastbytes_aligned                0x080004ed   Thumb Code     0  rt_memcpy_w.o(.text)
    _sys_exit                                0x08000509   Thumb Code     8  sys_exit.o(.text)
    __user_libspace                          0x08000515   Thumb Code     8  libspace.o(.text)
    __user_perproc_libspace                  0x08000515   Thumb Code     0  libspace.o(.text)
    __user_perthread_libspace                0x08000515   Thumb Code     0  libspace.o(.text)
    __I$use$semihosting                      0x0800051d   Thumb Code     0  use_no_semi.o(.text)
    __use_no_semihosting_swi                 0x0800051d   Thumb Code     2  use_no_semi.o(.text)
    __semihosting_library_function           0x0800051f   Thumb Code     0  indicate_semi.o(.text)
    __user_setup_stackheap                   0x0800051f   Thumb Code    74  sys_stackheap_outer.o(.text)
    exit                                     0x08000569   Thumb Code    18  exit.o(.text)
    BusFault_Handler                         0x0800057d   Thumb Code     2  stm32f4xx_it.o(.text.BusFault_Handler)
    DMA1_Stream1_IRQHandler                  0x08000581   Thumb Code    12  stm32f4xx_it.o(.text.DMA1_Stream1_IRQHandler)
    DMA1_Stream3_IRQHandler                  0x0800058d   Thumb Code    12  stm32f4xx_it.o(.text.DMA1_Stream3_IRQHandler)
    DMA1_Stream5_IRQHandler                  0x08000599   Thumb Code    12  stm32f4xx_it.o(.text.DMA1_Stream5_IRQHandler)
    DebugMon_Handler                         0x080005a5   Thumb Code     2  stm32f4xx_it.o(.text.DebugMon_Handler)
    Error_Handler                            0x080005a9   Thumb Code     6  main.o(.text.Error_Handler)
    HAL_DMA_Abort                            0x080005b1   Thumb Code   128  stm32f4xx_hal_dma.o(.text.HAL_DMA_Abort)
    HAL_DMA_Abort_IT                         0x08000631   Thumb Code    36  stm32f4xx_hal_dma.o(.text.HAL_DMA_Abort_IT)
    HAL_DMA_GetState                         0x08000655   Thumb Code     6  stm32f4xx_hal_dma.o(.text.HAL_DMA_GetState)
    HAL_DMA_IRQHandler                       0x0800065d   Thumb Code   392  stm32f4xx_hal_dma.o(.text.HAL_DMA_IRQHandler)
    HAL_DMA_Init                             0x080007e5   Thumb Code   318  stm32f4xx_hal_dma.o(.text.HAL_DMA_Init)
    HAL_DMA_Start_IT                         0x08000925   Thumb Code   160  stm32f4xx_hal_dma.o(.text.HAL_DMA_Start_IT)
    HAL_GPIO_Init                            0x080009c5   Thumb Code   404  stm32f4xx_hal_gpio.o(.text.HAL_GPIO_Init)
    HAL_GetTick                              0x08000b59   Thumb Code    12  stm32f4xx_hal.o(.text.HAL_GetTick)
    HAL_I2C_AbortCpltCallback                0x08000b65   Thumb Code     2  stm32f4xx_hal_i2c.o(.text.HAL_I2C_AbortCpltCallback)
    HAL_I2C_AddrCallback                     0x08000b69   Thumb Code     2  stm32f4xx_hal_i2c.o(.text.HAL_I2C_AddrCallback)
    HAL_I2C_ER_IRQHandler                    0x08000b6d   Thumb Code   318  stm32f4xx_hal_i2c.o(.text.HAL_I2C_ER_IRQHandler)
    HAL_I2C_EV_IRQHandler                    0x08000cad   Thumb Code  1440  stm32f4xx_hal_i2c.o(.text.HAL_I2C_EV_IRQHandler)
    HAL_I2C_ErrorCallback                    0x0800124d   Thumb Code     2  stm32f4xx_hal_i2c.o(.text.HAL_I2C_ErrorCallback)
    HAL_I2C_Init                             0x08001251   Thumb Code   368  stm32f4xx_hal_i2c.o(.text.HAL_I2C_Init)
    HAL_I2C_ListenCpltCallback               0x080013c1   Thumb Code     2  stm32f4xx_hal_i2c.o(.text.HAL_I2C_ListenCpltCallback)
    HAL_I2C_MasterRxCpltCallback             0x080013c5   Thumb Code     2  stm32f4xx_hal_i2c.o(.text.HAL_I2C_MasterRxCpltCallback)
    HAL_I2C_MasterTxCpltCallback             0x080013c9   Thumb Code     2  stm32f4xx_hal_i2c.o(.text.HAL_I2C_MasterTxCpltCallback)
    HAL_I2C_MemRxCpltCallback                0x080013cd   Thumb Code     2  stm32f4xx_hal_i2c.o(.text.HAL_I2C_MemRxCpltCallback)
    HAL_I2C_MemTxCpltCallback                0x080013d1   Thumb Code     2  stm32f4xx_hal_i2c.o(.text.HAL_I2C_MemTxCpltCallback)
    HAL_I2C_MspInit                          0x080013d5   Thumb Code   148  i2c.o(.text.HAL_I2C_MspInit)
    HAL_I2C_SlaveRxCpltCallback              0x08001469   Thumb Code     2  stm32f4xx_hal_i2c.o(.text.HAL_I2C_SlaveRxCpltCallback)
    HAL_I2C_SlaveTxCpltCallback              0x0800146d   Thumb Code     2  stm32f4xx_hal_i2c.o(.text.HAL_I2C_SlaveTxCpltCallback)
    HAL_IncTick                              0x08001471   Thumb Code    26  stm32f4xx_hal.o(.text.HAL_IncTick)
    HAL_Init                                 0x0800148d   Thumb Code    54  stm32f4xx_hal.o(.text.HAL_Init)
    HAL_InitTick                             0x080014c5   Thumb Code   180  stm32f4xx_hal_timebase_tim.o(.text.HAL_InitTick)
    HAL_MspInit                              0x08001579   Thumb Code    66  stm32f4xx_hal_msp.o(.text.HAL_MspInit)
    HAL_NVIC_EnableIRQ                       0x080015bd   Thumb Code    34  stm32f4xx_hal_cortex.o(.text.HAL_NVIC_EnableIRQ)
    HAL_NVIC_SetPriority                     0x080015e1   Thumb Code    86  stm32f4xx_hal_cortex.o(.text.HAL_NVIC_SetPriority)
    HAL_NVIC_SetPriorityGrouping             0x08001639   Thumb Code    32  stm32f4xx_hal_cortex.o(.text.HAL_NVIC_SetPriorityGrouping)
    HAL_RCC_ClockConfig                      0x08001659   Thumb Code   352  stm32f4xx_hal_rcc.o(.text.HAL_RCC_ClockConfig)
    HAL_RCC_GetClockConfig                   0x080017b9   Thumb Code    62  stm32f4xx_hal_rcc.o(.text.HAL_RCC_GetClockConfig)
    HAL_RCC_GetPCLK1Freq                     0x080017f9   Thumb Code    38  stm32f4xx_hal_rcc.o(.text.HAL_RCC_GetPCLK1Freq)
    HAL_RCC_GetPCLK2Freq                     0x08001821   Thumb Code    38  stm32f4xx_hal_rcc.o(.text.HAL_RCC_GetPCLK2Freq)
    HAL_RCC_GetSysClockFreq                  0x08001849   Thumb Code   106  stm32f4xx_hal_rcc.o(.text.HAL_RCC_GetSysClockFreq)
    HAL_RCC_OscConfig                        0x080018b5   Thumb Code   860  stm32f4xx_hal_rcc.o(.text.HAL_RCC_OscConfig)
    HAL_TIMEx_BreakCallback                  0x08001c11   Thumb Code     2  stm32f4xx_hal_tim_ex.o(.text.HAL_TIMEx_BreakCallback)
    HAL_TIMEx_CommutCallback                 0x08001c15   Thumb Code     2  stm32f4xx_hal_tim_ex.o(.text.HAL_TIMEx_CommutCallback)
    HAL_TIMEx_ConfigBreakDeadTime            0x08001c19   Thumb Code    76  stm32f4xx_hal_tim_ex.o(.text.HAL_TIMEx_ConfigBreakDeadTime)
    HAL_TIMEx_MasterConfigSynchronization    0x08001c65   Thumb Code   188  stm32f4xx_hal_tim_ex.o(.text.HAL_TIMEx_MasterConfigSynchronization)
    HAL_TIM_Base_Init                        0x08001d21   Thumb Code    90  stm32f4xx_hal_tim.o(.text.HAL_TIM_Base_Init)
    HAL_TIM_Base_MspInit                     0x08001d7d   Thumb Code   252  tim.o(.text.HAL_TIM_Base_MspInit)
    HAL_TIM_Base_Start_IT                    0x08001e79   Thumb Code   168  stm32f4xx_hal_tim.o(.text.HAL_TIM_Base_Start_IT)
    HAL_TIM_ConfigClockSource                0x08001f21   Thumb Code   416  stm32f4xx_hal_tim.o(.text.HAL_TIM_ConfigClockSource)
    HAL_TIM_Encoder_Init                     0x080020c1   Thumb Code   178  stm32f4xx_hal_tim.o(.text.HAL_TIM_Encoder_Init)
    HAL_TIM_Encoder_MspInit                  0x08002175   Thumb Code   400  tim.o(.text.HAL_TIM_Encoder_MspInit)
    HAL_TIM_Encoder_Start_IT                 0x08002305   Thumb Code   230  stm32f4xx_hal_tim.o(.text.HAL_TIM_Encoder_Start_IT)
    HAL_TIM_IC_CaptureCallback               0x080023ed   Thumb Code     2  stm32f4xx_hal_tim.o(.text.HAL_TIM_IC_CaptureCallback)
    HAL_TIM_IRQHandler                       0x080023f1   Thumb Code   330  stm32f4xx_hal_tim.o(.text.HAL_TIM_IRQHandler)
    HAL_TIM_MspPostInit                      0x0800253d   Thumb Code   244  tim.o(.text.HAL_TIM_MspPostInit)
    HAL_TIM_OC_DelayElapsedCallback          0x08002631   Thumb Code     2  stm32f4xx_hal_tim.o(.text.HAL_TIM_OC_DelayElapsedCallback)
    HAL_TIM_PWM_ConfigChannel                0x08002635   Thumb Code   534  stm32f4xx_hal_tim.o(.text.HAL_TIM_PWM_ConfigChannel)
    HAL_TIM_PWM_Init                         0x0800284d   Thumb Code    90  stm32f4xx_hal_tim.o(.text.HAL_TIM_PWM_Init)
    HAL_TIM_PWM_MspInit                      0x080028a9   Thumb Code     2  stm32f4xx_hal_tim.o(.text.HAL_TIM_PWM_MspInit)
    HAL_TIM_PWM_PulseFinishedCallback        0x080028ad   Thumb Code     2  stm32f4xx_hal_tim.o(.text.HAL_TIM_PWM_PulseFinishedCallback)
    HAL_TIM_PWM_Start                        0x080028b1   Thumb Code   284  stm32f4xx_hal_tim.o(.text.HAL_TIM_PWM_Start)
    HAL_TIM_PeriodElapsedCallback            0x080029cd   Thumb Code   520  mg513_gmr500ppr.o(.text.HAL_TIM_PeriodElapsedCallback)
    HAL_TIM_TriggerCallback                  0x08002bdd   Thumb Code     2  stm32f4xx_hal_tim.o(.text.HAL_TIM_TriggerCallback)
    HAL_UARTEx_ReceiveToIdle_DMA             0x08002be1   Thumb Code   252  stm32f4xx_hal_uart.o(.text.HAL_UARTEx_ReceiveToIdle_DMA)
    HAL_UARTEx_RxEventCallback               0x08002cdd   Thumb Code   170  ros2_comm.o(.text.HAL_UARTEx_RxEventCallback)
    HAL_UART_ErrorCallback                   0x08002d89   Thumb Code     2  stm32f4xx_hal_uart.o(.text.HAL_UART_ErrorCallback)
    HAL_UART_IRQHandler                      0x08002d8d   Thumb Code   770  stm32f4xx_hal_uart.o(.text.HAL_UART_IRQHandler)
    HAL_UART_Init                            0x08003091   Thumb Code    96  stm32f4xx_hal_uart.o(.text.HAL_UART_Init)
    HAL_UART_MspInit                         0x080030f1   Thumb Code   438  usart.o(.text.HAL_UART_MspInit)
    HAL_UART_RxCpltCallback                  0x080032a9   Thumb Code     2  stm32f4xx_hal_uart.o(.text.HAL_UART_RxCpltCallback)
    HAL_UART_RxHalfCpltCallback              0x080032ad   Thumb Code     2  stm32f4xx_hal_uart.o(.text.HAL_UART_RxHalfCpltCallback)
    HAL_UART_Transmit_DMA                    0x080032b1   Thumb Code   134  stm32f4xx_hal_uart.o(.text.HAL_UART_Transmit_DMA)
    HAL_UART_TxCpltCallback                  0x08003339   Thumb Code     2  stm32f4xx_hal_uart.o(.text.HAL_UART_TxCpltCallback)
    HAL_UART_TxHalfCpltCallback              0x0800333d   Thumb Code     2  stm32f4xx_hal_uart.o(.text.HAL_UART_TxHalfCpltCallback)
    HardFault_Handler                        0x08003341   Thumb Code     2  stm32f4xx_it.o(.text.HardFault_Handler)
    I2C2_ER_IRQHandler                       0x08003345   Thumb Code    12  stm32f4xx_it.o(.text.I2C2_ER_IRQHandler)
    I2C2_EV_IRQHandler                       0x08003351   Thumb Code    12  stm32f4xx_it.o(.text.I2C2_EV_IRQHandler)
    MX_DMA_Init                              0x0800397d   Thumb Code    88  dma.o(.text.MX_DMA_Init)
    MX_FREERTOS_Init                         0x080039d5   Thumb Code   126  freertos.o(.text.MX_FREERTOS_Init)
    MX_GPIO_Init                             0x08003a55   Thumb Code   116  gpio.o(.text.MX_GPIO_Init)
    MX_I2C2_Init                             0x08003ac9   Thumb Code    66  i2c.o(.text.MX_I2C2_Init)
    MX_TIM10_Init                            0x08003b0d   Thumb Code   136  tim.o(.text.MX_TIM10_Init)
    MX_TIM11_Init                            0x08003b95   Thumb Code   136  tim.o(.text.MX_TIM11_Init)
    MX_TIM1_Init                             0x08003c1d   Thumb Code   338  tim.o(.text.MX_TIM1_Init)
    MX_TIM2_Init                             0x08003d71   Thumb Code   116  tim.o(.text.MX_TIM2_Init)
    MX_TIM3_Init                             0x08003de5   Thumb Code   120  tim.o(.text.MX_TIM3_Init)
    MX_TIM4_Init                             0x08003e5d   Thumb Code   120  tim.o(.text.MX_TIM4_Init)
    MX_TIM5_Init                             0x08003ed5   Thumb Code   120  tim.o(.text.MX_TIM5_Init)
    MX_TIM6_Init                             0x08003f4d   Thumb Code    82  tim.o(.text.MX_TIM6_Init)
    MX_TIM9_Init                             0x08003fa1   Thumb Code   196  tim.o(.text.MX_TIM9_Init)
    MX_USART2_UART_Init                      0x08004065   Thumb Code    60  usart.o(.text.MX_USART2_UART_Init)
    MX_USART3_UART_Init                      0x080040a1   Thumb Code    60  usart.o(.text.MX_USART3_UART_Init)
    MemManage_Handler                        0x080040dd   Thumb Code     2  stm32f4xx_it.o(.text.MemManage_Handler)
    NMI_Handler                              0x080040e1   Thumb Code     2  stm32f4xx_it.o(.text.NMI_Handler)
    PendSV_Handler                           0x080040f1   Thumb Code   100  port.o(.text.PendSV_Handler)
    SVC_Handler                              0x08004161   Thumb Code    36  port.o(.text.SVC_Handler)
    SysTick_Handler                          0x08004185   Thumb Code    30  cmsis_os2.o(.text.SysTick_Handler)
    SystemClock_Config                       0x080041a5   Thumb Code   166  main.o(.text.SystemClock_Config)
    SystemInit                               0x0800424d   Thumb Code    18  system_stm32f4xx.o(.text.SystemInit)
    TIM2_IRQHandler                          0x08004261   Thumb Code    12  stm32f4xx_it.o(.text.TIM2_IRQHandler)
    TIM3_IRQHandler                          0x0800426d   Thumb Code    12  stm32f4xx_it.o(.text.TIM3_IRQHandler)
    TIM4_IRQHandler                          0x08004279   Thumb Code    12  stm32f4xx_it.o(.text.TIM4_IRQHandler)
    TIM5_IRQHandler                          0x08004285   Thumb Code    12  stm32f4xx_it.o(.text.TIM5_IRQHandler)
    TIM6_DAC_IRQHandler                      0x08004291   Thumb Code    12  stm32f4xx_it.o(.text.TIM6_DAC_IRQHandler)
    TIM7_IRQHandler                          0x0800429d   Thumb Code    12  stm32f4xx_it.o(.text.TIM7_IRQHandler)
    TIM_Base_SetConfig                       0x080042a9   Thumb Code   308  stm32f4xx_hal_tim.o(.text.TIM_Base_SetConfig)
    USART2_IRQHandler                        0x0800470d   Thumb Code    36  stm32f4xx_it.o(.text.USART2_IRQHandler)
    USART3_IRQHandler                        0x08004731   Thumb Code    36  stm32f4xx_it.o(.text.USART3_IRQHandler)
    UsageFault_Handler                       0x08004755   Thumb Code     2  stm32f4xx_it.o(.text.UsageFault_Handler)
    ODOM_Motor::Analysis(float)              0x08004781   Thumb Code   336  odom_mg513.o(.text._ZN10ODOM_Motor8AnalysisEf)
    PID_Controller::All_Device_Init()        0x080048e5   Thumb Code   220  pid_user.o(.text._ZN14PID_Controller15All_Device_InitEv)
    PID_Controller::CORE::PID_Calc(pid_type_def*, float, float) 0x080049d5   Thumb Code   356  pid.o(.text._ZN14PID_Controller4CORE8PID_CalcEP12pid_type_defff)
    PID_Controller::CORE::PID_Init(pid_type_def*, unsigned char, float const*, float, float) 0x08004b3d   Thumb Code    46  pid.o(.text._ZN14PID_Controller4CORE8PID_InitEP12pid_type_defhPKfff)
    PID_Controller::MOTOR::Velocity_Realize(float, int) 0x08004b6d   Thumb Code    58  pid_user.o(.text._ZN14PID_Controller5MOTOR16Velocity_RealizeEfi)
    MG513_GMR500PPR::AT8236_Cmd::PWM_Pulse_CMD(int) 0x08004ba9   Thumb Code   194  mg513_gmr500ppr.o(.text._ZN15MG513_GMR500PPR10AT8236_Cmd13PWM_Pulse_CMDEi)
    MG513_GMR500PPR::AT8236_Cmd::Init(TIM_HandleTypeDef*, unsigned int, TIM_HandleTypeDef*, unsigned int) 0x08004c6d   Thumb Code    44  mg513_gmr500ppr.o(.text._ZN15MG513_GMR500PPR10AT8236_Cmd4InitEP17TIM_HandleTypeDefjS2_j)
    MG513_GMR500PPR::Encoder::motor_message_filtering(Encoder_TypeDef*, Motor_TypeDef*, float, unsigned char) 0x08004c99   Thumb Code   360  mg513_gmr500ppr.o(.text._ZN15MG513_GMR500PPR7Encoder23motor_message_filteringEP15Encoder_TypeDefP13Motor_TypeDeffh)
    MG513_GMR500PPR::Encoder::Init(TIM_HandleTypeDef*) 0x08004e19   Thumb Code    26  mg513_gmr500ppr.o(.text._ZN15MG513_GMR500PPR7Encoder4InitEP17TIM_HandleTypeDef)
    UDB::RX::Data_Analysis(unsigned char*, short, short, short, short, short, short) 0x08004e35   Thumb Code   168  udb.o(.text._ZN3UDB2RX13Data_AnalysisEPhssssss)
    SERIAL::RX::Buffer_Sep(short, short, short, short, short) 0x08004edd   Thumb Code   196  serial_pack.o(.text._ZN6SERIAL2RX10Buffer_SepEsssss)
    SERIAL::RX::Data_Analysis(unsigned char*, unsigned char, short, short, short, short, short) 0x08004fa1   Thumb Code   370  serial_pack.o(.text._ZN6SERIAL2RX13Data_AnalysisEPhhsssss)
    SERIAL::TX::Data_Pack(unsigned char, bool*, short, signed char*, short, short*, short, int*, short, float*, short) 0x08005115   Thumb Code   428  serial_pack.o(.text._ZN6SERIAL2TX9Data_PackEhPbsPasPssPisPfs)
    CHASSIS::Chassis_Loop_Out()              0x080052c1   Thumb Code    96  chassis_api.o(.text._ZN7CHASSIS16Chassis_Loop_OutEv)
    CHASSIS::Chassis_Pose_Analysis()         0x08005321   Thumb Code     2  chassis_api.o(.text._ZN7CHASSIS21Chassis_Pose_AnalysisEv)
    CHASSIS::Chassis_Kinematics_Calc()       0x08005329   Thumb Code   280  chassis_api.o(.text._ZN7CHASSIS23Chassis_Kinematics_CalcEv)
    CHASSIS::Remote_Control_Chassis_Mode()   0x0800544d   Thumb Code   140  chassis_api.o(.text._ZN7CHASSIS27Remote_Control_Chassis_ModeEv)
    CHASSIS::Remote_Control_Chassis_Set_Mode() 0x080054e1   Thumb Code    60  chassis_api.o(.text._ZN7CHASSIS31Remote_Control_Chassis_Set_ModeEv)
    arm_cos_f32                              0x0800551d   Thumb Code   152  arm_cos_f32.o(.text.arm_cos_f32)
    arm_sin_f32                              0x080055b5   Thumb Code   144  arm_sin_f32.o(.text.arm_sin_f32)
    chassis_task                             0x08005645   Thumb Code   248  chassis_task.o(.text.chassis_task)
    imu_task                                 0x0800573d   Thumb Code    10  imu_task.o(.text.imu_task)
    main                                     0x08005749   Thumb Code    82  main.o(.text.main)
    osDelayUntil                             0x0800579d   Thumb Code    52  cmsis_os2.o(.text.osDelayUntil)
    osKernelGetTickCount                     0x080057d1   Thumb Code    16  cmsis_os2.o(.text.osKernelGetTickCount)
    osKernelInitialize                       0x080057e1   Thumb Code    40  cmsis_os2.o(.text.osKernelInitialize)
    osKernelStart                            0x08005809   Thumb Code    60  cmsis_os2.o(.text.osKernelStart)
    osSemaphoreAcquire                       0x08005845   Thumb Code   102  cmsis_os2.o(.text.osSemaphoreAcquire)
    osSemaphoreNew                           0x080058ad   Thumb Code   216  cmsis_os2.o(.text.osSemaphoreNew)
    osSemaphoreRelease                       0x08005985   Thumb Code    96  cmsis_os2.o(.text.osSemaphoreRelease)
    osThreadNew                              0x080059e5   Thumb Code   190  cmsis_os2.o(.text.osThreadNew)
    pvPortMalloc                             0x0800614d   Thumb Code   416  heap_4.o(.text.pvPortMalloc)
    pvTaskIncrementMutexHeldCount            0x080062ed   Thumb Code    24  tasks.o(.text.pvTaskIncrementMutexHeldCount)
    pxPortInitialiseStack                    0x08006305   Thumb Code    36  port.o(.text.pxPortInitialiseStack)
    ros2_uart_task                           0x08006329   Thumb Code   128  ros2_comm.o(.text.ros2_uart_task)
    startup_main                             0x080063a9   Thumb Code    62  startup_main.o(.text.startup_main)
    uxListRemove                             0x080063e9   Thumb Code    36  list.o(.text.uxListRemove)
    vApplicationGetIdleTaskMemory            0x0800640d   Thumb Code    26  cmsis_os2.o(.text.vApplicationGetIdleTaskMemory)
    vApplicationGetTimerTaskMemory           0x08006429   Thumb Code    28  cmsis_os2.o(.text.vApplicationGetTimerTaskMemory)
    vListInitialise                          0x08006445   Thumb Code    22  list.o(.text.vListInitialise)
    vListInitialiseItem                      0x0800645d   Thumb Code     6  list.o(.text.vListInitialiseItem)
    vListInsert                              0x08006465   Thumb Code    58  list.o(.text.vListInsert)
    vListInsertEnd                           0x080064a1   Thumb Code    28  list.o(.text.vListInsertEnd)
    vPortEnterCritical                       0x080064d1   Thumb Code    70  port.o(.text.vPortEnterCritical)
    vPortExitCritical                        0x08006519   Thumb Code    46  port.o(.text.vPortExitCritical)
    vPortFree                                0x08006549   Thumb Code   214  heap_4.o(.text.vPortFree)
    vPortSetupTimerInterrupt                 0x08006621   Thumb Code    52  port.o(.text.vPortSetupTimerInterrupt)
    vPortValidateInterruptPriority           0x08006655   Thumb Code    98  port.o(.text.vPortValidateInterruptPriority)
    vQueueAddToRegistry                      0x080066b9   Thumb Code    40  queue.o(.text.vQueueAddToRegistry)
    vQueueDelete                             0x080066e1   Thumb Code    72  queue.o(.text.vQueueDelete)
    vQueueWaitForMessageRestricted           0x08006729   Thumb Code    70  queue.o(.text.vQueueWaitForMessageRestricted)
    vTaskDelay                               0x08006771   Thumb Code   170  tasks.o(.text.vTaskDelay)
    vTaskDelayUntil                          0x0800681d   Thumb Code   238  tasks.o(.text.vTaskDelayUntil)
    vTaskInternalSetTimeOutState             0x0800690d   Thumb Code    26  tasks.o(.text.vTaskInternalSetTimeOutState)
    vTaskMissedYield                         0x08006929   Thumb Code    14  tasks.o(.text.vTaskMissedYield)
    vTaskPlaceOnEventList                    0x08006939   Thumb Code   150  tasks.o(.text.vTaskPlaceOnEventList)
    vTaskPlaceOnEventListRestricted          0x080069d1   Thumb Code   168  tasks.o(.text.vTaskPlaceOnEventListRestricted)
    vTaskPriorityDisinheritAfterTimeout      0x08006a79   Thumb Code   164  tasks.o(.text.vTaskPriorityDisinheritAfterTimeout)
    vTaskStartScheduler                      0x08006b1d   Thumb Code   156  tasks.o(.text.vTaskStartScheduler)
    vTaskSuspend                             0x08006bc1   Thumb Code   362  tasks.o(.text.vTaskSuspend)
    vTaskSuspendAll                          0x08006d2d   Thumb Code    16  tasks.o(.text.vTaskSuspendAll)
    vTaskSwitchContext                       0x08006d3d   Thumb Code   146  tasks.o(.text.vTaskSwitchContext)
    xPortStartScheduler                      0x08006dd1   Thumb Code   302  port.o(.text.xPortStartScheduler)
    xPortSysTickHandler                      0x08006f01   Thumb Code    46  port.o(.text.xPortSysTickHandler)
    xQueueCreateCountingSemaphore            0x08006f31   Thumb Code    66  queue.o(.text.xQueueCreateCountingSemaphore)
    xQueueCreateCountingSemaphoreStatic      0x08006f75   Thumb Code    84  queue.o(.text.xQueueCreateCountingSemaphoreStatic)
    xQueueGenericCreate                      0x08006fc9   Thumb Code   130  queue.o(.text.xQueueGenericCreate)
    xQueueGenericCreateStatic                0x0800704d   Thumb Code   218  queue.o(.text.xQueueGenericCreateStatic)
    xQueueGenericSend                        0x08007129   Thumb Code   532  queue.o(.text.xQueueGenericSend)
    xQueueGiveFromISR                        0x0800733d   Thumb Code   182  queue.o(.text.xQueueGiveFromISR)
    xQueueReceive                            0x080073f5   Thumb Code   424  queue.o(.text.xQueueReceive)
    xQueueReceiveFromISR                     0x0800759d   Thumb Code   190  queue.o(.text.xQueueReceiveFromISR)
    xQueueSemaphoreTake                      0x0800765d   Thumb Code   470  queue.o(.text.xQueueSemaphoreTake)
    xTaskCheckForTimeOut                     0x08007835   Thumb Code   140  tasks.o(.text.xTaskCheckForTimeOut)
    xTaskCreate                              0x080078c1   Thumb Code   220  tasks.o(.text.xTaskCreate)
    xTaskCreateStatic                        0x0800799d   Thumb Code   234  tasks.o(.text.xTaskCreateStatic)
    xTaskGetSchedulerState                   0x08007a89   Thumb Code    38  tasks.o(.text.xTaskGetSchedulerState)
    xTaskGetTickCount                        0x08007ab1   Thumb Code    12  tasks.o(.text.xTaskGetTickCount)
    xTaskGetTickCountFromISR                 0x08007abd   Thumb Code    18  tasks.o(.text.xTaskGetTickCountFromISR)
    xTaskIncrementTick                       0x08007ad1   Thumb Code   366  tasks.o(.text.xTaskIncrementTick)
    xTaskPriorityDisinherit                  0x08007c41   Thumb Code   154  tasks.o(.text.xTaskPriorityDisinherit)
    xTaskPriorityInherit                     0x08007cdd   Thumb Code   146  tasks.o(.text.xTaskPriorityInherit)
    xTaskRemoveFromEventList                 0x08007d71   Thumb Code   142  tasks.o(.text.xTaskRemoveFromEventList)
    xTaskResumeAll                           0x08007e01   Thumb Code   308  tasks.o(.text.xTaskResumeAll)
    xTimerCreateTimerTask                    0x08007f35   Thumb Code   108  timers.o(.text.xTimerCreateTimerTask)
    __aeabi_d2f                              0x08007fa9   Thumb Code     0  d2f.o(x$fpl$d2f)
    _d2f                                     0x08007fa9   Thumb Code    98  d2f.o(x$fpl$d2f)
    __aeabi_ddiv                             0x0800800d   Thumb Code     0  ddiv.o(x$fpl$ddiv)
    _ddiv                                    0x0800800d   Thumb Code   560  ddiv.o(x$fpl$ddiv)
    __aeabi_i2d                              0x080082c5   Thumb Code     0  dflt_clz.o(x$fpl$dflt)
    _dflt                                    0x080082c5   Thumb Code    46  dflt_clz.o(x$fpl$dflt)
    __aeabi_ui2d                             0x080082f3   Thumb Code     0  dflt_clz.o(x$fpl$dfltu)
    _dfltu                                   0x080082f3   Thumb Code    38  dflt_clz.o(x$fpl$dfltu)
    __aeabi_dmul                             0x08008319   Thumb Code     0  dmul.o(x$fpl$dmul)
    _dmul                                    0x08008319   Thumb Code   332  dmul.o(x$fpl$dmul)
    __fpl_dnaninf                            0x0800846d   Thumb Code   156  dnaninf.o(x$fpl$dnaninf)
    __fpl_dretinf                            0x08008509   Thumb Code    12  dretinf.o(x$fpl$dretinf)
    __aeabi_f2d                              0x08008515   Thumb Code     0  f2d.o(x$fpl$f2d)
    _f2d                                     0x08008515   Thumb Code    86  f2d.o(x$fpl$f2d)
    __fpl_fnaninf                            0x0800856b   Thumb Code   140  fnaninf.o(x$fpl$fnaninf)
    _fp_init                                 0x080085f7   Thumb Code    26  fpinit.o(x$fpl$fpinit)
    __fplib_config_fpu_vfp                   0x0800860f   Thumb Code     0  fpinit.o(x$fpl$fpinit)
    __fplib_config_pureend_doubles           0x0800860f   Thumb Code     0  fpinit.o(x$fpl$fpinit)
    __fpl_fretinf                            0x08008611   Thumb Code    10  fretinf.o(x$fpl$fretinf)
    AHBPrescTable                            0x0800861a   Data          16  system_stm32f4xx.o(.rodata.AHBPrescTable)
    __I$use$fp                               0x0800861a   Number         0  usenofp.o(x$fpl$usenofp)
    APBPrescTable                            0x0800862a   Data           8  system_stm32f4xx.o(.rodata.APBPrescTable)
    CHASSIS_TASK_attributes                  0x08008634   Data          36  freertos.o(.rodata.CHASSIS_TASK_attributes)
    IMU_TASK_attributes                      0x08008658   Data          36  freertos.o(.rodata.IMU_TASK_attributes)
    MOTOR_ROS2_Semap_attributes              0x0800867c   Data          16  freertos.o(.rodata.MOTOR_ROS2_Semap_attributes)
    ROS2_UART_TASK_attributes                0x0800868c   Data          36  freertos.o(.rodata.ROS2_UART_TASK_attributes)
    sinTable_f32                             0x080086b8   Data        2052  arm_common_tables.o(.rodata.sinTable_f32)
    Region$$Table$$Base                      0x08008ef4   Number         0  anon$$obj.o(Region$$Table)
    Region$$Table$$Limit                     0x08008f14   Number         0  anon$$obj.o(Region$$Table)
    SHT$$INIT_ARRAY$$Base                    0x08008f14   Number         0  mg513_gmr500ppr.o(.init_array)
    SHT$$INIT_ARRAY$$Limit                   0x08008f18   Number         0  init_aeabi.o(.init_array)
    Alex_Spacing                             0x20000000   Data           4  chassis_api.o(.data.Alex_Spacing)
    SystemCoreClock                          0x20000004   Data           4  system_stm32f4xx.o(.data.SystemCoreClock)
    Wheel_Radius                             0x20000008   Data           4  chassis_api.o(.data.Wheel_Radius)
    Wheel_Spacing                            0x2000000c   Data           4  chassis_api.o(.data.Wheel_Spacing)
    m513_position_pid                        0x20000010   Data          12  pid_user.o(.data.m513_position_pid)
    mg513_speed_pid                          0x2000001c   Data          12  pid_user.o(.data.mg513_speed_pid)
    motor_pos_x_pid                          0x20000028   Data          12  pid_user.o(.data.motor_pos_x_pid)
    motor_pos_y_pid                          0x20000034   Data          12  pid_user.o(.data.motor_pos_y_pid)
    motor_yaw_pid                            0x20000040   Data          12  pid_user.o(.data.motor_yaw_pid)
    uwTickFreq                               0x2000004c   Data           1  stm32f4xx_hal.o(.data.uwTickFreq)
    uwTickPrio                               0x20000050   Data           4  stm32f4xx_hal.o(.data.uwTickPrio)
    __libspace_start                         0x20000058   Data          96  libspace.o(.bss)
    CHASSIS_TASKHandle                       0x200000b8   Data           4  freertos.o(.bss.CHASSIS_TASKHandle)
    __temporary_stack_top$libspace           0x200000b8   Data           0  libspace.o(.bss)
    IMU_TASKHandle                           0x200000bc   Data           4  freertos.o(.bss.IMU_TASKHandle)
    MOTOR_ROS2_SemapHandle                   0x200000c4   Data           4  freertos.o(.bss.MOTOR_ROS2_SemapHandle)
    ROS2_UART_TASKHandle                     0x200000c8   Data           4  freertos.o(.bss.ROS2_UART_TASKHandle)
    chassis                                  0x200000d6   Data          73  chassis_api.o(.bss.chassis)
    cmd_vel_                                 0x20000120   Data          24  ros2_comm.o(.bss.cmd_vel_)
    hdma_usart2_rx                           0x20000138   Data          96  usart.o(.bss.hdma_usart2_rx)
    hdma_usart3_rx                           0x20000198   Data          96  usart.o(.bss.hdma_usart3_rx)
    hdma_usart3_tx                           0x200001f8   Data          96  usart.o(.bss.hdma_usart3_tx)
    hi2c2                                    0x20000258   Data          84  i2c.o(.bss.hi2c2)
    htim1                                    0x200002ac   Data          72  tim.o(.bss.htim1)
    htim10                                   0x200002f4   Data          72  tim.o(.bss.htim10)
    htim11                                   0x2000033c   Data          72  tim.o(.bss.htim11)
    htim2                                    0x20000384   Data          72  tim.o(.bss.htim2)
    htim3                                    0x200003cc   Data          72  tim.o(.bss.htim3)
    htim4                                    0x20000414   Data          72  tim.o(.bss.htim4)
    htim5                                    0x2000045c   Data          72  tim.o(.bss.htim5)
    htim6                                    0x200004a4   Data          72  tim.o(.bss.htim6)
    htim7                                    0x200004ec   Data          72  stm32f4xx_hal_timebase_tim.o(.bss.htim7)
    htim9                                    0x20000534   Data          72  tim.o(.bss.htim9)
    huart2                                   0x2000057c   Data          72  usart.o(.bss.huart2)
    huart3                                   0x200005c4   Data          72  usart.o(.bss.huart3)
    mg513_gmr500ppr_motor                    0x2000060c   Data         576  mg513_gmr500ppr.o(.bss.mg513_gmr500ppr_motor)
    odom_motor_                              0x2000084c   Data          44  odom_mg513.o(.bss.odom_motor_)
    pid_controller                           0x20000878   Data           3  pid_user.o(.bss.pid_controller)
    pid_pos_1                                0x2000087c   Data         288  pid_user.o(.bss.pid_pos_1)
    pid_pos_x                                0x2000099c   Data          72  pid_user.o(.bss.pid_pos_x)
    pid_pos_y                                0x200009e4   Data          72  pid_user.o(.bss.pid_pos_y)
    pid_v_1                                  0x20000a2c   Data         288  pid_user.o(.bss.pid_v_1)
    pid_yaw                                  0x20000b4c   Data          72  pid_user.o(.bss.pid_yaw)
    pxCurrentTCB                             0x20000c88   Data           4  tasks.o(.bss.pxCurrentTCB)
    ros2_rx_buffer                           0x20001100   Data          39  ros2_comm.o(.bss.ros2_rx_buffer)
    serial_pack_                             0x20001128   Data         376  serial_pack.o(.bss.serial_pack_)
    udb                                      0x20004ea4   Data          44  udb.o(.bss.udb)
    udb_rx_buffer                            0x20004ed0   Data          12  udb.o(.bss.udb_rx_buffer)
    uwTick                                   0x20004ee0   Data           4  stm32f4xx_hal.o(.bss.uwTick)
    xQueueRegistry                           0x20005638   Data          64  queue.o(.bss.xQueueRegistry)



==============================================================================

Memory Map of the image

  Image Entry point : 0x08000189

  Load Region LR_IROM1 (Base: 0x08000000, Size: 0x00008f70, Max: 0x00080000, ABSOLUTE)

    Execution Region ER_IROM1 (Exec base: 0x08000000, Load base: 0x08000000, Size: 0x00008f18, Max: 0x00080000, ABSOLUTE)

    Exec Addr    Load Addr    Size         Type   Attr      Idx    E Section Name        Object

    0x08000000   0x08000000   0x00000188   Data   RO            3    RESET               startup_stm32f407xx.o
    0x08000188   0x08000188   0x00000008   Code   RO         2240  * !!!main             c_w.l(__main.o)
    0x08000190   0x08000190   0x0000005c   Code   RO         2615    !!!scatter          c_w.l(__scatter.o)
    0x080001ec   0x080001ec   0x0000001a   Code   RO         2619    !!handler_copy      c_w.l(__scatter_copy.o)
    0x08000206   0x08000206   0x00000002   PAD
    0x08000208   0x08000208   0x00000002   Code   RO         2616    !!handler_null      c_w.l(__scatter.o)
    0x0800020a   0x0800020a   0x00000002   PAD
    0x0800020c   0x0800020c   0x0000001c   Code   RO         2621    !!handler_zi        c_w.l(__scatter_zi.o)
    0x08000228   0x08000228   0x00000002   Code   RO         2548    .ARM.Collect$$libinit$$00000000  c_w.l(libinit.o)
    0x0800022a   0x0800022a   0x00000004   Code   RO         2333    .ARM.Collect$$libinit$$00000001  c_w.l(libinit2.o)
    0x0800022e   0x0800022e   0x00000000   Code   RO         2336    .ARM.Collect$$libinit$$00000004  c_w.l(libinit2.o)
    0x0800022e   0x0800022e   0x00000000   Code   RO         2338    .ARM.Collect$$libinit$$00000006  c_w.l(libinit2.o)
    0x0800022e   0x0800022e   0x00000000   Code   RO         2341    .ARM.Collect$$libinit$$0000000C  c_w.l(libinit2.o)
    0x0800022e   0x0800022e   0x00000000   Code   RO         2343    .ARM.Collect$$libinit$$0000000E  c_w.l(libinit2.o)
    0x0800022e   0x0800022e   0x00000000   Code   RO         2345    .ARM.Collect$$libinit$$00000010  c_w.l(libinit2.o)
    0x0800022e   0x0800022e   0x00000000   Code   RO         2348    .ARM.Collect$$libinit$$00000013  c_w.l(libinit2.o)
    0x0800022e   0x0800022e   0x00000000   Code   RO         2350    .ARM.Collect$$libinit$$00000015  c_w.l(libinit2.o)
    0x0800022e   0x0800022e   0x00000000   Code   RO         2352    .ARM.Collect$$libinit$$00000017  c_w.l(libinit2.o)
    0x0800022e   0x0800022e   0x00000000   Code   RO         2354    .ARM.Collect$$libinit$$00000019  c_w.l(libinit2.o)
    0x0800022e   0x0800022e   0x00000000   Code   RO         2356    .ARM.Collect$$libinit$$0000001B  c_w.l(libinit2.o)
    0x0800022e   0x0800022e   0x00000000   Code   RO         2358    .ARM.Collect$$libinit$$0000001D  c_w.l(libinit2.o)
    0x0800022e   0x0800022e   0x00000000   Code   RO         2360    .ARM.Collect$$libinit$$0000001F  c_w.l(libinit2.o)
    0x0800022e   0x0800022e   0x00000000   Code   RO         2362    .ARM.Collect$$libinit$$00000021  c_w.l(libinit2.o)
    0x0800022e   0x0800022e   0x00000000   Code   RO         2364    .ARM.Collect$$libinit$$00000023  c_w.l(libinit2.o)
    0x0800022e   0x0800022e   0x00000000   Code   RO         2366    .ARM.Collect$$libinit$$00000025  c_w.l(libinit2.o)
    0x0800022e   0x0800022e   0x00000000   Code   RO         2368    .ARM.Collect$$libinit$$00000027  c_w.l(libinit2.o)
    0x0800022e   0x0800022e   0x00000000   Code   RO         2372    .ARM.Collect$$libinit$$0000002E  c_w.l(libinit2.o)
    0x0800022e   0x0800022e   0x00000000   Code   RO         2374    .ARM.Collect$$libinit$$00000030  c_w.l(libinit2.o)
    0x0800022e   0x0800022e   0x00000000   Code   RO         2376    .ARM.Collect$$libinit$$00000032  c_w.l(libinit2.o)
    0x0800022e   0x0800022e   0x00000004   Code   RO         2377    .ARM.Collect$$libinit$$00000033  c_w.l(libinit2.o)
    0x08000232   0x08000232   0x00000000   Code   RO         2378    .ARM.Collect$$libinit$$00000034  c_w.l(libinit2.o)
    0x08000232   0x08000232   0x00000002   Code   RO         2379    .ARM.Collect$$libinit$$00000035  c_w.l(libinit2.o)
    0x08000234   0x08000234   0x00000002   Code   RO         2596    .ARM.Collect$$libshutdown$$00000000  c_w.l(libshutdown.o)
    0x08000236   0x08000236   0x00000000   Code   RO         2598    .ARM.Collect$$libshutdown$$00000002  c_w.l(libshutdown2.o)
    0x08000236   0x08000236   0x00000000   Code   RO         2600    .ARM.Collect$$libshutdown$$00000004  c_w.l(libshutdown2.o)
    0x08000236   0x08000236   0x00000000   Code   RO         2603    .ARM.Collect$$libshutdown$$00000007  c_w.l(libshutdown2.o)
    0x08000236   0x08000236   0x00000000   Code   RO         2606    .ARM.Collect$$libshutdown$$0000000A  c_w.l(libshutdown2.o)
    0x08000236   0x08000236   0x00000000   Code   RO         2608    .ARM.Collect$$libshutdown$$0000000C  c_w.l(libshutdown2.o)
    0x08000236   0x08000236   0x00000000   Code   RO         2611    .ARM.Collect$$libshutdown$$0000000F  c_w.l(libshutdown2.o)
    0x08000236   0x08000236   0x00000002   Code   RO         2612    .ARM.Collect$$libshutdown$$00000010  c_w.l(libshutdown2.o)
    0x08000238   0x08000238   0x00000000   Code   RO         2322    .ARM.Collect$$rtentry$$00000000  c_w.l(__rtentry.o)
    0x08000238   0x08000238   0x00000000   Code   RO         2489    .ARM.Collect$$rtentry$$00000002  c_w.l(__rtentry2.o)
    0x08000238   0x08000238   0x00000006   Code   RO         2501    .ARM.Collect$$rtentry$$00000004  c_w.l(__rtentry4.o)
    0x0800023e   0x0800023e   0x00000000   Code   RO         2491    .ARM.Collect$$rtentry$$00000009  c_w.l(__rtentry2.o)
    0x0800023e   0x0800023e   0x00000004   Code   RO         2492    .ARM.Collect$$rtentry$$0000000A  c_w.l(__rtentry2.o)
    0x08000242   0x08000242   0x00000000   Code   RO         2494    .ARM.Collect$$rtentry$$0000000C  c_w.l(__rtentry2.o)
    0x08000242   0x08000242   0x00000008   Code   RO         2495    .ARM.Collect$$rtentry$$0000000D  c_w.l(__rtentry2.o)
    0x0800024a   0x0800024a   0x00000002   Code   RO         2553    .ARM.Collect$$rtexit$$00000000  c_w.l(rtexit.o)
    0x0800024c   0x0800024c   0x00000000   Code   RO         2572    .ARM.Collect$$rtexit$$00000002  c_w.l(rtexit2.o)
    0x0800024c   0x0800024c   0x00000004   Code   RO         2573    .ARM.Collect$$rtexit$$00000003  c_w.l(rtexit2.o)
    0x08000250   0x08000250   0x00000006   Code   RO         2574    .ARM.Collect$$rtexit$$00000004  c_w.l(rtexit2.o)
    0x08000256   0x08000256   0x00000002   PAD
    0x08000258   0x08000258   0x00000040   Code   RO            4    .text               startup_stm32f407xx.o
    0x08000298   0x08000298   0x000000f0   Code   RO         2226    .text               c_w.l(lludivv7m.o)
    0x08000388   0x08000388   0x0000008a   Code   RO         2228    .text               c_w.l(rt_memcpy_v6.o)
    0x08000412   0x08000412   0x00000010   Code   RO         2232    .text               c_w.l(aeabi_memset4.o)
    0x08000422   0x08000422   0x0000004e   Code   RO         2236    .text               c_w.l(rt_memclr_w.o)
    0x08000470   0x08000470   0x00000006   Code   RO         2238    .text               c_w.l(heapauxi.o)
    0x08000476   0x08000476   0x00000002   PAD
    0x08000478   0x08000478   0x0000002c   Code   RO         2245    .text               c_w.l(init_aeabi.o)
    0x080004a4   0x080004a4   0x00000064   Code   RO         2331    .text               c_w.l(rt_memcpy_w.o)
    0x08000508   0x08000508   0x0000000c   Code   RO         2484    .text               c_w.l(sys_exit.o)
    0x08000514   0x08000514   0x00000008   Code   RO         2519    .text               c_w.l(libspace.o)
    0x0800051c   0x0800051c   0x00000002   Code   RO         2522    .text               c_w.l(use_no_semi.o)
    0x0800051e   0x0800051e   0x00000000   Code   RO         2524    .text               c_w.l(indicate_semi.o)
    0x0800051e   0x0800051e   0x0000004a   Code   RO         2525    .text               c_w.l(sys_stackheap_outer.o)
    0x08000568   0x08000568   0x00000012   Code   RO         2529    .text               c_w.l(exit.o)
    0x0800057a   0x0800057a   0x00000002   PAD
    0x0800057c   0x0800057c   0x00000002   Code   RO          154    .text.BusFault_Handler  stm32f4xx_it.o
    0x0800057e   0x0800057e   0x00000002   PAD
    0x08000580   0x08000580   0x0000000c   Code   RO          160    .text.DMA1_Stream1_IRQHandler  stm32f4xx_it.o
    0x0800058c   0x0800058c   0x0000000c   Code   RO          162    .text.DMA1_Stream3_IRQHandler  stm32f4xx_it.o
    0x08000598   0x08000598   0x0000000c   Code   RO          164    .text.DMA1_Stream5_IRQHandler  stm32f4xx_it.o
    0x080005a4   0x080005a4   0x00000002   Code   RO          158    .text.DebugMon_Handler  stm32f4xx_it.o
    0x080005a6   0x080005a6   0x00000002   PAD
    0x080005a8   0x080005a8   0x00000006   Code   RO           15    .text.Error_Handler  main.o
    0x080005ae   0x080005ae   0x00000002   PAD
    0x080005b0   0x080005b0   0x00000080   Code   RO          700    .text.HAL_DMA_Abort  stm32f4xx_hal_dma.o
    0x08000630   0x08000630   0x00000024   Code   RO          702    .text.HAL_DMA_Abort_IT  stm32f4xx_hal_dma.o
    0x08000654   0x08000654   0x00000006   Code   RO          712    .text.HAL_DMA_GetState  stm32f4xx_hal_dma.o
    0x0800065a   0x0800065a   0x00000002   PAD
    0x0800065c   0x0800065c   0x00000188   Code   RO          706    .text.HAL_DMA_IRQHandler  stm32f4xx_hal_dma.o
    0x080007e4   0x080007e4   0x0000013e   Code   RO          692    .text.HAL_DMA_Init  stm32f4xx_hal_dma.o
    0x08000922   0x08000922   0x00000002   PAD
    0x08000924   0x08000924   0x000000a0   Code   RO          698    .text.HAL_DMA_Start_IT  stm32f4xx_hal_dma.o
    0x080009c4   0x080009c4   0x00000194   Code   RO          654    .text.HAL_GPIO_Init  stm32f4xx_hal_gpio.o
    0x08000b58   0x08000b58   0x0000000c   Code   RO          851    .text.HAL_GetTick   stm32f4xx_hal.o
    0x08000b64   0x08000b64   0x00000002   Code   RO         1046    .text.HAL_I2C_AbortCpltCallback  stm32f4xx_hal_i2c.o
    0x08000b66   0x08000b66   0x00000002   PAD
    0x08000b68   0x08000b68   0x00000002   Code   RO         1036    .text.HAL_I2C_AddrCallback  stm32f4xx_hal_i2c.o
    0x08000b6a   0x08000b6a   0x00000002   PAD
    0x08000b6c   0x08000b6c   0x0000013e   Code   RO         1026    .text.HAL_I2C_ER_IRQHandler  stm32f4xx_hal_i2c.o
    0x08000caa   0x08000caa   0x00000002   PAD
    0x08000cac   0x08000cac   0x000005a0   Code   RO         1014    .text.HAL_I2C_EV_IRQHandler  stm32f4xx_hal_i2c.o
    0x0800124c   0x0800124c   0x00000002   Code   RO         1044    .text.HAL_I2C_ErrorCallback  stm32f4xx_hal_i2c.o
    0x0800124e   0x0800124e   0x00000002   PAD
    0x08001250   0x08001250   0x00000170   Code   RO          930    .text.HAL_I2C_Init  stm32f4xx_hal_i2c.o
    0x080013c0   0x080013c0   0x00000002   Code   RO         1038    .text.HAL_I2C_ListenCpltCallback  stm32f4xx_hal_i2c.o
    0x080013c2   0x080013c2   0x00000002   PAD
    0x080013c4   0x080013c4   0x00000002   Code   RO         1030    .text.HAL_I2C_MasterRxCpltCallback  stm32f4xx_hal_i2c.o
    0x080013c6   0x080013c6   0x00000002   PAD
    0x080013c8   0x080013c8   0x00000002   Code   RO         1028    .text.HAL_I2C_MasterTxCpltCallback  stm32f4xx_hal_i2c.o
    0x080013ca   0x080013ca   0x00000002   PAD
    0x080013cc   0x080013cc   0x00000002   Code   RO         1042    .text.HAL_I2C_MemRxCpltCallback  stm32f4xx_hal_i2c.o
    0x080013ce   0x080013ce   0x00000002   PAD
    0x080013d0   0x080013d0   0x00000002   Code   RO         1040    .text.HAL_I2C_MemTxCpltCallback  stm32f4xx_hal_i2c.o
    0x080013d2   0x080013d2   0x00000002   PAD
    0x080013d4   0x080013d4   0x00000094   Code   RO           69    .text.HAL_I2C_MspInit  i2c.o
    0x08001468   0x08001468   0x00000002   Code   RO         1034    .text.HAL_I2C_SlaveRxCpltCallback  stm32f4xx_hal_i2c.o
    0x0800146a   0x0800146a   0x00000002   PAD
    0x0800146c   0x0800146c   0x00000002   Code   RO         1032    .text.HAL_I2C_SlaveTxCpltCallback  stm32f4xx_hal_i2c.o
    0x0800146e   0x0800146e   0x00000002   PAD
    0x08001470   0x08001470   0x0000001a   Code   RO          849    .text.HAL_IncTick   stm32f4xx_hal.o
    0x0800148a   0x0800148a   0x00000002   PAD
    0x0800148c   0x0800148c   0x00000036   Code   RO          839    .text.HAL_Init      stm32f4xx_hal.o
    0x080014c2   0x080014c2   0x00000002   PAD
    0x080014c4   0x080014c4   0x000000b4   Code   RO          202    .text.HAL_InitTick  stm32f4xx_hal_timebase_tim.o
    0x08001578   0x08001578   0x00000042   Code   RO          193    .text.HAL_MspInit   stm32f4xx_hal_msp.o
    0x080015ba   0x080015ba   0x00000002   PAD
    0x080015bc   0x080015bc   0x00000022   Code   RO          791    .text.HAL_NVIC_EnableIRQ  stm32f4xx_hal_cortex.o
    0x080015de   0x080015de   0x00000002   PAD
    0x080015e0   0x080015e0   0x00000056   Code   RO          789    .text.HAL_NVIC_SetPriority  stm32f4xx_hal_cortex.o
    0x08001636   0x08001636   0x00000002   PAD
    0x08001638   0x08001638   0x00000020   Code   RO          787    .text.HAL_NVIC_SetPriorityGrouping  stm32f4xx_hal_cortex.o
    0x08001658   0x08001658   0x00000160   Code   RO          548    .text.HAL_RCC_ClockConfig  stm32f4xx_hal_rcc.o
    0x080017b8   0x080017b8   0x0000003e   Code   RO          566    .text.HAL_RCC_GetClockConfig  stm32f4xx_hal_rcc.o
    0x080017f6   0x080017f6   0x00000002   PAD
    0x080017f8   0x080017f8   0x00000026   Code   RO          560    .text.HAL_RCC_GetPCLK1Freq  stm32f4xx_hal_rcc.o
    0x0800181e   0x0800181e   0x00000002   PAD
    0x08001820   0x08001820   0x00000026   Code   RO          562    .text.HAL_RCC_GetPCLK2Freq  stm32f4xx_hal_rcc.o
    0x08001846   0x08001846   0x00000002   PAD
    0x08001848   0x08001848   0x0000006a   Code   RO          550    .text.HAL_RCC_GetSysClockFreq  stm32f4xx_hal_rcc.o
    0x080018b2   0x080018b2   0x00000002   PAD
    0x080018b4   0x080018b4   0x0000035c   Code   RO          546    .text.HAL_RCC_OscConfig  stm32f4xx_hal_rcc.o
    0x08001c10   0x08001c10   0x00000002   Code   RO          530    .text.HAL_TIMEx_BreakCallback  stm32f4xx_hal_tim_ex.o
    0x08001c12   0x08001c12   0x00000002   PAD
    0x08001c14   0x08001c14   0x00000002   Code   RO          526    .text.HAL_TIMEx_CommutCallback  stm32f4xx_hal_tim_ex.o
    0x08001c16   0x08001c16   0x00000002   PAD
    0x08001c18   0x08001c18   0x0000004c   Code   RO          522    .text.HAL_TIMEx_ConfigBreakDeadTime  stm32f4xx_hal_tim_ex.o
    0x08001c64   0x08001c64   0x000000bc   Code   RO          520    .text.HAL_TIMEx_MasterConfigSynchronization  stm32f4xx_hal_tim_ex.o
    0x08001d20   0x08001d20   0x0000005a   Code   RO          225    .text.HAL_TIM_Base_Init  stm32f4xx_hal_tim.o
    0x08001d7a   0x08001d7a   0x00000002   PAD
    0x08001d7c   0x08001d7c   0x000000fc   Code   RO          102    .text.HAL_TIM_Base_MspInit  tim.o
    0x08001e78   0x08001e78   0x000000a8   Code   RO          239    .text.HAL_TIM_Base_Start_IT  stm32f4xx_hal_tim.o
    0x08001f20   0x08001f20   0x000001a0   Code   RO          405    .text.HAL_TIM_ConfigClockSource  stm32f4xx_hal_tim.o
    0x080020c0   0x080020c0   0x000000b2   Code   RO          339    .text.HAL_TIM_Encoder_Init  stm32f4xx_hal_tim.o
    0x08002172   0x08002172   0x00000002   PAD
    0x08002174   0x08002174   0x00000190   Code   RO          104    .text.HAL_TIM_Encoder_MspInit  tim.o
    0x08002304   0x08002304   0x000000e6   Code   RO          351    .text.HAL_TIM_Encoder_Start_IT  stm32f4xx_hal_tim.o
    0x080023ea   0x080023ea   0x00000002   PAD
    0x080023ec   0x080023ec   0x00000002   Code   RO          361    .text.HAL_TIM_IC_CaptureCallback  stm32f4xx_hal_tim.o
    0x080023ee   0x080023ee   0x00000002   PAD
    0x080023f0   0x080023f0   0x0000014a   Code   RO          359    .text.HAL_TIM_IRQHandler  stm32f4xx_hal_tim.o
    0x0800253a   0x0800253a   0x00000002   PAD
    0x0800253c   0x0800253c   0x000000f4   Code   RO           84    .text.HAL_TIM_MspPostInit  tim.o
    0x08002630   0x08002630   0x00000002   Code   RO          363    .text.HAL_TIM_OC_DelayElapsedCallback  stm32f4xx_hal_tim.o
    0x08002632   0x08002632   0x00000002   PAD
    0x08002634   0x08002634   0x00000216   Code   RO          379    .text.HAL_TIM_PWM_ConfigChannel  stm32f4xx_hal_tim.o
    0x0800284a   0x0800284a   0x00000002   PAD
    0x0800284c   0x0800284c   0x0000005a   Code   RO          279    .text.HAL_TIM_PWM_Init  stm32f4xx_hal_tim.o
    0x080028a6   0x080028a6   0x00000002   PAD
    0x080028a8   0x080028a8   0x00000002   Code   RO          281    .text.HAL_TIM_PWM_MspInit  stm32f4xx_hal_tim.o
    0x080028aa   0x080028aa   0x00000002   PAD
    0x080028ac   0x080028ac   0x00000002   Code   RO          365    .text.HAL_TIM_PWM_PulseFinishedCallback  stm32f4xx_hal_tim.o
    0x080028ae   0x080028ae   0x00000002   PAD
    0x080028b0   0x080028b0   0x0000011c   Code   RO          287    .text.HAL_TIM_PWM_Start  stm32f4xx_hal_tim.o
    0x080029cc   0x080029cc   0x00000210   Code   RO         1802    .text.HAL_TIM_PeriodElapsedCallback  mg513_gmr500ppr.o
    0x08002bdc   0x08002bdc   0x00000002   Code   RO          369    .text.HAL_TIM_TriggerCallback  stm32f4xx_hal_tim.o
    0x08002bde   0x08002bde   0x00000002   PAD
    0x08002be0   0x08002be0   0x000000fc   Code   RO         1113    .text.HAL_UARTEx_ReceiveToIdle_DMA  stm32f4xx_hal_uart.o
    0x08002cdc   0x08002cdc   0x000000aa   Code   RO         1982    .text.HAL_UARTEx_RxEventCallback  ros2_comm.o
    0x08002d86   0x08002d86   0x00000002   PAD
    0x08002d88   0x08002d88   0x00000002   Code   RO         1149    .text.HAL_UART_ErrorCallback  stm32f4xx_hal_uart.o
    0x08002d8a   0x08002d8a   0x00000002   PAD
    0x08002d8c   0x08002d8c   0x00000302   Code   RO         1143    .text.HAL_UART_IRQHandler  stm32f4xx_hal_uart.o
    0x0800308e   0x0800308e   0x00000002   PAD
    0x08003090   0x08003090   0x00000060   Code   RO         1065    .text.HAL_UART_Init  stm32f4xx_hal_uart.o
    0x080030f0   0x080030f0   0x000001b6   Code   RO          131    .text.HAL_UART_MspInit  usart.o
    0x080032a6   0x080032a6   0x00000002   PAD
    0x080032a8   0x080032a8   0x00000002   Code   RO         1157    .text.HAL_UART_RxCpltCallback  stm32f4xx_hal_uart.o
    0x080032aa   0x080032aa   0x00000002   PAD
    0x080032ac   0x080032ac   0x00000002   Code   RO         1159    .text.HAL_UART_RxHalfCpltCallback  stm32f4xx_hal_uart.o
    0x080032ae   0x080032ae   0x00000002   PAD
    0x080032b0   0x080032b0   0x00000086   Code   RO         1091    .text.HAL_UART_Transmit_DMA  stm32f4xx_hal_uart.o
    0x08003336   0x08003336   0x00000002   PAD
    0x08003338   0x08003338   0x00000002   Code   RO         1153    .text.HAL_UART_TxCpltCallback  stm32f4xx_hal_uart.o
    0x0800333a   0x0800333a   0x00000002   PAD
    0x0800333c   0x0800333c   0x00000002   Code   RO         1155    .text.HAL_UART_TxHalfCpltCallback  stm32f4xx_hal_uart.o
    0x0800333e   0x0800333e   0x00000002   PAD
    0x08003340   0x08003340   0x00000002   Code   RO          150    .text.HardFault_Handler  stm32f4xx_it.o
    0x08003342   0x08003342   0x00000002   PAD
    0x08003344   0x08003344   0x0000000c   Code   RO          174    .text.I2C2_ER_IRQHandler  stm32f4xx_it.o
    0x08003350   0x08003350   0x0000000c   Code   RO          172    .text.I2C2_EV_IRQHandler  stm32f4xx_it.o
    0x0800335c   0x0800335c   0x000000e4   Code   RO         1000    .text.I2C_DMAAbort  stm32f4xx_hal_i2c.o
    0x08003440   0x08003440   0x0000015a   Code   RO         1012    .text.I2C_ITError   stm32f4xx_hal_i2c.o
    0x0800359a   0x0800359a   0x00000002   PAD
    0x0800359c   0x0800359c   0x000000f2   Code   RO         1024    .text.I2C_MasterReceive_BTF  stm32f4xx_hal_i2c.o
    0x0800368e   0x0800368e   0x00000002   PAD
    0x08003690   0x08003690   0x0000010e   Code   RO         1022    .text.I2C_MasterReceive_RXNE  stm32f4xx_hal_i2c.o
    0x0800379e   0x0800379e   0x00000002   PAD
    0x080037a0   0x080037a0   0x00000080   Code   RO         1018    .text.I2C_MasterTransmit_BTF  stm32f4xx_hal_i2c.o
    0x08003820   0x08003820   0x000000b0   Code   RO         1016    .text.I2C_MasterTransmit_TXE  stm32f4xx_hal_i2c.o
    0x080038d0   0x080038d0   0x000000ac   Code   RO         1020    .text.I2C_MemoryTransmit_TXE_BTF  stm32f4xx_hal_i2c.o
    0x0800397c   0x0800397c   0x00000058   Code   RO           58    .text.MX_DMA_Init   dma.o
    0x080039d4   0x080039d4   0x0000007e   Code   RO           33    .text.MX_FREERTOS_Init  freertos.o
    0x08003a52   0x08003a52   0x00000002   PAD
    0x08003a54   0x08003a54   0x00000074   Code   RO           25    .text.MX_GPIO_Init  gpio.o
    0x08003ac8   0x08003ac8   0x00000042   Code   RO           67    .text.MX_I2C2_Init  i2c.o
    0x08003b0a   0x08003b0a   0x00000002   PAD
    0x08003b0c   0x08003b0c   0x00000088   Code   RO           98    .text.MX_TIM10_Init  tim.o
    0x08003b94   0x08003b94   0x00000088   Code   RO          100    .text.MX_TIM11_Init  tim.o
    0x08003c1c   0x08003c1c   0x00000152   Code   RO           82    .text.MX_TIM1_Init  tim.o
    0x08003d6e   0x08003d6e   0x00000002   PAD
    0x08003d70   0x08003d70   0x00000074   Code   RO           86    .text.MX_TIM2_Init  tim.o
    0x08003de4   0x08003de4   0x00000078   Code   RO           88    .text.MX_TIM3_Init  tim.o
    0x08003e5c   0x08003e5c   0x00000078   Code   RO           90    .text.MX_TIM4_Init  tim.o
    0x08003ed4   0x08003ed4   0x00000078   Code   RO           92    .text.MX_TIM5_Init  tim.o
    0x08003f4c   0x08003f4c   0x00000052   Code   RO           94    .text.MX_TIM6_Init  tim.o
    0x08003f9e   0x08003f9e   0x00000002   PAD
    0x08003fa0   0x08003fa0   0x000000c4   Code   RO           96    .text.MX_TIM9_Init  tim.o
    0x08004064   0x08004064   0x0000003c   Code   RO          127    .text.MX_USART2_UART_Init  usart.o
    0x080040a0   0x080040a0   0x0000003c   Code   RO          129    .text.MX_USART3_UART_Init  usart.o
    0x080040dc   0x080040dc   0x00000002   Code   RO          152    .text.MemManage_Handler  stm32f4xx_it.o
    0x080040de   0x080040de   0x00000002   PAD
    0x080040e0   0x080040e0   0x00000002   Code   RO          148    .text.NMI_Handler   stm32f4xx_it.o
    0x080040e2   0x080040e2   0x0000000e   PAD
    0x080040f0   0x080040f0   0x00000064   Code   RO         1785    .text.PendSV_Handler  port.o
    0x08004154   0x08004154   0x0000000c   PAD
    0x08004160   0x08004160   0x00000024   Code   RO         1769    .text.SVC_Handler   port.o
    0x08004184   0x08004184   0x0000001e   Code   RO         1574    .text.SysTick_Handler  cmsis_os2.o
    0x080041a2   0x080041a2   0x00000002   PAD
    0x080041a4   0x080041a4   0x000000a6   Code   RO           13    .text.SystemClock_Config  main.o
    0x0800424a   0x0800424a   0x00000002   PAD
    0x0800424c   0x0800424c   0x00000012   Code   RO         1187    .text.SystemInit    system_stm32f4xx.o
    0x0800425e   0x0800425e   0x00000002   PAD
    0x08004260   0x08004260   0x0000000c   Code   RO          166    .text.TIM2_IRQHandler  stm32f4xx_it.o
    0x0800426c   0x0800426c   0x0000000c   Code   RO          168    .text.TIM3_IRQHandler  stm32f4xx_it.o
    0x08004278   0x08004278   0x0000000c   Code   RO          170    .text.TIM4_IRQHandler  stm32f4xx_it.o
    0x08004284   0x08004284   0x0000000c   Code   RO          180    .text.TIM5_IRQHandler  stm32f4xx_it.o
    0x08004290   0x08004290   0x0000000c   Code   RO          182    .text.TIM6_DAC_IRQHandler  stm32f4xx_it.o
    0x0800429c   0x0800429c   0x0000000c   Code   RO          184    .text.TIM7_IRQHandler  stm32f4xx_it.o
    0x080042a8   0x080042a8   0x00000134   Code   RO          229    .text.TIM_Base_SetConfig  stm32f4xx_hal_tim.o
    0x080043dc   0x080043dc   0x0000000c   Code   RO         1147    .text.UART_DMAAbortOnError  stm32f4xx_hal_uart.o
    0x080043e8   0x080043e8   0x000000a2   Code   RO         1097    .text.UART_DMAError  stm32f4xx_hal_uart.o
    0x0800448a   0x0800448a   0x00000002   PAD
    0x0800448c   0x0800448c   0x00000080   Code   RO         1175    .text.UART_DMAReceiveCplt  stm32f4xx_hal_uart.o
    0x0800450c   0x0800450c   0x00000018   Code   RO         1177    .text.UART_DMARxHalfCplt  stm32f4xx_hal_uart.o
    0x08004524   0x08004524   0x0000003e   Code   RO         1093    .text.UART_DMATransmitCplt  stm32f4xx_hal_uart.o
    0x08004562   0x08004562   0x00000002   PAD
    0x08004564   0x08004564   0x00000006   Code   RO         1095    .text.UART_DMATxHalfCplt  stm32f4xx_hal_uart.o
    0x0800456a   0x0800456a   0x00000002   PAD
    0x0800456c   0x0800456c   0x000000c0   Code   RO         1145    .text.UART_Receive_IT  stm32f4xx_hal_uart.o
    0x0800462c   0x0800462c   0x000000de   Code   RO         1069    .text.UART_SetConfig  stm32f4xx_hal_uart.o
    0x0800470a   0x0800470a   0x00000002   PAD
    0x0800470c   0x0800470c   0x00000024   Code   RO          176    .text.USART2_IRQHandler  stm32f4xx_it.o
    0x08004730   0x08004730   0x00000024   Code   RO          178    .text.USART3_IRQHandler  stm32f4xx_it.o
    0x08004754   0x08004754   0x00000002   Code   RO          156    .text.UsageFault_Handler  stm32f4xx_it.o
    0x08004756   0x08004756   0x00000002   PAD
    0x08004758   0x08004758   0x00000026   Code   RO         1817    .text._GLOBAL__sub_I_mg513_gmr500ppr.cpp  mg513_gmr500ppr.o
    0x0800477e   0x0800477e   0x00000002   PAD
    0x08004780   0x08004780   0x00000164   Code   RO         1934    .text._ZN10ODOM_Motor8AnalysisEf  odom_mg513.o
    0x080048e4   0x080048e4   0x000000f0   Code   RO         1843    .text._ZN14PID_Controller15All_Device_InitEv  pid_user.o
    0x080049d4   0x080049d4   0x00000168   Code   RO         1831    .text._ZN14PID_Controller4CORE8PID_CalcEP12pid_type_defff  pid.o
    0x08004b3c   0x08004b3c   0x0000002e   Code   RO         1829    .text._ZN14PID_Controller4CORE8PID_InitEP12pid_type_defhPKfff  pid.o
    0x08004b6a   0x08004b6a   0x00000002   PAD
    0x08004b6c   0x08004b6c   0x0000003a   Code   RO         1846    .text._ZN14PID_Controller5MOTOR16Velocity_RealizeEfi  pid_user.o
    0x08004ba6   0x08004ba6   0x00000002   PAD
    0x08004ba8   0x08004ba8   0x000000c2   Code   RO         1809    .text._ZN15MG513_GMR500PPR10AT8236_Cmd13PWM_Pulse_CMDEi  mg513_gmr500ppr.o
    0x08004c6a   0x08004c6a   0x00000002   PAD
    0x08004c6c   0x08004c6c   0x0000002c   Code   RO         1807    .text._ZN15MG513_GMR500PPR10AT8236_Cmd4InitEP17TIM_HandleTypeDefjS2_j  mg513_gmr500ppr.o
    0x08004c98   0x08004c98   0x00000180   Code   RO         1815    .text._ZN15MG513_GMR500PPR7Encoder23motor_message_filteringEP15Encoder_TypeDefP13Motor_TypeDeffh  mg513_gmr500ppr.o
    0x08004e18   0x08004e18   0x0000001a   Code   RO         1811    .text._ZN15MG513_GMR500PPR7Encoder4InitEP17TIM_HandleTypeDef  mg513_gmr500ppr.o
    0x08004e32   0x08004e32   0x00000002   PAD
    0x08004e34   0x08004e34   0x000000a8   Code   RO         1912    .text._ZN3UDB2RX13Data_AnalysisEPhssssss  udb.o
    0x08004edc   0x08004edc   0x000000c4   Code   RO         2065    .text._ZN6SERIAL2RX10Buffer_SepEsssss  serial_pack.o
    0x08004fa0   0x08004fa0   0x00000172   Code   RO         2063    .text._ZN6SERIAL2RX13Data_AnalysisEPhhsssss  serial_pack.o
    0x08005112   0x08005112   0x00000002   PAD
    0x08005114   0x08005114   0x000001ac   Code   RO         2059    .text._ZN6SERIAL2TX9Data_PackEhPbsPasPssPisPfs  serial_pack.o
    0x080052c0   0x080052c0   0x00000060   Code   RO         1885    .text._ZN7CHASSIS16Chassis_Loop_OutEv  chassis_api.o
    0x08005320   0x08005320   0x00000002   Code   RO         1881    .text._ZN7CHASSIS21Chassis_Pose_AnalysisEv  chassis_api.o
    0x08005322   0x08005322   0x00000006   PAD
    0x08005328   0x08005328   0x00000124   Code   RO         1883    .text._ZN7CHASSIS23Chassis_Kinematics_CalcEv  chassis_api.o
    0x0800544c   0x0800544c   0x00000094   Code   RO         1879    .text._ZN7CHASSIS27Remote_Control_Chassis_ModeEv  chassis_api.o
    0x080054e0   0x080054e0   0x0000003c   Code   RO         1877    .text._ZN7CHASSIS31Remote_Control_Chassis_Set_ModeEv  chassis_api.o
    0x0800551c   0x0800551c   0x00000098   Code   RO         2087    .text.arm_cos_f32   arm_cortexM4lf_math.lib(arm_cos_f32.o)
    0x080055b4   0x080055b4   0x00000090   Code   RO         2096    .text.arm_sin_f32   arm_cortexM4lf_math.lib(arm_sin_f32.o)
    0x08005644   0x08005644   0x000000f8   Code   RO         1899    .text.chassis_task  chassis_task.o
    0x0800573c   0x0800573c   0x0000000a   Code   RO         1970    .text.imu_task      imu_task.o
    0x08005746   0x08005746   0x00000002   PAD
    0x08005748   0x08005748   0x00000052   Code   RO           11    .text.main          main.o
    0x0800579a   0x0800579a   0x00000002   PAD
    0x0800579c   0x0800579c   0x00000034   Code   RO         1636    .text.osDelayUntil  cmsis_os2.o
    0x080057d0   0x080057d0   0x00000010   Code   RO         1590    .text.osKernelGetTickCount  cmsis_os2.o
    0x080057e0   0x080057e0   0x00000028   Code   RO         1576    .text.osKernelInitialize  cmsis_os2.o
    0x08005808   0x08005808   0x0000003c   Code   RO         1582    .text.osKernelStart  cmsis_os2.o
    0x08005844   0x08005844   0x00000066   Code   RO         1676    .text.osSemaphoreAcquire  cmsis_os2.o
    0x080058aa   0x080058aa   0x00000002   PAD
    0x080058ac   0x080058ac   0x000000d8   Code   RO         1674    .text.osSemaphoreNew  cmsis_os2.o
    0x08005984   0x08005984   0x00000060   Code   RO         1678    .text.osSemaphoreRelease  cmsis_os2.o
    0x080059e4   0x080059e4   0x000000be   Code   RO         1598    .text.osThreadNew   cmsis_os2.o
    0x08005aa2   0x08005aa2   0x00000002   PAD
    0x08005aa4   0x08005aa4   0x0000011c   Code   RO         1384    .text.prvAddNewTaskToReadyList  tasks.o
    0x08005bc0   0x08005bc0   0x0000007c   Code   RO         1519    .text.prvCheckForValidListAndQueue  timers.o
    0x08005c3c   0x08005c3c   0x00000096   Code   RO         1416    .text.prvIdleTask   tasks.o
    0x08005cd2   0x08005cd2   0x00000002   PAD
    0x08005cd4   0x08005cd4   0x00000028   Code   RO         1777    .text.prvPortStartFirstTask  port.o
    0x08005cfc   0x08005cfc   0x000000ea   Code   RO         1555    .text.prvSampleTimeNow  timers.o
    0x08005de6   0x08005de6   0x00000002   PAD
    0x08005de8   0x08005de8   0x00000032   Code   RO         1767    .text.prvTaskExitError  port.o
    0x08005e1a   0x08005e1a   0x00000002   PAD
    0x08005e1c   0x08005e1c   0x000002ba   Code   RO         1521    .text.prvTimerTask  timers.o
    0x080060d6   0x080060d6   0x00000002   PAD
    0x080060d8   0x080060d8   0x00000074   Code   RO         1283    .text.prvUnlockQueue  queue.o
    0x0800614c   0x0800614c   0x000001a0   Code   RO         1737    .text.pvPortMalloc  heap_4.o
    0x080062ec   0x080062ec   0x00000018   Code   RO         1472    .text.pvTaskIncrementMutexHeldCount  tasks.o
    0x08006304   0x08006304   0x00000024   Code   RO         1765    .text.pxPortInitialiseStack  port.o
    0x08006328   0x08006328   0x00000080   Code   RO         1980    .text.ros2_uart_task  ros2_comm.o
    0x080063a8   0x080063a8   0x0000003e   Code   RO          217    .text.startup_main  startup_main.o
    0x080063e6   0x080063e6   0x00000002   PAD
    0x080063e8   0x080063e8   0x00000024   Code   RO         1247    .text.uxListRemove  list.o
    0x0800640c   0x0800640c   0x0000001a   Code   RO         1720    .text.vApplicationGetIdleTaskMemory  cmsis_os2.o
    0x08006426   0x08006426   0x00000002   PAD
    0x08006428   0x08006428   0x0000001c   Code   RO         1722    .text.vApplicationGetTimerTaskMemory  cmsis_os2.o
    0x08006444   0x08006444   0x00000016   Code   RO         1239    .text.vListInitialise  list.o
    0x0800645a   0x0800645a   0x00000002   PAD
    0x0800645c   0x0800645c   0x00000006   Code   RO         1241    .text.vListInitialiseItem  list.o
    0x08006462   0x08006462   0x00000002   PAD
    0x08006464   0x08006464   0x0000003a   Code   RO         1245    .text.vListInsert   list.o
    0x0800649e   0x0800649e   0x00000002   PAD
    0x080064a0   0x080064a0   0x0000001c   Code   RO         1243    .text.vListInsertEnd  list.o
    0x080064bc   0x080064bc   0x00000014   Code   RO         1775    .text.vPortEnableVFP  port.o
    0x080064d0   0x080064d0   0x00000046   Code   RO         1781    .text.vPortEnterCritical  port.o
    0x08006516   0x08006516   0x00000002   PAD
    0x08006518   0x08006518   0x0000002e   Code   RO         1783    .text.vPortExitCritical  port.o
    0x08006546   0x08006546   0x00000002   PAD
    0x08006548   0x08006548   0x000000d6   Code   RO         1739    .text.vPortFree     heap_4.o
    0x0800661e   0x0800661e   0x00000002   PAD
    0x08006620   0x08006620   0x00000034   Code   RO         1773    .text.vPortSetupTimerInterrupt  port.o
    0x08006654   0x08006654   0x00000062   Code   RO         1789    .text.vPortValidateInterruptPriority  port.o
    0x080066b6   0x080066b6   0x00000002   PAD
    0x080066b8   0x080066b8   0x00000028   Code   RO         1317    .text.vQueueAddToRegistry  queue.o
    0x080066e0   0x080066e0   0x00000048   Code   RO         1303    .text.vQueueDelete  queue.o
    0x08006728   0x08006728   0x00000046   Code   RO         1321    .text.vQueueWaitForMessageRestricted  queue.o
    0x0800676e   0x0800676e   0x00000002   PAD
    0x08006770   0x08006770   0x000000aa   Code   RO         1396    .text.vTaskDelay    tasks.o
    0x0800681a   0x0800681a   0x00000002   PAD
    0x0800681c   0x0800681c   0x000000ee   Code   RO         1390    .text.vTaskDelayUntil  tasks.o
    0x0800690a   0x0800690a   0x00000002   PAD
    0x0800690c   0x0800690c   0x0000001a   Code   RO         1446    .text.vTaskInternalSetTimeOutState  tasks.o
    0x08006926   0x08006926   0x00000002   PAD
    0x08006928   0x08006928   0x0000000e   Code   RO         1450    .text.vTaskMissedYield  tasks.o
    0x08006936   0x08006936   0x00000002   PAD
    0x08006938   0x08006938   0x00000096   Code   RO         1434    .text.vTaskPlaceOnEventList  tasks.o
    0x080069ce   0x080069ce   0x00000002   PAD
    0x080069d0   0x080069d0   0x000000a8   Code   RO         1438    .text.vTaskPlaceOnEventListRestricted  tasks.o
    0x08006a78   0x08006a78   0x000000a4   Code   RO         1468    .text.vTaskPriorityDisinheritAfterTimeout  tasks.o
    0x08006b1c   0x08006b1c   0x000000a4   Code   RO         1414    .text.vTaskStartScheduler  tasks.o
    0x08006bc0   0x08006bc0   0x0000016a   Code   RO         1406    .text.vTaskSuspend  tasks.o
    0x08006d2a   0x08006d2a   0x00000002   PAD
    0x08006d2c   0x08006d2c   0x00000010   Code   RO         1392    .text.vTaskSuspendAll  tasks.o
    0x08006d3c   0x08006d3c   0x00000092   Code   RO         1408    .text.vTaskSwitchContext  tasks.o
    0x08006dce   0x08006dce   0x00000002   PAD
    0x08006dd0   0x08006dd0   0x0000012e   Code   RO         1771    .text.xPortStartScheduler  port.o
    0x08006efe   0x08006efe   0x00000002   PAD
    0x08006f00   0x08006f00   0x0000002e   Code   RO         1787    .text.xPortSysTickHandler  port.o
    0x08006f2e   0x08006f2e   0x00000002   PAD
    0x08006f30   0x08006f30   0x00000042   Code   RO         1281    .text.xQueueCreateCountingSemaphore  queue.o
    0x08006f72   0x08006f72   0x00000002   PAD
    0x08006f74   0x08006f74   0x00000054   Code   RO         1279    .text.xQueueCreateCountingSemaphoreStatic  queue.o
    0x08006fc8   0x08006fc8   0x00000082   Code   RO         1261    .text.xQueueGenericCreate  queue.o
    0x0800704a   0x0800704a   0x00000002   PAD
    0x0800704c   0x0800704c   0x000000da   Code   RO         1259    .text.xQueueGenericCreateStatic  queue.o
    0x08007126   0x08007126   0x00000002   PAD
    0x08007128   0x08007128   0x00000214   Code   RO         1273    .text.xQueueGenericSend  queue.o
    0x0800733c   0x0800733c   0x000000b6   Code   RO         1287    .text.xQueueGiveFromISR  queue.o
    0x080073f2   0x080073f2   0x00000002   PAD
    0x080073f4   0x080073f4   0x000001a8   Code   RO         1289    .text.xQueueReceive  queue.o
    0x0800759c   0x0800759c   0x000000be   Code   RO         1293    .text.xQueueReceiveFromISR  queue.o
    0x0800765a   0x0800765a   0x00000002   PAD
    0x0800765c   0x0800765c   0x000001d6   Code   RO         1277    .text.xQueueSemaphoreTake  queue.o
    0x08007832   0x08007832   0x00000002   PAD
    0x08007834   0x08007834   0x0000008c   Code   RO         1448    .text.xTaskCheckForTimeOut  tasks.o
    0x080078c0   0x080078c0   0x000000dc   Code   RO         1386    .text.xTaskCreate   tasks.o
    0x0800799c   0x0800799c   0x000000ea   Code   RO         1382    .text.xTaskCreateStatic  tasks.o
    0x08007a86   0x08007a86   0x00000002   PAD
    0x08007a88   0x08007a88   0x00000026   Code   RO         1462    .text.xTaskGetSchedulerState  tasks.o
    0x08007aae   0x08007aae   0x00000002   PAD
    0x08007ab0   0x08007ab0   0x0000000c   Code   RO         1422    .text.xTaskGetTickCount  tasks.o
    0x08007abc   0x08007abc   0x00000012   Code   RO         1424    .text.xTaskGetTickCountFromISR  tasks.o
    0x08007ace   0x08007ace   0x00000002   PAD
    0x08007ad0   0x08007ad0   0x0000016e   Code   RO         1420    .text.xTaskIncrementTick  tasks.o
    0x08007c3e   0x08007c3e   0x00000002   PAD
    0x08007c40   0x08007c40   0x0000009a   Code   RO         1466    .text.xTaskPriorityDisinherit  tasks.o
    0x08007cda   0x08007cda   0x00000002   PAD
    0x08007cdc   0x08007cdc   0x00000092   Code   RO         1464    .text.xTaskPriorityInherit  tasks.o
    0x08007d6e   0x08007d6e   0x00000002   PAD
    0x08007d70   0x08007d70   0x0000008e   Code   RO         1440    .text.xTaskRemoveFromEventList  tasks.o
    0x08007dfe   0x08007dfe   0x00000002   PAD
    0x08007e00   0x08007e00   0x00000134   Code   RO         1394    .text.xTaskResumeAll  tasks.o
    0x08007f34   0x08007f34   0x00000074   Code   RO         1517    .text.xTimerCreateTimerTask  timers.o
    0x08007fa8   0x08007fa8   0x00000062   Code   RO         2248    x$fpl$d2f           fz_wm.l(d2f.o)
    0x0800800a   0x0800800a   0x00000002   PAD
    0x0800800c   0x0800800c   0x000002b8   Code   RO         2251    x$fpl$ddiv          fz_wm.l(ddiv.o)
    0x080082c4   0x080082c4   0x0000002e   Code   RO         2255    x$fpl$dflt          fz_wm.l(dflt_clz.o)
    0x080082f2   0x080082f2   0x00000026   Code   RO         2254    x$fpl$dfltu         fz_wm.l(dflt_clz.o)
    0x08008318   0x08008318   0x00000154   Code   RO         2260    x$fpl$dmul          fz_wm.l(dmul.o)
    0x0800846c   0x0800846c   0x0000009c   Code   RO         2384    x$fpl$dnaninf       fz_wm.l(dnaninf.o)
    0x08008508   0x08008508   0x0000000c   Code   RO         2386    x$fpl$dretinf       fz_wm.l(dretinf.o)
    0x08008514   0x08008514   0x00000056   Code   RO         2262    x$fpl$f2d           fz_wm.l(f2d.o)
    0x0800856a   0x0800856a   0x0000008c   Code   RO         2388    x$fpl$fnaninf       fz_wm.l(fnaninf.o)
    0x080085f6   0x080085f6   0x0000001a   Code   RO         2516    x$fpl$fpinit        fz_wm.l(fpinit.o)
    0x08008610   0x08008610   0x0000000a   Code   RO         2390    x$fpl$fretinf       fz_wm.l(fretinf.o)
    0x0800861a   0x0800861a   0x00000000   Code   RO         2392    x$fpl$usenofp       fz_wm.l(usenofp.o)
    0x0800861a   0x0800861a   0x00000010   Data   RO         1192    .rodata.AHBPrescTable  system_stm32f4xx.o
    0x0800862a   0x0800862a   0x00000008   Data   RO         1193    .rodata.APBPrescTable  system_stm32f4xx.o
    0x08008632   0x08008632   0x00000002   PAD
    0x08008634   0x08008634   0x00000024   Data   RO           42    .rodata.CHASSIS_TASK_attributes  freertos.o
    0x08008658   0x08008658   0x00000024   Data   RO           43    .rodata.IMU_TASK_attributes  freertos.o
    0x0800867c   0x0800867c   0x00000010   Data   RO           45    .rodata.MOTOR_ROS2_Semap_attributes  freertos.o
    0x0800868c   0x0800868c   0x00000024   Data   RO           44    .rodata.ROS2_UART_TASK_attributes  freertos.o
    0x080086b0   0x080086b0   0x00000008   Data   RO          716    .rodata.cst8        stm32f4xx_hal_dma.o
    0x080086b8   0x080086b8   0x00000804   Data   RO         2217    .rodata.sinTable_f32  arm_cortexM4lf_math.lib(arm_common_tables.o)
    0x08008ebc   0x08008ebc   0x00000036   Data   RO           41    .rodata.str1.1      freertos.o
    0x08008ef2   0x08008ef2   0x00000002   PAD
    0x08008ef4   0x08008ef4   0x00000020   Data   RO         2614    Region$$Table       anon$$obj.o
    0x08008f14   0x08008f14   0x00000004   Data   RO         1820    .init_array         mg513_gmr500ppr.o
    0x08008f18   0x08008f14   0x00000000   Data   RO         2243    .init_array         c_w.l(init_aeabi.o)


    Execution Region RW_IRAM1 (Exec base: 0x20000000, Load base: 0x08008f18, Size: 0x00005cc0, Max: 0x0001c000, ABSOLUTE)

    Exec Addr    Load Addr    Size         Type   Attr      Idx    E Section Name        Object

    0x20000000   0x08008f18   0x00000004   Data   RW         1889    .data.Alex_Spacing  chassis_api.o
    0x20000004   0x08008f1c   0x00000004   Data   RW         1191    .data.SystemCoreClock  system_stm32f4xx.o
    0x20000008   0x08008f20   0x00000004   Data   RW         1890    .data.Wheel_Radius  chassis_api.o
    0x2000000c   0x08008f24   0x00000004   Data   RW         1888    .data.Wheel_Spacing  chassis_api.o
    0x20000010   0x08008f28   0x0000000c   Data   RW         1865    .data.m513_position_pid  pid_user.o
    0x2000001c   0x08008f34   0x0000000c   Data   RW         1864    .data.mg513_speed_pid  pid_user.o
    0x20000028   0x08008f40   0x0000000c   Data   RW         1867    .data.motor_pos_x_pid  pid_user.o
    0x20000034   0x08008f4c   0x0000000c   Data   RW         1868    .data.motor_pos_y_pid  pid_user.o
    0x20000040   0x08008f58   0x0000000c   Data   RW         1866    .data.motor_yaw_pid  pid_user.o
    0x2000004c   0x08008f64   0x00000001   Data   RW          894    .data.uwTickFreq    stm32f4xx_hal.o
    0x2000004d   0x08008f65   0x00000003   PAD
    0x20000050   0x08008f68   0x00000004   Data   RW          893    .data.uwTickPrio    stm32f4xx_hal.o
    0x20000054   0x08008f6c   0x00000004   Data   RW         1793    .data.uxCriticalNesting  port.o
    0x20000058        -       0x00000060   Zero   RW         2520    .bss                c_w.l(libspace.o)
    0x200000b8        -       0x00000004   Zero   RW           47    .bss.CHASSIS_TASKHandle  freertos.o
    0x200000bc        -       0x00000004   Zero   RW           48    .bss.IMU_TASKHandle  freertos.o
    0x200000c0        -       0x00000004   Zero   RW         1724    .bss.KernelState    cmsis_os2.o
    0x200000c4        -       0x00000004   Zero   RW           46    .bss.MOTOR_ROS2_SemapHandle  freertos.o
    0x200000c8        -       0x00000004   Zero   RW           49    .bss.ROS2_UART_TASKHandle  freertos.o
    0x200000cc        -       0x00000001   Zero   RW         1925    .bss._ZZN3UDB2RX13Data_AnalysisEPhssssssE11finded_flag  udb.o
    0x200000cd   0x08008f70   0x00000001   PAD
    0x200000ce        -       0x00000002   Zero   RW         1924    .bss._ZZN3UDB2RX13Data_AnalysisEPhssssssE6rx_cnt  udb.o
    0x200000d0        -       0x00000001   Zero   RW         2077    .bss._ZZN6SERIAL2RX13Data_AnalysisEPhhsssssE11finded_flag  serial_pack.o
    0x200000d1   0x08008f70   0x00000001   PAD
    0x200000d2        -       0x00000002   Zero   RW         2078    .bss._ZZN6SERIAL2RX13Data_AnalysisEPhhsssssE14valid_data_len  serial_pack.o
    0x200000d4        -       0x00000002   Zero   RW         2076    .bss._ZZN6SERIAL2RX13Data_AnalysisEPhhsssssE6rx_cnt  serial_pack.o
    0x200000d6        -       0x00000049   Zero   RW         1887    .bss.chassis        chassis_api.o
    0x2000011f   0x08008f70   0x00000001   PAD
    0x20000120        -       0x00000018   Zero   RW         1984    .bss.cmd_vel_       ros2_comm.o
    0x20000138        -       0x00000060   Zero   RW          137    .bss.hdma_usart2_rx  usart.o
    0x20000198        -       0x00000060   Zero   RW          138    .bss.hdma_usart3_rx  usart.o
    0x200001f8        -       0x00000060   Zero   RW          139    .bss.hdma_usart3_tx  usart.o
    0x20000258        -       0x00000054   Zero   RW           73    .bss.hi2c2          i2c.o
    0x200002ac        -       0x00000048   Zero   RW          110    .bss.htim1          tim.o
    0x200002f4        -       0x00000048   Zero   RW          117    .bss.htim10         tim.o
    0x2000033c        -       0x00000048   Zero   RW          118    .bss.htim11         tim.o
    0x20000384        -       0x00000048   Zero   RW          111    .bss.htim2          tim.o
    0x200003cc        -       0x00000048   Zero   RW          112    .bss.htim3          tim.o
    0x20000414        -       0x00000048   Zero   RW          113    .bss.htim4          tim.o
    0x2000045c        -       0x00000048   Zero   RW          114    .bss.htim5          tim.o
    0x200004a4        -       0x00000048   Zero   RW          115    .bss.htim6          tim.o
    0x200004ec        -       0x00000048   Zero   RW          208    .bss.htim7          stm32f4xx_hal_timebase_tim.o
    0x20000534        -       0x00000048   Zero   RW          116    .bss.htim9          tim.o
    0x2000057c        -       0x00000048   Zero   RW          135    .bss.huart2         usart.o
    0x200005c4        -       0x00000048   Zero   RW          136    .bss.huart3         usart.o
    0x2000060c        -       0x00000240   Zero   RW         1819    .bss.mg513_gmr500ppr_motor  mg513_gmr500ppr.o
    0x2000084c        -       0x0000002c   Zero   RW         1936    .bss.odom_motor_    odom_mg513.o
    0x20000878        -       0x00000003   Zero   RW         1858    .bss.pid_controller  pid_user.o
    0x2000087b   0x08008f70   0x00000001   PAD
    0x2000087c        -       0x00000120   Zero   RW         1860    .bss.pid_pos_1      pid_user.o
    0x2000099c        -       0x00000048   Zero   RW         1862    .bss.pid_pos_x      pid_user.o
    0x200009e4        -       0x00000048   Zero   RW         1863    .bss.pid_pos_y      pid_user.o
    0x20000a2c        -       0x00000120   Zero   RW         1859    .bss.pid_v_1        pid_user.o
    0x20000b4c        -       0x00000048   Zero   RW         1861    .bss.pid_yaw        pid_user.o
    0x20000b94        -       0x000000a0   Zero   RW         1565    .bss.prvCheckForValidListAndQueue.ucStaticTimerQueueStorage  timers.o
    0x20000c34        -       0x00000050   Zero   RW         1564    .bss.prvCheckForValidListAndQueue.xStaticTimerQueue  timers.o
    0x20000c84        -       0x00000004   Zero   RW         1561    .bss.prvSampleTimeNow.xLastTime  timers.o
    0x20000c88        -       0x00000004   Zero   RW         1488    .bss.pxCurrentTCB   tasks.o
    0x20000c8c        -       0x00000004   Zero   RW         1559    .bss.pxCurrentTimerList  timers.o
    0x20000c90        -       0x00000004   Zero   RW         1496    .bss.pxDelayedTaskList  tasks.o
    0x20000c94        -       0x00000004   Zero   RW         1749    .bss.pxEnd          heap_4.o
    0x20000c98        -       0x00000004   Zero   RW         1497    .bss.pxOverflowDelayedTaskList  tasks.o
    0x20000c9c        -       0x00000004   Zero   RW         1560    .bss.pxOverflowTimerList  timers.o
    0x20000ca0        -       0x00000460   Zero   RW         1499    .bss.pxReadyTasksLists  tasks.o
    0x20001100        -       0x00000027   Zero   RW         1985    .bss.ros2_rx_buffer  ros2_comm.o
    0x20001127   0x08008f70   0x00000001   PAD
    0x20001128        -       0x00000178   Zero   RW         2075    .bss.serial_pack_   serial_pack.o
    0x200012a0        -       0x00003c00   Zero   RW         1756    .bss.ucHeap         heap_4.o
    0x20004ea0        -       0x00000001   Zero   RW         1791    .bss.ucMaxSysCallPriority  port.o
    0x20004ea1   0x08008f70   0x00000003   PAD
    0x20004ea4        -       0x0000002c   Zero   RW         1923    .bss.udb            udb.o
    0x20004ed0        -       0x0000000c   Zero   RW         1922    .bss.udb_rx_buffer  udb.o
    0x20004edc        -       0x00000004   Zero   RW         1792    .bss.ulMaxPRIGROUPValue  port.o
    0x20004ee0        -       0x00000004   Zero   RW          895    .bss.uwTick         stm32f4xx_hal.o
    0x20004ee4        -       0x00000004   Zero   RW         1492    .bss.uxCurrentNumberOfTasks  tasks.o
    0x20004ee8        -       0x00000004   Zero   RW         1491    .bss.uxDeletedTasksWaitingCleanUp  tasks.o
    0x20004eec        -       0x00000004   Zero   RW         1494    .bss.uxSchedulerSuspended  tasks.o
    0x20004ef0        -       0x00000004   Zero   RW         1489    .bss.uxTaskNumber   tasks.o
    0x20004ef4        -       0x00000004   Zero   RW         1500    .bss.uxTopReadyPriority  tasks.o
    0x20004ef8        -       0x00000200   Zero   RW         1726    .bss.vApplicationGetIdleTaskMemory.Idle_Stack  cmsis_os2.o
    0x200050f8        -       0x0000005c   Zero   RW         1725    .bss.vApplicationGetIdleTaskMemory.Idle_TCB  cmsis_os2.o
    0x20005154        -       0x00000400   Zero   RW         1728    .bss.vApplicationGetTimerTaskMemory.Timer_Stack  cmsis_os2.o
    0x20005554        -       0x0000005c   Zero   RW         1727    .bss.vApplicationGetTimerTaskMemory.Timer_TCB  cmsis_os2.o
    0x200055b0        -       0x00000014   Zero   RW         1562    .bss.xActiveTimerList1  timers.o
    0x200055c4        -       0x00000014   Zero   RW         1563    .bss.xActiveTimerList2  timers.o
    0x200055d8        -       0x00000001   Zero   RW         1750    .bss.xBlockAllocatedBit  heap_4.o
    0x200055d9   0x08008f70   0x00000003   PAD
    0x200055dc        -       0x00000014   Zero   RW         1507    .bss.xDelayedTaskList1  tasks.o
    0x200055f0        -       0x00000014   Zero   RW         1508    .bss.xDelayedTaskList2  tasks.o
    0x20005604        -       0x00000004   Zero   RW         1751    .bss.xFreeBytesRemaining  heap_4.o
    0x20005608        -       0x00000004   Zero   RW         1502    .bss.xIdleTaskHandle  tasks.o
    0x2000560c        -       0x00000004   Zero   RW         1753    .bss.xMinimumEverFreeBytesRemaining  heap_4.o
    0x20005610        -       0x00000004   Zero   RW         1503    .bss.xNextTaskUnblockTime  tasks.o
    0x20005614        -       0x00000004   Zero   RW         1506    .bss.xNumOfOverflows  tasks.o
    0x20005618        -       0x00000004   Zero   RW         1754    .bss.xNumberOfSuccessfulAllocations  heap_4.o
    0x2000561c        -       0x00000004   Zero   RW         1755    .bss.xNumberOfSuccessfulFrees  heap_4.o
    0x20005620        -       0x00000004   Zero   RW         1505    .bss.xPendedTicks   tasks.o
    0x20005624        -       0x00000014   Zero   RW         1501    .bss.xPendingReadyList  tasks.o
    0x20005638        -       0x00000040   Zero   RW         1323    .bss.xQueueRegistry  queue.o
    0x20005678        -       0x00000004   Zero   RW         1493    .bss.xSchedulerRunning  tasks.o
    0x2000567c        -       0x00000008   Zero   RW         1752    .bss.xStart         heap_4.o
    0x20005684        -       0x00000014   Zero   RW         1498    .bss.xSuspendedTaskList  tasks.o
    0x20005698        -       0x00000014   Zero   RW         1490    .bss.xTasksWaitingTermination  tasks.o
    0x200056ac        -       0x00000004   Zero   RW         1495    .bss.xTickCount     tasks.o
    0x200056b0        -       0x00000004   Zero   RW         1557    .bss.xTimerQueue    timers.o
    0x200056b4        -       0x00000004   Zero   RW         1558    .bss.xTimerTaskHandle  timers.o
    0x200056b8        -       0x00000004   Zero   RW         1504    .bss.xYieldPending  tasks.o
    0x200056bc   0x08008f70   0x00000004   PAD
    0x200056c0        -       0x00000200   Zero   RW            2    HEAP                startup_stm32f407xx.o
    0x200058c0        -       0x00000400   Zero   RW            1    STACK               startup_stm32f407xx.o


    Execution Region RW_IRAM2 (Exec base: 0x2001c000, Load base: 0x08008f70, Size: 0x00000000, Max: 0x00004000, ABSOLUTE)

    **** No section assigned to this execution region ****


==============================================================================

Image component sizes


      Code (inc. data)   RO Data    RW Data    ZI Data      Debug   Object Name

       598         20          0         12         73       4848   chassis_api.o
       248          0          0          0          0       2986   chassis_task.o
       856          0          0          0       1724      42455   cmsis_os2.o
        88          0          0          0          0       3949   dma.o
       126          0        178          0         16       4033   freertos.o
       116          0          0          0          0       1886   gpio.o
       630          0          0          0      15389       5626   heap_4.o
       214          0          0          0         84       7760   i2c.o
        10          0          0          0          0       2181   imu_task.o
       150          0          0          0          0       2701   list.o
       254          0          0          0          0       4023   main.o
      1214         42          4          0        576      23922   mg513_gmr500ppr.o
       356         20          0          0         44      15710   odom_mg513.o
       406          4          0          0          0       5321   pid.o
       298         20          0         60        795       6533   pid_user.o
       896         16          0          4          5       4692   port.o
      2594          0          0          0         64      26044   queue.o
       298          0          0          0         63       5411   ros2_comm.o
       994          0          0          0        381      14896   serial_pack.o
        62          0          0          0          0       2385   startup_main.o
        64         26        392          0       1536       1108   startup_stm32f407xx.o
        92          0          0          5          4       7884   stm32f4xx_hal.o
       152          0          0          0          0      11306   stm32f4xx_hal_cortex.o
      1040          4          8          0          0      10223   stm32f4xx_hal_dma.o
       404          0          0          0          0       5586   stm32f4xx_hal_gpio.o
      3708         16          0          0          0      48575   stm32f4xx_hal_i2c.o
        66          0          0          0          0       4011   stm32f4xx_hal_msp.o
      1456          4          0          0          0       7961   stm32f4xx_hal_rcc.o
      2638          4          0          0          0      58462   stm32f4xx_hal_tim.o
       268          0          0          0          0      22727   stm32f4xx_hal_tim_ex.o
       180          0          0          0         72       7759   stm32f4xx_hal_timebase_tim.o
      2070          0          0          0          0      28140   stm32f4xx_hal_uart.o
       216          0          0          0          0       8525   stm32f4xx_it.o
        18          0         24          4          0       3188   system_stm32f4xx.o
      3854          8          0          0       1280      39939   tasks.o
      2260          4          0          0        648      12813   tim.o
      1172         26          0          0        300      17738   timers.o
       168          0          0          0         59       9390   udb.o
       558          0          0          0        432       8037   usart.o

    ----------------------------------------------------------------------
     31044        226        642         88      23560     500734   Object Totals
         0          0         32          0          0          0   (incl. Generated)
       252         12          4          3         15          0   (incl. Padding)

    ----------------------------------------------------------------------

      Code (inc. data)   RO Data    RW Data    ZI Data      Debug   Library Member Name

         0          0       2052          0          0       6294   arm_common_tables.o
       152         12          0          0          0       1104   arm_cos_f32.o
       144         12          0          0          0       1092   arm_sin_f32.o
         8          0          0          0          0         68   __main.o
         0          0          0          0          0          0   __rtentry.o
        12          0          0          0          0          0   __rtentry2.o
         6          0          0          0          0          0   __rtentry4.o
        94          8          0          0          0          0   __scatter.o
        26          0          0          0          0          0   __scatter_copy.o
        28          0          0          0          0          0   __scatter_zi.o
        16          0          0          0          0         68   aeabi_memset4.o
        18          0          0          0          0         80   exit.o
         6          0          0          0          0        152   heapauxi.o
         0          0          0          0          0          0   indicate_semi.o
        44          8          0          0          0         80   init_aeabi.o
         2          0          0          0          0          0   libinit.o
        10          0          0          0          0          0   libinit2.o
         2          0          0          0          0          0   libshutdown.o
         2          0          0          0          0          0   libshutdown2.o
         8          4          0          0         96         68   libspace.o
       240          0          0          0          0        100   lludivv7m.o
        78          0          0          0          0         80   rt_memclr_w.o
       138          0          0          0          0         68   rt_memcpy_v6.o
       100          0          0          0          0         80   rt_memcpy_w.o
         2          0          0          0          0          0   rtexit.o
        10          0          0          0          0          0   rtexit2.o
        12          4          0          0          0         68   sys_exit.o
        74          0          0          0          0         80   sys_stackheap_outer.o
         2          0          0          0          0         68   use_no_semi.o
        98          4          0          0          0        140   d2f.o
       696        140          0          0          0        264   ddiv.o
        84          0          0          0          0        232   dflt_clz.o
       340         12          0          0          0        152   dmul.o
       156          4          0          0          0        140   dnaninf.o
        12          0          0          0          0        116   dretinf.o
        86          4          0          0          0        132   f2d.o
       140          4          0          0          0        132   fnaninf.o
        26          0          0          0          0        116   fpinit.o
        10          0          0          0          0        116   fretinf.o
         0          0          0          0          0          0   usenofp.o

    ----------------------------------------------------------------------
      2894        216       2052          0         96      11090   Library Totals
        12          0          0          0          0          0   (incl. Padding)

    ----------------------------------------------------------------------

      Code (inc. data)   RO Data    RW Data    ZI Data      Debug   Library Name

       296         24       2052          0          0       8490   arm_cortexM4lf_math.lib
       938         24          0          0         96       1060   c_w.l
      1648        168          0          0          0       1540   fz_wm.l

    ----------------------------------------------------------------------
      2894        216       2052          0         96      11090   Library Totals

    ----------------------------------------------------------------------

==============================================================================


      Code (inc. data)   RO Data    RW Data    ZI Data      Debug   

     33938        442       2694         88      23656     509668   Grand Totals
     33938        442       2694         88      23656     509668   ELF Image Totals
     33938        442       2694         88          0          0   ROM Totals

==============================================================================

    Total RO  Size (Code + RO Data)                36632 (  35.77kB)
    Total RW  Size (RW Data + ZI Data)             23744 (  23.19kB)
    Total ROM Size (Code + RO Data + RW Data)      36720 (  35.86kB)

==============================================================================

