Component: Arm Compiler for Embedded 6.22 Tool: armlink [5ee90200]

==============================================================================

Section Cross References

    startup_stm32f407xx.o(STACK) refers (Special) to heapauxi.o(.text) for __use_two_region_memory
    startup_stm32f407xx.o(HEAP) refers (Special) to heapauxi.o(.text) for __use_two_region_memory
    startup_stm32f407xx.o(RESET) refers (Special) to heapauxi.o(.text) for __use_two_region_memory
    startup_stm32f407xx.o(RESET) refers to startup_stm32f407xx.o(STACK) for __initial_sp
    startup_stm32f407xx.o(RESET) refers to startup_stm32f407xx.o(.text) for Reset_Handler
    startup_stm32f407xx.o(RESET) refers to stm32f4xx_it.o(.text.NMI_Handler) for NMI_Handler
    startup_stm32f407xx.o(RESET) refers to stm32f4xx_it.o(.text.HardFault_Handler) for HardFault_Handler
    startup_stm32f407xx.o(RESET) refers to stm32f4xx_it.o(.text.MemManage_Handler) for MemManage_Handler
    startup_stm32f407xx.o(RESET) refers to stm32f4xx_it.o(.text.BusFault_Handler) for BusFault_Handler
    startup_stm32f407xx.o(RESET) refers to stm32f4xx_it.o(.text.UsageFault_Handler) for UsageFault_Handler
    startup_stm32f407xx.o(RESET) refers to port.o(.text.SVC_Handler) for SVC_Handler
    startup_stm32f407xx.o(RESET) refers to stm32f4xx_it.o(.text.DebugMon_Handler) for DebugMon_Handler
    startup_stm32f407xx.o(RESET) refers to port.o(.text.PendSV_Handler) for PendSV_Handler
    startup_stm32f407xx.o(RESET) refers to port.o(.text.SysTick_Handler) for SysTick_Handler
    startup_stm32f407xx.o(RESET) refers to stm32f4xx_it.o(.text.TIM2_IRQHandler) for TIM2_IRQHandler
    startup_stm32f407xx.o(RESET) refers to stm32f4xx_it.o(.text.TIM3_IRQHandler) for TIM3_IRQHandler
    startup_stm32f407xx.o(RESET) refers to stm32f4xx_it.o(.text.TIM4_IRQHandler) for TIM4_IRQHandler
    startup_stm32f407xx.o(RESET) refers to stm32f4xx_it.o(.text.I2C2_EV_IRQHandler) for I2C2_EV_IRQHandler
    startup_stm32f407xx.o(RESET) refers to stm32f4xx_it.o(.text.I2C2_ER_IRQHandler) for I2C2_ER_IRQHandler
    startup_stm32f407xx.o(RESET) refers to stm32f4xx_it.o(.text.USART2_IRQHandler) for USART2_IRQHandler
    startup_stm32f407xx.o(RESET) refers to stm32f4xx_it.o(.text.USART3_IRQHandler) for USART3_IRQHandler
    startup_stm32f407xx.o(RESET) refers to stm32f4xx_it.o(.text.TIM5_IRQHandler) for TIM5_IRQHandler
    startup_stm32f407xx.o(RESET) refers to stm32f4xx_it.o(.text.TIM6_DAC_IRQHandler) for TIM6_DAC_IRQHandler
    startup_stm32f407xx.o(RESET) refers to stm32f4xx_it.o(.text.TIM7_IRQHandler) for TIM7_IRQHandler
    startup_stm32f407xx.o(.text) refers (Special) to heapauxi.o(.text) for __use_two_region_memory
    startup_stm32f407xx.o(.text) refers to system_stm32f4xx.o(.text.SystemInit) for SystemInit
    startup_stm32f407xx.o(.text) refers to __main.o(!!!main) for __main
    startup_stm32f407xx.o(.text) refers to startup_stm32f407xx.o(HEAP) for Heap_Mem
    startup_stm32f407xx.o(.text) refers to startup_stm32f407xx.o(STACK) for Stack_Mem
    main.o(.text.main) refers to stm32f4xx_hal.o(.text.HAL_Init) for HAL_Init
    main.o(.text.main) refers to main.o(.text.SystemClock_Config) for SystemClock_Config
    main.o(.text.main) refers to gpio.o(.text.MX_GPIO_Init) for MX_GPIO_Init
    main.o(.text.main) refers to tim.o(.text.MX_TIM2_Init) for MX_TIM2_Init
    main.o(.text.main) refers to tim.o(.text.MX_TIM6_Init) for MX_TIM6_Init
    main.o(.text.main) refers to tim.o(.text.MX_TIM10_Init) for MX_TIM10_Init
    main.o(.text.main) refers to tim.o(.text.MX_TIM11_Init) for MX_TIM11_Init
    main.o(.text.main) refers to tim.o(.text.MX_TIM1_Init) for MX_TIM1_Init
    main.o(.text.main) refers to tim.o(.text.MX_TIM3_Init) for MX_TIM3_Init
    main.o(.text.main) refers to tim.o(.text.MX_TIM4_Init) for MX_TIM4_Init
    main.o(.text.main) refers to tim.o(.text.MX_TIM5_Init) for MX_TIM5_Init
    main.o(.text.main) refers to tim.o(.text.MX_TIM9_Init) for MX_TIM9_Init
    main.o(.text.main) refers to usart.o(.text.MX_USART2_UART_Init) for MX_USART2_UART_Init
    main.o(.text.main) refers to i2c.o(.text.MX_I2C2_Init) for MX_I2C2_Init
    main.o(.text.main) refers to usart.o(.text.MX_USART3_UART_Init) for MX_USART3_UART_Init
    main.o(.text.main) refers to startup_main.o(.text.startup_main) for startup_main
    main.o(.text.main) refers to freertos.o(.text.MX_FREERTOS_Init) for MX_FREERTOS_Init
    main.o(.text.main) refers to cmsis_os.o(.text.osKernelStart) for osKernelStart
    main.o(.ARM.exidx.text.main) refers to main.o(.text.main) for [Anonymous Symbol]
    main.o(.text.SystemClock_Config) refers to rt_memclr_w.o(.text) for __aeabi_memclr4
    main.o(.text.SystemClock_Config) refers to stm32f4xx_hal_rcc.o(.text.HAL_RCC_OscConfig) for HAL_RCC_OscConfig
    main.o(.text.SystemClock_Config) refers to stm32f4xx_hal_rcc.o(.text.HAL_RCC_ClockConfig) for HAL_RCC_ClockConfig
    main.o(.ARM.exidx.text.SystemClock_Config) refers to main.o(.text.SystemClock_Config) for [Anonymous Symbol]
[...]
    __rt_lib_init_cpp_1                      0x0800022f   Thumb Code     0  libinit2.o(.ARM.Collect$$libinit$$00000034)
    __rt_lib_init_exceptions_1               0x0800022f   Thumb Code     0  libinit2.o(.ARM.Collect$$libinit$$00000032)
    __rt_lib_init_fp_trap_1                  0x0800022f   Thumb Code     0  libinit2.o(.ARM.Collect$$libinit$$00000021)
    __rt_lib_init_getenv_1                   0x0800022f   Thumb Code     0  libinit2.o(.ARM.Collect$$libinit$$00000025)
    __rt_lib_init_heap_1                     0x0800022f   Thumb Code     0  libinit2.o(.ARM.Collect$$libinit$$0000000C)
    __rt_lib_init_lc_collate_1               0x0800022f   Thumb Code     0  libinit2.o(.ARM.Collect$$libinit$$00000013)
    __rt_lib_init_lc_ctype_1                 0x0800022f   Thumb Code     0  libinit2.o(.ARM.Collect$$libinit$$00000015)
    __rt_lib_init_lc_monetary_1              0x0800022f   Thumb Code     0  libinit2.o(.ARM.Collect$$libinit$$00000017)
    __rt_lib_init_lc_numeric_1               0x0800022f   Thumb Code     0  libinit2.o(.ARM.Collect$$libinit$$00000019)
    __rt_lib_init_lc_time_1                  0x0800022f   Thumb Code     0  libinit2.o(.ARM.Collect$$libinit$$0000001B)
    __rt_lib_init_preinit_1                  0x0800022f   Thumb Code     0  libinit2.o(.ARM.Collect$$libinit$$00000006)
    __rt_lib_init_rand_1                     0x0800022f   Thumb Code     0  libinit2.o(.ARM.Collect$$libinit$$00000010)
    __rt_lib_init_relocate_pie_1             0x0800022f   Thumb Code     0  libinit2.o(.ARM.Collect$$libinit$$00000004)
    __rt_lib_init_return                     0x0800022f   Thumb Code     0  libinit2.o(.ARM.Collect$$libinit$$00000035)
    __rt_lib_init_signal_1                   0x0800022f   Thumb Code     0  libinit2.o(.ARM.Collect$$libinit$$0000001F)
    __rt_lib_init_stdio_1                    0x0800022f   Thumb Code     0  libinit2.o(.ARM.Collect$$libinit$$00000027)
    __rt_lib_init_user_alloc_1               0x0800022f   Thumb Code     0  libinit2.o(.ARM.Collect$$libinit$$0000000E)
    __rt_lib_shutdown                        0x08000231   Thumb Code     0  libshutdown.o(.ARM.Collect$$libshutdown$$00000000)
    __rt_lib_shutdown_cpp_1                  0x08000233   Thumb Code     0  libshutdown2.o(.ARM.Collect$$libshutdown$$00000002)
    __rt_lib_shutdown_fp_trap_1              0x08000233   Thumb Code     0  libshutdown2.o(.ARM.Collect$$libshutdown$$00000007)
    __rt_lib_shutdown_heap_1                 0x08000233   Thumb Code     0  libshutdown2.o(.ARM.Collect$$libshutdown$$0000000F)
    __rt_lib_shutdown_return                 0x08000233   Thumb Code     0  libshutdown2.o(.ARM.Collect$$libshutdown$$00000010)
    __rt_lib_shutdown_signal_1               0x08000233   Thumb Code     0  libshutdown2.o(.ARM.Collect$$libshutdown$$0000000A)
    __rt_lib_shutdown_stdio_1                0x08000233   Thumb Code     0  libshutdown2.o(.ARM.Collect$$libshutdown$$00000004)
    __rt_lib_shutdown_user_alloc_1           0x08000233   Thumb Code     0  libshutdown2.o(.ARM.Collect$$libshutdown$$0000000C)
    __rt_entry                               0x08000235   Thumb Code     0  __rtentry.o(.ARM.Collect$$rtentry$$00000000)
    __rt_entry_presh_1                       0x08000235   Thumb Code     0  __rtentry2.o(.ARM.Collect$$rtentry$$00000002)
    __rt_entry_sh                            0x08000235   Thumb Code     0  __rtentry4.o(.ARM.Collect$$rtentry$$00000004)
    __rt_entry_li                            0x0800023b   Thumb Code     0  __rtentry2.o(.ARM.Collect$$rtentry$$0000000A)
    __rt_entry_postsh_1                      0x0800023b   Thumb Code     0  __rtentry2.o(.ARM.Collect$$rtentry$$00000009)
    __rt_entry_main                          0x0800023f   Thumb Code     0  __rtentry2.o(.ARM.Collect$$rtentry$$0000000D)
    __rt_entry_postli_1                      0x0800023f   Thumb Code     0  __rtentry2.o(.ARM.Collect$$rtentry$$0000000C)
    __rt_exit                                0x08000247   Thumb Code     0  rtexit.o(.ARM.Collect$$rtexit$$00000000)
    __rt_exit_ls                             0x08000249   Thumb Code     0  rtexit2.o(.ARM.Collect$$rtexit$$00000003)
    __rt_exit_prels_1                        0x08000249   Thumb Code     0  rtexit2.o(.ARM.Collect$$rtexit$$00000002)
    __rt_exit_exit                           0x0800024d   Thumb Code     0  rtexit2.o(.ARM.Collect$$rtexit$$00000004)
    Reset_Handler                            0x08000255   Thumb Code     8  startup_stm32f407xx.o(.text)
    ADC_IRQHandler                           0x0800026f   Thumb Code     0  startup_stm32f407xx.o(.text)
    CAN1_RX0_IRQHandler                      0x0800026f   Thumb Code     0  startup_stm32f407xx.o(.text)
    CAN1_RX1_IRQHandler                      0x0800026f   Thumb Code     0  startup_stm32f407xx.o(.text)
    CAN1_SCE_IRQHandler                      0x0800026f   Thumb Code     0  startup_stm32f407xx.o(.text)
    CAN1_TX_IRQHandler                       0x0800026f   Thumb Code     0  startup_stm32f407xx.o(.text)
    CAN2_RX0_IRQHandler                      0x0800026f   Thumb Code     0  startup_stm32f407xx.o(.text)
    CAN2_RX1_IRQHandler                      0x0800026f   Thumb Code     0  startup_stm32f407xx.o(.text)
    CAN2_SCE_IRQHandler                      0x0800026f   Thumb Code     0  startup_stm32f407xx.o(.text)
    CAN2_TX_IRQHandler                       0x0800026f   Thumb Code     0  startup_stm32f407xx.o(.text)
    DCMI_IRQHandler                          0x0800026f   Thumb Code     0  startup_stm32f407xx.o(.text)
    DMA1_Stream0_IRQHandler                  0x0800026f   Thumb Code     0  startup_stm32f407xx.o(.text)
    DMA1_Stream1_IRQHandler                  0x0800026f   Thumb Code     0  startup_stm32f407xx.o(.text)
    DMA1_Stream2_IRQHandler                  0x0800026f   Thumb Code     0  startup_stm32f407xx.o(.text)
    DMA1_Stream3_IRQHandler                  0x0800026f   Thumb Code     0  startup_stm32f407xx.o(.text)
    DMA1_Stream4_IRQHandler                  0x0800026f   Thumb Code     0  startup_stm32f407xx.o(.text)
    DMA1_Stream5_IRQHandler                  0x0800026f   Thumb Code     0  startup_stm32f407xx.o(.text)
    DMA1_Stream6_IRQHandler                  0x0800026f   Thumb Code     0  startup_stm32f407xx.o(.text)
    DMA1_Stream7_IRQHandler                  0x0800026f   Thumb Code     0  startup_stm32f407xx.o(.text)
    DMA2_Stream0_IRQHandler                  0x0800026f   Thumb Code     0  startup_stm32f407xx.o(.text)
    DMA2_Stream1_IRQHandler                  0x0800026f   Thumb Code     0  startup_stm32f407xx.o(.text)
    DMA2_Stream2_IRQHandler                  0x0800026f   Thumb Code     0  startup_stm32f407xx.o(.text)
    DMA2_Stream3_IRQHandler                  0x0800026f   Thumb Code     0  startup_stm32f407xx.o(.text)
    DMA2_Stream4_IRQHandler                  0x0800026f   Thumb Code     0  startup_stm32f407xx.o(.text)
    DMA2_Stream5_IRQHandler                  0x0800026f   Thumb Code     0  startup_stm32f407xx.o(.text)
    DMA2_Stream6_IRQHandler                  0x0800026f   Thumb Code     0  startup_stm32f407xx.o(.text)
    DMA2_Stream7_IRQHandler                  0x0800026f   Thumb Code     0  startup_stm32f407xx.o(.text)
    ETH_IRQHandler                           0x0800026f   Thumb Code     0  startup_stm32f407xx.o(.text)
    ETH_WKUP_IRQHandler                      0x0800026f   Thumb Code     0  startup_stm32f407xx.o(.text)
    EXTI0_IRQHandler                         0x0800026f   Thumb Code     0  startup_stm32f407xx.o(.text)
    EXTI15_10_IRQHandler                     0x0800026f   Thumb Code     0  startup_stm32f407xx.o(.text)
    EXTI1_IRQHandler                         0x0800026f   Thumb Code     0  startup_stm32f407xx.o(.text)
    EXTI2_IRQHandler                         0x0800026f   Thumb Code     0  startup_stm32f407xx.o(.text)
    EXTI3_IRQHandler                         0x0800026f   Thumb Code     0  startup_stm32f407xx.o(.text)
    EXTI4_IRQHandler                         0x0800026f   Thumb Code     0  startup_stm32f407xx.o(.text)
    EXTI9_5_IRQHandler                       0x0800026f   Thumb Code     0  startup_stm32f407xx.o(.text)
    FLASH_IRQHandler                         0x0800026f   Thumb Code     0  startup_stm32f407xx.o(.text)
    FMC_IRQHandler                           0x0800026f   Thumb Code     0  startup_stm32f407xx.o(.text)
    FPU_IRQHandler                           0x0800026f   Thumb Code     0  startup_stm32f407xx.o(.text)
    HASH_RNG_IRQHandler                      0x0800026f   Thumb Code     0  startup_stm32f407xx.o(.text)
    I2C1_ER_IRQHandler                       0x0800026f   Thumb Code     0  startup_stm32f407xx.o(.text)
    I2C1_EV_IRQHandler                       0x0800026f   Thumb Code     0  startup_stm32f407xx.o(.text)
    I2C3_ER_IRQHandler                       0x0800026f   Thumb Code     0  startup_stm32f407xx.o(.text)
    I2C3_EV_IRQHandler                       0x0800026f   Thumb Code     0  startup_stm32f407xx.o(.text)
    OTG_FS_IRQHandler                        0x0800026f   Thumb Code     0  startup_stm32f407xx.o(.text)
    OTG_FS_WKUP_IRQHandler                   0x0800026f   Thumb Code     0  startup_stm32f407xx.o(.text)
    OTG_HS_EP1_IN_IRQHandler                 0x0800026f   Thumb Code     0  startup_stm32f407xx.o(.text)
    OTG_HS_EP1_OUT_IRQHandler                0x0800026f   Thumb Code     0  startup_stm32f407xx.o(.text)
    OTG_HS_IRQHandler                        0x0800026f   Thumb Code     0  startup_stm32f407xx.o(.text)
    OTG_HS_WKUP_IRQHandler                   0x0800026f   Thumb Code     0  startup_stm32f407xx.o(.text)
    PVD_IRQHandler                           0x0800026f   Thumb Code     0  startup_stm32f407xx.o(.text)
    RCC_IRQHandler                           0x0800026f   Thumb Code     0  startup_stm32f407xx.o(.text)
    RTC_Alarm_IRQHandler                     0x0800026f   Thumb Code     0  startup_stm32f407xx.o(.text)
    RTC_WKUP_IRQHandler                      0x0800026f   Thumb Code     0  startup_stm32f407xx.o(.text)
    SDIO_IRQHandler                          0x0800026f   Thumb Code     0  startup_stm32f407xx.o(.text)
    SPI1_IRQHandler                          0x0800026f   Thumb Code     0  startup_stm32f407xx.o(.text)
    SPI2_IRQHandler                          0x0800026f   Thumb Code     0  startup_stm32f407xx.o(.text)
    SPI3_IRQHandler                          0x0800026f   Thumb Code     0  startup_stm32f407xx.o(.text)
    TAMP_STAMP_IRQHandler                    0x0800026f   Thumb Code     0  startup_stm32f407xx.o(.text)
    TIM1_BRK_TIM9_IRQHandler                 0x0800026f   Thumb Code     0  startup_stm32f407xx.o(.text)
    TIM1_CC_IRQHandler                       0x0800026f   Thumb Code     0  startup_stm32f407xx.o(.text)
    TIM1_TRG_COM_TIM11_IRQHandler            0x0800026f   Thumb Code     0  startup_stm32f407xx.o(.text)
    TIM1_UP_TIM10_IRQHandler                 0x0800026f   Thumb Code     0  startup_stm32f407xx.o(.text)
    TIM8_BRK_TIM12_IRQHandler                0x0800026f   Thumb Code     0  startup_stm32f407xx.o(.text)
    TIM8_CC_IRQHandler                       0x0800026f   Thumb Code     0  startup_stm32f407xx.o(.text)
    TIM8_TRG_COM_TIM14_IRQHandler            0x0800026f   Thumb Code     0  startup_stm32f407xx.o(.text)
    TIM8_UP_TIM13_IRQHandler                 0x0800026f   Thumb Code     0  startup_stm32f407xx.o(.text)
    UART4_IRQHandler                         0x0800026f   Thumb Code     0  startup_stm32f407xx.o(.text)
    UART5_IRQHandler                         0x0800026f   Thumb Code     0  startup_stm32f407xx.o(.text)
    USART1_IRQHandler                        0x0800026f   Thumb Code     0  startup_stm32f407xx.o(.text)
    USART6_IRQHandler                        0x0800026f   Thumb Code     0  startup_stm32f407xx.o(.text)
    WWDG_IRQHandler                          0x0800026f   Thumb Code     0  startup_stm32f407xx.o(.text)
    __user_initial_stackheap                 0x08000271   Thumb Code     0  startup_stm32f407xx.o(.text)
    __aeabi_uldivmod                         0x08000295   Thumb Code     0  lludivv7m.o(.text)
    _ll_udiv                                 0x08000295   Thumb Code   240  lludivv7m.o(.text)
    __aeabi_memcpy                           0x08000385   Thumb Code     0  rt_memcpy_v6.o(.text)
    __rt_memcpy                              0x08000385   Thumb Code   138  rt_memcpy_v6.o(.text)
    _memcpy_lastbytes                        0x080003eb   Thumb Code     0  rt_memcpy_v6.o(.text)
    __aeabi_memclr4                          0x0800040f   Thumb Code     0  rt_memclr_w.o(.text)
    __aeabi_memclr8                          0x0800040f   Thumb Code     0  rt_memclr_w.o(.text)
    __rt_memclr_w                            0x0800040f   Thumb Code     0  rt_memclr_w.o(.text)
    _memset_w                                0x08000413   Thumb Code    74  rt_memclr_w.o(.text)
    __use_two_region_memory                  0x0800045d   Thumb Code     2  heapauxi.o(.text)
    __rt_heap_escrow$2region                 0x0800045f   Thumb Code     2  heapauxi.o(.text)
    __rt_heap_expand$2region                 0x08000461   Thumb Code     2  heapauxi.o(.text)
    __aeabi_memcpy4                          0x08000463   Thumb Code     0  rt_memcpy_w.o(.text)
    __aeabi_memcpy8                          0x08000463   Thumb Code     0  rt_memcpy_w.o(.text)
    __rt_memcpy_w                            0x08000463   Thumb Code   100  rt_memcpy_w.o(.text)
    _memcpy_lastbytes_aligned                0x080004ab   Thumb Code     0  rt_memcpy_w.o(.text)
    __user_libspace                          0x080004c9   Thumb Code     8  libspace.o(.text)
    __user_perproc_libspace                  0x080004c9   Thumb Code     0  libspace.o(.text)
    __user_perthread_libspace                0x080004c9   Thumb Code     0  libspace.o(.text)
    __user_setup_stackheap                   0x080004d1   Thumb Code    74  sys_stackheap_outer.o(.text)
    exit                                     0x0800051b   Thumb Code    18  exit.o(.text)
    _sys_exit                                0x0800052d   Thumb Code     8  sys_exit.o(.text)
    __I$use$semihosting                      0x08000539   Thumb Code     0  use_no_semi.o(.text)
    __use_no_semihosting_swi                 0x08000539   Thumb Code     2  use_no_semi.o(.text)
    __semihosting_library_function           0x0800053b   Thumb Code     0  indicate_semi.o(.text)
    BusFault_Handler                         0x0800053d   Thumb Code     2  stm32f4xx_it.o(.text.BusFault_Handler)
    DebugMon_Handler                         0x08000541   Thumb Code     2  stm32f4xx_it.o(.text.DebugMon_Handler)
    Error_Handler                            0x08000545   Thumb Code     6  main.o(.text.Error_Handler)
    HAL_DMA_Abort                            0x0800054d   Thumb Code   128  stm32f4xx_hal_dma.o(.text.HAL_DMA_Abort)
    HAL_DMA_Abort_IT                         0x080005cd   Thumb Code    36  stm32f4xx_hal_dma.o(.text.HAL_DMA_Abort_IT)
    HAL_DMA_GetState                         0x080005f1   Thumb Code     6  stm32f4xx_hal_dma.o(.text.HAL_DMA_GetState)
    HAL_GPIO_Init                            0x080005f9   Thumb Code   414  stm32f4xx_hal_gpio.o(.text.HAL_GPIO_Init)
    HAL_GetTick                              0x08000799   Thumb Code    12  stm32f4xx_hal.o(.text.HAL_GetTick)
    HAL_I2C_AbortCpltCallback                0x080007a5   Thumb Code     2  stm32f4xx_hal_i2c.o(.text.HAL_I2C_AbortCpltCallback)
    HAL_I2C_AddrCallback                     0x080007a9   Thumb Code     2  stm32f4xx_hal_i2c.o(.text.HAL_I2C_AddrCallback)
    HAL_I2C_ER_IRQHandler                    0x080007ad   Thumb Code   330  stm32f4xx_hal_i2c.o(.text.HAL_I2C_ER_IRQHandler)
    HAL_I2C_EV_IRQHandler                    0x080008f9   Thumb Code  1460  stm32f4xx_hal_i2c.o(.text.HAL_I2C_EV_IRQHandler)
    HAL_I2C_ErrorCallback                    0x08000ead   Thumb Code     2  stm32f4xx_hal_i2c.o(.text.HAL_I2C_ErrorCallback)
    HAL_I2C_Init                             0x08000eb1   Thumb Code   352  stm32f4xx_hal_i2c.o(.text.HAL_I2C_Init)
    HAL_I2C_ListenCpltCallback               0x08001011   Thumb Code     2  stm32f4xx_hal_i2c.o(.text.HAL_I2C_ListenCpltCallback)
    HAL_I2C_MasterRxCpltCallback             0x08001015   Thumb Code     2  stm32f4xx_hal_i2c.o(.text.HAL_I2C_MasterRxCpltCallback)
    HAL_I2C_MasterTxCpltCallback             0x08001019   Thumb Code     2  stm32f4xx_hal_i2c.o(.text.HAL_I2C_MasterTxCpltCallback)
    HAL_I2C_MemRxCpltCallback                0x0800101d   Thumb Code     2  stm32f4xx_hal_i2c.o(.text.HAL_I2C_MemRxCpltCallback)
    HAL_I2C_MemTxCpltCallback                0x08001021   Thumb Code     2  stm32f4xx_hal_i2c.o(.text.HAL_I2C_MemTxCpltCallback)
    HAL_I2C_MspInit                          0x08001025   Thumb Code   148  i2c.o(.text.HAL_I2C_MspInit)
    HAL_I2C_SlaveRxCpltCallback              0x080010b9   Thumb Code     2  stm32f4xx_hal_i2c.o(.text.HAL_I2C_SlaveRxCpltCallback)
    HAL_I2C_SlaveTxCpltCallback              0x080010bd   Thumb Code     2  stm32f4xx_hal_i2c.o(.text.HAL_I2C_SlaveTxCpltCallback)
    HAL_IncTick                              0x080010c1   Thumb Code    26  stm32f4xx_hal.o(.text.HAL_IncTick)
    HAL_Init                                 0x080010dd   Thumb Code    54  stm32f4xx_hal.o(.text.HAL_Init)
    HAL_InitTick                             0x08001115   Thumb Code   178  stm32f4xx_hal_timebase_tim.o(.text.HAL_InitTick)
    HAL_MspInit                              0x080011c9   Thumb Code    66  stm32f4xx_hal_msp.o(.text.HAL_MspInit)
    HAL_NVIC_EnableIRQ                       0x0800120d   Thumb Code    34  stm32f4xx_hal_cortex.o(.text.HAL_NVIC_EnableIRQ)
    HAL_NVIC_SetPriority                     0x08001231   Thumb Code    86  stm32f4xx_hal_cortex.o(.text.HAL_NVIC_SetPriority)
    HAL_NVIC_SetPriorityGrouping             0x08001289   Thumb Code    32  stm32f4xx_hal_cortex.o(.text.HAL_NVIC_SetPriorityGrouping)
    HAL_RCC_ClockConfig                      0x080012a9   Thumb Code   352  stm32f4xx_hal_rcc.o(.text.HAL_RCC_ClockConfig)
    HAL_RCC_GetClockConfig                   0x08001409   Thumb Code    62  stm32f4xx_hal_rcc.o(.text.HAL_RCC_GetClockConfig)
    HAL_RCC_GetPCLK1Freq                     0x08001449   Thumb Code    38  stm32f4xx_hal_rcc.o(.text.HAL_RCC_GetPCLK1Freq)
    HAL_RCC_GetPCLK2Freq                     0x08001471   Thumb Code    38  stm32f4xx_hal_rcc.o(.text.HAL_RCC_GetPCLK2Freq)
    HAL_RCC_GetSysClockFreq                  0x08001499   Thumb Code   106  stm32f4xx_hal_rcc.o(.text.HAL_RCC_GetSysClockFreq)
    HAL_RCC_OscConfig                        0x08001505   Thumb Code   880  stm32f4xx_hal_rcc.o(.text.HAL_RCC_OscConfig)
    HAL_TIMEx_BreakCallback                  0x08001875   Thumb Code     2  stm32f4xx_hal_tim_ex.o(.text.HAL_TIMEx_BreakCallback)
    HAL_TIMEx_CommutCallback                 0x08001879   Thumb Code     2  stm32f4xx_hal_tim_ex.o(.text.HAL_TIMEx_CommutCallback)
    HAL_TIMEx_ConfigBreakDeadTime            0x0800187d   Thumb Code    76  stm32f4xx_hal_tim_ex.o(.text.HAL_TIMEx_ConfigBreakDeadTime)
    HAL_TIMEx_MasterConfigSynchronization    0x080018c9   Thumb Code   182  stm32f4xx_hal_tim_ex.o(.text.HAL_TIMEx_MasterConfigSynchronization)
    HAL_TIM_Base_Init                        0x08001981   Thumb Code    90  stm32f4xx_hal_tim.o(.text.HAL_TIM_Base_Init)
    HAL_TIM_Base_MspInit                     0x080019dd   Thumb Code   252  tim.o(.text.HAL_TIM_Base_MspInit)
    HAL_TIM_Base_Start_IT                    0x08001ad9   Thumb Code   168  stm32f4xx_hal_tim.o(.text.HAL_TIM_Base_Start_IT)
    HAL_TIM_ConfigClockSource                0x08001b81   Thumb Code   410  stm32f4xx_hal_tim.o(.text.HAL_TIM_ConfigClockSource)
    HAL_TIM_Encoder_Init                     0x08001d1d   Thumb Code   178  stm32f4xx_hal_tim.o(.text.HAL_TIM_Encoder_Init)
    HAL_TIM_Encoder_MspInit                  0x08001dd1   Thumb Code   400  tim.o(.text.HAL_TIM_Encoder_MspInit)
    HAL_TIM_Encoder_Start_IT                 0x08001f61   Thumb Code   226  stm32f4xx_hal_tim.o(.text.HAL_TIM_Encoder_Start_IT)
    HAL_TIM_IC_CaptureCallback               0x08002045   Thumb Code     2  stm32f4xx_hal_tim.o(.text.HAL_TIM_IC_CaptureCallback)
    HAL_TIM_IRQHandler                       0x08002049   Thumb Code   330  stm32f4xx_hal_tim.o(.text.HAL_TIM_IRQHandler)
    HAL_TIM_MspPostInit                      0x08002195   Thumb Code   270  tim.o(.text.HAL_TIM_MspPostInit)
    HAL_TIM_OC_DelayElapsedCallback          0x080022a5   Thumb Code     2  stm32f4xx_hal_tim.o(.text.HAL_TIM_OC_DelayElapsedCallback)
    HAL_TIM_PWM_ConfigChannel                0x080022a9   Thumb Code   532  stm32f4xx_hal_tim.o(.text.HAL_TIM_PWM_ConfigChannel)
    HAL_TIM_PWM_Init                         0x080024bd   Thumb Code    90  stm32f4xx_hal_tim.o(.text.HAL_TIM_PWM_Init)
    HAL_TIM_PWM_MspInit                      0x08002519   Thumb Code     2  stm32f4xx_hal_tim.o(.text.HAL_TIM_PWM_MspInit)
    HAL_TIM_PWM_PulseFinishedCallback        0x0800251d   Thumb Code     2  stm32f4xx_hal_tim.o(.text.HAL_TIM_PWM_PulseFinishedCallback)
    HAL_TIM_PWM_Start                        0x08002521   Thumb Code   258  stm32f4xx_hal_tim.o(.text.HAL_TIM_PWM_Start)
    HAL_TIM_PeriodElapsedCallback            0x08002625   Thumb Code   448  mg513_gmr500ppr.o(.text.HAL_TIM_PeriodElapsedCallback)
    HAL_TIM_TriggerCallback                  0x080027e9   Thumb Code     2  stm32f4xx_hal_tim.o(.text.HAL_TIM_TriggerCallback)
    HAL_UARTEx_RxEventCallback               0x080027ed   Thumb Code     2  stm32f4xx_hal_uart.o(.text.HAL_UARTEx_RxEventCallback)
    HAL_UART_ErrorCallback                   0x080027f1   Thumb Code     2  stm32f4xx_hal_uart.o(.text.HAL_UART_ErrorCallback)
    HAL_UART_IRQHandler                      0x080027f5   Thumb Code  1372  stm32f4xx_hal_uart.o(.text.HAL_UART_IRQHandler)
    HAL_UART_Init                            0x08002d51   Thumb Code    96  stm32f4xx_hal_uart.o(.text.HAL_UART_Init)
    HAL_UART_MspInit                         0x08002db1   Thumb Code   204  usart.o(.text.HAL_UART_MspInit)
    HAL_UART_Receive_IT                      0x08002e7d   Thumb Code    82  stm32f4xx_hal_uart.o(.text.HAL_UART_Receive_IT)
    HAL_UART_RxCpltCallback                  0x08002ed1   Thumb Code   116  ros2_comm.o(.text.HAL_UART_RxCpltCallback)
    HAL_UART_Transmit                        0x08002f45   Thumb Code   234  stm32f4xx_hal_uart.o(.text.HAL_UART_Transmit)
    HAL_UART_TxCpltCallback                  0x08003031   Thumb Code     2  stm32f4xx_hal_uart.o(.text.HAL_UART_TxCpltCallback)
    HardFault_Handler                        0x08003035   Thumb Code     2  stm32f4xx_it.o(.text.HardFault_Handler)
    I2C2_ER_IRQHandler                       0x08003039   Thumb Code    12  stm32f4xx_it.o(.text.I2C2_ER_IRQHandler)
    I2C2_EV_IRQHandler                       0x08003045   Thumb Code    12  stm32f4xx_it.o(.text.I2C2_EV_IRQHandler)
    MX_FREERTOS_Init                         0x080036e1   Thumb Code   160  freertos.o(.text.MX_FREERTOS_Init)
    MX_GPIO_Init                             0x080037d5   Thumb Code   116  gpio.o(.text.MX_GPIO_Init)
    MX_I2C2_Init                             0x08003849   Thumb Code    66  i2c.o(.text.MX_I2C2_Init)
    MX_TIM10_Init                            0x0800388d   Thumb Code   130  tim.o(.text.MX_TIM10_Init)
    MX_TIM11_Init                            0x08003911   Thumb Code   130  tim.o(.text.MX_TIM11_Init)
    MX_TIM1_Init                             0x08003995   Thumb Code   336  tim.o(.text.MX_TIM1_Init)
    MX_TIM2_Init                             0x08003ae5   Thumb Code   102  tim.o(.text.MX_TIM2_Init)
    MX_TIM3_Init                             0x08003b4d   Thumb Code   106  tim.o(.text.MX_TIM3_Init)
    MX_TIM4_Init                             0x08003bb9   Thumb Code   106  tim.o(.text.MX_TIM4_Init)
    MX_TIM5_Init                             0x08003c25   Thumb Code   106  tim.o(.text.MX_TIM5_Init)
    MX_TIM6_Init                             0x08003c91   Thumb Code    80  tim.o(.text.MX_TIM6_Init)
    MX_TIM9_Init                             0x08003ce1   Thumb Code   194  tim.o(.text.MX_TIM9_Init)
    MX_USART2_UART_Init                      0x08003da5   Thumb Code    60  usart.o(.text.MX_USART2_UART_Init)
    MX_USART3_UART_Init                      0x08003de1   Thumb Code    60  usart.o(.text.MX_USART3_UART_Init)
    MemManage_Handler                        0x08003e1d   Thumb Code     2  stm32f4xx_it.o(.text.MemManage_Handler)
    NMI_Handler                              0x08003e21   Thumb Code     2  stm32f4xx_it.o(.text.NMI_Handler)
    PendSV_Handler                           0x08003e31   Thumb Code   100  port.o(.text.PendSV_Handler)
    SVC_Handler                              0x08003ea1   Thumb Code    36  port.o(.text.SVC_Handler)
    SysTick_Handler                          0x08003ec5   Thumb Code    46  port.o(.text.SysTick_Handler)
    SystemClock_Config                       0x08003ef5   Thumb Code   166  main.o(.text.SystemClock_Config)
    SystemInit                               0x08003f9d   Thumb Code    18  system_stm32f4xx.o(.text.SystemInit)
    TIM2_IRQHandler                          0x08003fb1   Thumb Code    12  stm32f4xx_it.o(.text.TIM2_IRQHandler)
    TIM3_IRQHandler                          0x08003fbd   Thumb Code    12  stm32f4xx_it.o(.text.TIM3_IRQHandler)
    TIM4_IRQHandler                          0x08003fc9   Thumb Code    12  stm32f4xx_it.o(.text.TIM4_IRQHandler)
    TIM5_IRQHandler                          0x08003fd5   Thumb Code    12  stm32f4xx_it.o(.text.TIM5_IRQHandler)
    TIM6_DAC_IRQHandler                      0x08003fe1   Thumb Code    12  stm32f4xx_it.o(.text.TIM6_DAC_IRQHandler)
    TIM7_IRQHandler                          0x08003fed   Thumb Code    12  stm32f4xx_it.o(.text.TIM7_IRQHandler)
    TIM_Base_SetConfig                       0x08003ff9   Thumb Code   308  stm32f4xx_hal_tim.o(.text.TIM_Base_SetConfig)
    USART2_IRQHandler                        0x08004315   Thumb Code    36  stm32f4xx_it.o(.text.USART2_IRQHandler)
    USART3_IRQHandler                        0x08004339   Thumb Code    36  stm32f4xx_it.o(.text.USART3_IRQHandler)
    UsageFault_Handler                       0x0800435d   Thumb Code     2  stm32f4xx_it.o(.text.UsageFault_Handler)
    PID_Controller::All_Device_Init()        0x08004361   Thumb Code   332  pid_user.o(.text._ZN14PID_Controller15All_Device_InitEv)
    PID_Controller::CORE::PID_Calc(pid_type_def*, float, float) 0x080044c1   Thumb Code   356  pid.o(.text._ZN14PID_Controller4CORE8PID_CalcEP12pid_type_defff)
    PID_Controller::CORE::PID_Init(pid_type_def*, unsigned char, float const*, float, float) 0x08004629   Thumb Code    46  pid.o(.text._ZN14PID_Controller4CORE8PID_InitEP12pid_type_defhPKfff)
    PID_Controller::MOTOR::Velocity_Realize(float, int) 0x08004659   Thumb Code    58  pid_user.o(.text._ZN14PID_Controller5MOTOR16Velocity_RealizeEfi)
    MG513_GMR500PPR::AT8236_Cmd::PWM_Pulse_CMD(int) 0x08004695   Thumb Code   194  mg513_gmr500ppr.o(.text._ZN15MG513_GMR500PPR10AT8236_Cmd13PWM_Pulse_CMDEi)
    MG513_GMR500PPR::AT8236_Cmd::Init(TIM_HandleTypeDef*, unsigned int, TIM_HandleTypeDef*, unsigned int) 0x08004759   Thumb Code    44  mg513_gmr500ppr.o(.text._ZN15MG513_GMR500PPR10AT8236_Cmd4InitEP17TIM_HandleTypeDefjS2_j)
    MG513_GMR500PPR::Encoder::motor_message_filtering(Encoder_TypeDef*, Motor_TypeDef*, float, unsigned char) 0x08004789   Thumb Code   928  mg513_gmr500ppr.o(.text._ZN15MG513_GMR500PPR7Encoder23motor_message_filteringEP15Encoder_TypeDefP13Motor_TypeDeffh)
    MG513_GMR500PPR::Encoder::Init(TIM_HandleTypeDef*) 0x08004b45   Thumb Code    26  mg513_gmr500ppr.o(.text._ZN15MG513_GMR500PPR7Encoder4InitEP17TIM_HandleTypeDef)
    UDB::RX::Data_Analysis(unsigned char*, short, short, short, short, short, short) 0x08004b61   Thumb Code   216  udb.o(.text._ZN3UDB2RX13Data_AnalysisEPhssssss)
    SERIAL::RX::Buffer_Sep(short, short, short, short, short) 0x08004c39   Thumb Code   882  serial_pack.o(.text._ZN6SERIAL2RX10Buffer_SepEsssss)
    SERIAL::RX::Data_Analysis(unsigned char*, unsigned char, short, short, short, short, short) 0x08004fad   Thumb Code   428  serial_pack.o(.text._ZN6SERIAL2RX13Data_AnalysisEPhhsssss)
    SERIAL::TX::Data_Pack(unsigned char, bool*, short, signed char*, short, short*, short, int*, short, float*, short) 0x08005159   Thumb Code  1506  serial_pack.o(.text._ZN6SERIAL2TX9Data_PackEhPbsPasPssPisPfs)
    CHASSIS::Chassis_Loop_Out()              0x0800573d   Thumb Code   180  chassis_api.o(.text._ZN7CHASSIS16Chassis_Loop_OutEv)
    CHASSIS::Chassis_Kinematics_Calc()       0x080057f1   Thumb Code   224  chassis_api.o(.text._ZN7CHASSIS23Chassis_Kinematics_CalcEv)
    CHASSIS::Remote_Control_Chassis_Mode()   0x080058e5   Thumb Code   136  chassis_api.o(.text._ZN7CHASSIS27Remote_Control_Chassis_ModeEv)
    CHASSIS::Chassis_Orientation_Analysis()  0x08005975   Thumb Code     2  chassis_api.o(.text._ZN7CHASSIS28Chassis_Orientation_AnalysisEv)
    CHASSIS::Remote_Control_Chassis_Set_Mode() 0x08005979   Thumb Code    44  chassis_api.o(.text._ZN7CHASSIS31Remote_Control_Chassis_Set_ModeEv)
    chassis_task                             0x080059a5   Thumb Code   248  chassis_task.o(.text.chassis_task)
    imu_task                                 0x08005a9d   Thumb Code     6  imu_task.o(.text.imu_task)
    main                                     0x08005aa5   Thumb Code    74  main.o(.text.main)
    osDelayUntil                             0x08005af1   Thumb Code    16  cmsis_os.o(.text.osDelayUntil)
    osKernelStart                            0x08005b01   Thumb Code    10  cmsis_os.o(.text.osKernelStart)
    osKernelSysTick                          0x08005b0d   Thumb Code    16  cmsis_os.o(.text.osKernelSysTick)
    osSemaphoreCreate                        0x08005b1d   Thumb Code    70  cmsis_os.o(.text.osSemaphoreCreate)
    osSemaphoreWait                          0x08005b65   Thumb Code    82  cmsis_os.o(.text.osSemaphoreWait)
    osThreadCreate                           0x08005bb9   Thumb Code    92  cmsis_os.o(.text.osThreadCreate)
    pvPortMalloc                             0x08006065   Thumb Code   524  heap_4.o(.text.pvPortMalloc)
    pvTaskIncrementMutexHeldCount            0x08006271   Thumb Code    24  tasks.o(.text.pvTaskIncrementMutexHeldCount)
    pxPortInitialiseStack                    0x08006289   Thumb Code    36  port.o(.text.pxPortInitialiseStack)
    ros2_uart_task                           0x080062ad   Thumb Code   148  ros2_comm.o(.text.ros2_uart_task)
    startup_main                             0x08006341   Thumb Code    62  startup_main.o(.text.startup_main)
    uxListRemove                             0x08006381   Thumb Code    34  list.o(.text.uxListRemove)
    vApplicationGetIdleTaskMemory            0x080063a5   Thumb Code    26  freertos.o(.text.vApplicationGetIdleTaskMemory)
    vListInitialise                          0x080063c1   Thumb Code    22  list.o(.text.vListInitialise)
    vListInitialiseItem                      0x080063d9   Thumb Code     6  list.o(.text.vListInitialiseItem)
    vListInsert                              0x080063e1   Thumb Code    96  list.o(.text.vListInsert)
    vListInsertEnd                           0x08006441   Thumb Code    26  list.o(.text.vListInsertEnd)
    vPortEnterCritical                       0x08006471   Thumb Code    70  port.o(.text.vPortEnterCritical)
    vPortExitCritical                        0x080064b9   Thumb Code    46  port.o(.text.vPortExitCritical)
    vPortFree                                0x080064e9   Thumb Code   232  heap_4.o(.text.vPortFree)
    vPortSetupTimerInterrupt                 0x080065d1   Thumb Code    52  port.o(.text.vPortSetupTimerInterrupt)
    vPortValidateInterruptPriority           0x08006605   Thumb Code    98  port.o(.text.vPortValidateInterruptPriority)
    vTaskDelay                               0x08006669   Thumb Code   196  tasks.o(.text.vTaskDelay)
    vTaskDelayUntil                          0x0800672d   Thumb Code   266  tasks.o(.text.vTaskDelayUntil)
    vTaskInternalSetTimeOutState             0x08006839   Thumb Code    26  tasks.o(.text.vTaskInternalSetTimeOutState)
    vTaskMissedYield                         0x08006855   Thumb Code    14  tasks.o(.text.vTaskMissedYield)
    vTaskPlaceOnEventList                    0x08006865   Thumb Code    54  tasks.o(.text.vTaskPlaceOnEventList)
    vTaskPriorityDisinheritAfterTimeout      0x0800689d   Thumb Code   182  tasks.o(.text.vTaskPriorityDisinheritAfterTimeout)
    vTaskStartScheduler                      0x08006955   Thumb Code   220  tasks.o(.text.vTaskStartScheduler)
    vTaskSuspend                             0x08006a39   Thumb Code   398  tasks.o(.text.vTaskSuspend)
    vTaskSuspendAll                          0x08006bc9   Thumb Code    16  tasks.o(.text.vTaskSuspendAll)
    vTaskSwitchContext                       0x08006bd9   Thumb Code   130  tasks.o(.text.vTaskSwitchContext)
    xPortStartScheduler                      0x08006c5d   Thumb Code   394  port.o(.text.xPortStartScheduler)
    xQueueGenericCreate                      0x08006de9   Thumb Code   126  queue.o(.text.xQueueGenericCreate)
    xQueueGenericCreateStatic                0x08006e69   Thumb Code   210  queue.o(.text.xQueueGenericCreateStatic)
    xQueueGenericSend                        0x08006f3d   Thumb Code   664  queue.o(.text.xQueueGenericSend)
    xQueueGiveFromISR                        0x080071d5   Thumb Code   180  queue.o(.text.xQueueGiveFromISR)
    xQueueReceiveFromISR                     0x08007289   Thumb Code   184  queue.o(.text.xQueueReceiveFromISR)
    xQueueSemaphoreTake                      0x08007341   Thumb Code   616  queue.o(.text.xQueueSemaphoreTake)
    xTaskCheckForTimeOut                     0x080075a9   Thumb Code   140  tasks.o(.text.xTaskCheckForTimeOut)
    xTaskCreate                              0x08007635   Thumb Code    94  tasks.o(.text.xTaskCreate)
    xTaskCreateStatic                        0x08007695   Thumb Code   118  tasks.o(.text.xTaskCreateStatic)
    xTaskGetSchedulerState                   0x0800770d   Thumb Code    38  tasks.o(.text.xTaskGetSchedulerState)
    xTaskGetTickCount                        0x08007735   Thumb Code    12  tasks.o(.text.xTaskGetTickCount)
    xTaskGetTickCountFromISR                 0x08007741   Thumb Code    18  tasks.o(.text.xTaskGetTickCountFromISR)
    xTaskIncrementTick                       0x08007755   Thumb Code   384  tasks.o(.text.xTaskIncrementTick)
    xTaskPriorityDisinherit                  0x080078d5   Thumb Code   190  tasks.o(.text.xTaskPriorityDisinherit)
    xTaskPriorityInherit                     0x08007995   Thumb Code   170  tasks.o(.text.xTaskPriorityInherit)
    xTaskRemoveFromEventList                 0x08007a41   Thumb Code   144  tasks.o(.text.xTaskRemoveFromEventList)
    xTaskResumeAll                           0x08007ad1   Thumb Code   308  tasks.o(.text.xTaskResumeAll)
    __aeabi_d2f                              0x08007c05   Thumb Code     0  d2f.o(x$fpl$d2f)
    _d2f                                     0x08007c05   Thumb Code    98  d2f.o(x$fpl$d2f)
    __aeabi_ddiv                             0x08007c69   Thumb Code     0  ddiv.o(x$fpl$ddiv)
    _ddiv                                    0x08007c69   Thumb Code   560  ddiv.o(x$fpl$ddiv)
    __aeabi_i2d                              0x08007f21   Thumb Code     0  dflt_clz.o(x$fpl$dflt)
    _dflt                                    0x08007f21   Thumb Code    46  dflt_clz.o(x$fpl$dflt)
    __aeabi_ui2d                             0x08007f4f   Thumb Code     0  dflt_clz.o(x$fpl$dfltu)
    _dfltu                                   0x08007f4f   Thumb Code    38  dflt_clz.o(x$fpl$dfltu)
    __aeabi_dmul                             0x08007f75   Thumb Code     0  dmul.o(x$fpl$dmul)
    _dmul                                    0x08007f75   Thumb Code   332  dmul.o(x$fpl$dmul)
    __fpl_dnaninf                            0x080080c9   Thumb Code   156  dnaninf.o(x$fpl$dnaninf)
    __fpl_dretinf                            0x08008165   Thumb Code    12  dretinf.o(x$fpl$dretinf)
    __aeabi_f2d                              0x08008171   Thumb Code     0  f2d.o(x$fpl$f2d)
    _f2d                                     0x08008171   Thumb Code    86  f2d.o(x$fpl$f2d)
    __fpl_fnaninf                            0x080081c7   Thumb Code   140  fnaninf.o(x$fpl$fnaninf)
    _fp_init                                 0x08008253   Thumb Code    26  fpinit.o(x$fpl$fpinit)
    __fplib_config_fpu_vfp                   0x0800826b   Thumb Code     0  fpinit.o(x$fpl$fpinit)
    __fplib_config_pureend_doubles           0x0800826b   Thumb Code     0  fpinit.o(x$fpl$fpinit)
    __fpl_fretinf                            0x0800826d   Thumb Code    10  fretinf.o(x$fpl$fretinf)
    AHBPrescTable                            0x08008276   Data          16  system_stm32f4xx.o(.rodata.AHBPrescTable)
    __I$use$fp                               0x08008276   Number         0  usenofp.o(x$fpl$usenofp)
    APBPrescTable                            0x08008286   Data           8  system_stm32f4xx.o(.rodata.APBPrescTable)
    Region$$Table$$Base                      0x080082b4   Number         0  anon$$obj.o(Region$$Table)
    Region$$Table$$Limit                     0x080082d4   Number         0  anon$$obj.o(Region$$Table)
    SystemCoreClock                          0x20000000   Data           4  system_stm32f4xx.o(.data.SystemCoreClock)
    m513_position_pid                        0x20000004   Data          12  pid_user.o(.data.m513_position_pid)
    mg513_speed_pid                          0x20000010   Data          12  pid_user.o(.data.mg513_speed_pid)
    motor_pos_x_pid                          0x2000001c   Data          12  pid_user.o(.data.motor_pos_x_pid)
    motor_pos_y_pid                          0x20000028   Data          12  pid_user.o(.data.motor_pos_y_pid)
    motor_yaw_pid                            0x20000034   Data          12  pid_user.o(.data.motor_yaw_pid)
    uwTickFreq                               0x20000040   Data           1  stm32f4xx_hal.o(.data.uwTickFreq)
    uwTickPrio                               0x20000044   Data           4  stm32f4xx_hal.o(.data.uwTickPrio)
    __libspace_start                         0x20000050   Data          96  libspace.o(.bss)
    CHASSIS_TASKHandle                       0x200000b0   Data           4  freertos.o(.bss.CHASSIS_TASKHandle)
    __temporary_stack_top$libspace           0x200000b0   Data           0  libspace.o(.bss)
    IMU_TASKHandle                           0x200000b4   Data           4  freertos.o(.bss.IMU_TASKHandle)
    MOTOR_ROS2_SemapHandle                   0x200000b8   Data           4  freertos.o(.bss.MOTOR_ROS2_SemapHandle)
    ROS2_UART_TASKHandle                     0x200000bc   Data           4  freertos.o(.bss.ROS2_UART_TASKHandle)
    buffer                                   0x200000cc   Data          12  udb.o(.bss.buffer)
    chassis                                  0x200000d8   Data          73  chassis_api.o(.bss.chassis)
    cmd_vel_                                 0x20000124   Data          24  ros2_comm.o(.bss.cmd_vel_)
    hi2c2                                    0x2000013c   Data          84  i2c.o(.bss.hi2c2)
    htim1                                    0x20000190   Data          72  tim.o(.bss.htim1)
    htim10                                   0x200001d8   Data          72  tim.o(.bss.htim10)
    htim11                                   0x20000220   Data          72  tim.o(.bss.htim11)
    htim2                                    0x20000268   Data          72  tim.o(.bss.htim2)
    htim3                                    0x200002b0   Data          72  tim.o(.bss.htim3)
    htim4                                    0x200002f8   Data          72  tim.o(.bss.htim4)
    htim5                                    0x20000340   Data          72  tim.o(.bss.htim5)
    htim6                                    0x20000388   Data          72  tim.o(.bss.htim6)
    htim7                                    0x200003d0   Data          72  stm32f4xx_hal_timebase_tim.o(.bss.htim7)
    htim9                                    0x20000418   Data          72  tim.o(.bss.htim9)
    huart2                                   0x20000460   Data          72  usart.o(.bss.huart2)
    huart3                                   0x200004a8   Data          72  usart.o(.bss.huart3)
    mg513_gmr500ppr_motor                    0x200004f0   Data         576  mg513_gmr500ppr.o(.bss.mg513_gmr500ppr_motor)
    pid_controller                           0x20000730   Data           3  pid_user.o(.bss.pid_controller)
    pid_pos_1                                0x20000734   Data         288  pid_user.o(.bss.pid_pos_1)
    pid_pos_x                                0x20000854   Data          72  pid_user.o(.bss.pid_pos_x)
    pid_pos_y                                0x2000089c   Data          72  pid_user.o(.bss.pid_pos_y)
    pid_v_1                                  0x200008e4   Data         288  pid_user.o(.bss.pid_v_1)
    pid_yaw                                  0x20000a04   Data          72  pid_user.o(.bss.pid_yaw)
    pxCurrentTCB                             0x20000a4c   Data           4  tasks.o(.bss.pxCurrentTCB)
    ros2_rx_buffer                           0x20000ae8   Data           1  ros2_comm.o(.bss.ros2_rx_buffer)
    serial_pack_                             0x20000aec   Data         376  serial_pack.o(.bss.serial_pack_)
    udb                                      0x20004868   Data          44  udb.o(.bss.udb)
    udb_rx_buffer                            0x20004894   Data           1  udb.o(.bss.udb_rx_buffer)
    uwTick                                   0x2000489c   Data           4  stm32f4xx_hal.o(.bss.uwTick)



==============================================================================

Memory Map of the image

  Image Entry point : 0x08000189

  Load Region LR_IROM1 (Base: 0x08000000, Size: 0x00008328, Max: 0x00080000, ABSOLUTE)

    Execution Region ER_IROM1 (Exec base: 0x08000000, Load base: 0x08000000, Size: 0x000082d4, Max: 0x00080000, ABSOLUTE)

    Exec Addr    Load Addr    Size         Type   Attr      Idx    E Section Name        Object

    0x08000000   0x08000000   0x00000188   Data   RO            3    RESET               startup_stm32f407xx.o
    0x08000188   0x08000188   0x00000008   Code   RO         1913  * !!!main             c_w.l(__main.o)
    0x08000190   0x08000190   0x0000005c   Code   RO         2158    !!!scatter          c_w.l(__scatter.o)
    0x080001ec   0x080001ec   0x0000001a   Code   RO         2162    !!handler_copy      c_w.l(__scatter_copy.o)
    0x08000206   0x08000206   0x00000002   PAD
    0x08000208   0x08000208   0x00000002   Code   RO         2159    !!handler_null      c_w.l(__scatter.o)
    0x0800020a   0x0800020a   0x00000002   PAD
    0x0800020c   0x0800020c   0x0000001c   Code   RO         2164    !!handler_zi        c_w.l(__scatter_zi.o)
    0x08000228   0x08000228   0x00000002   Code   RO         2023    .ARM.Collect$$libinit$$00000000  c_w.l(libinit.o)
    0x0800022a   0x0800022a   0x00000004   Code   RO         2032    .ARM.Collect$$libinit$$00000001  c_w.l(libinit2.o)
    0x0800022e   0x0800022e   0x00000000   Code   RO         2035    .ARM.Collect$$libinit$$00000004  c_w.l(libinit2.o)
    0x0800022e   0x0800022e   0x00000000   Code   RO         2037    .ARM.Collect$$libinit$$00000006  c_w.l(libinit2.o)
    0x0800022e   0x0800022e   0x00000000   Code   RO         2040    .ARM.Collect$$libinit$$0000000C  c_w.l(libinit2.o)
    0x0800022e   0x0800022e   0x00000000   Code   RO         2042    .ARM.Collect$$libinit$$0000000E  c_w.l(libinit2.o)
    0x0800022e   0x0800022e   0x00000000   Code   RO         2044    .ARM.Collect$$libinit$$00000010  c_w.l(libinit2.o)
    0x0800022e   0x0800022e   0x00000000   Code   RO         2047    .ARM.Collect$$libinit$$00000013  c_w.l(libinit2.o)
    0x0800022e   0x0800022e   0x00000000   Code   RO         2049    .ARM.Collect$$libinit$$00000015  c_w.l(libinit2.o)
    0x0800022e   0x0800022e   0x00000000   Code   RO         2051    .ARM.Collect$$libinit$$00000017  c_w.l(libinit2.o)
    0x0800022e   0x0800022e   0x00000000   Code   RO         2053    .ARM.Collect$$libinit$$00000019  c_w.l(libinit2.o)
    0x0800022e   0x0800022e   0x00000000   Code   RO         2055    .ARM.Collect$$libinit$$0000001B  c_w.l(libinit2.o)
    0x0800022e   0x0800022e   0x00000000   Code   RO         2057    .ARM.Collect$$libinit$$0000001D  c_w.l(libinit2.o)
    0x0800022e   0x0800022e   0x00000000   Code   RO         2059    .ARM.Collect$$libinit$$0000001F  c_w.l(libinit2.o)
    0x0800022e   0x0800022e   0x00000000   Code   RO         2061    .ARM.Collect$$libinit$$00000021  c_w.l(libinit2.o)
    0x0800022e   0x0800022e   0x00000000   Code   RO         2063    .ARM.Collect$$libinit$$00000023  c_w.l(libinit2.o)
    0x0800022e   0x0800022e   0x00000000   Code   RO         2065    .ARM.Collect$$libinit$$00000025  c_w.l(libinit2.o)
    0x0800022e   0x0800022e   0x00000000   Code   RO         2067    .ARM.Collect$$libinit$$00000027  c_w.l(libinit2.o)
    0x0800022e   0x0800022e   0x00000000   Code   RO         2071    .ARM.Collect$$libinit$$0000002E  c_w.l(libinit2.o)
    0x0800022e   0x0800022e   0x00000000   Code   RO         2073    .ARM.Collect$$libinit$$00000030  c_w.l(libinit2.o)
    0x0800022e   0x0800022e   0x00000000   Code   RO         2075    .ARM.Collect$$libinit$$00000032  c_w.l(libinit2.o)
    0x0800022e   0x0800022e   0x00000000   Code   RO         2077    .ARM.Collect$$libinit$$00000034  c_w.l(libinit2.o)
    0x0800022e   0x0800022e   0x00000002   Code   RO         2078    .ARM.Collect$$libinit$$00000035  c_w.l(libinit2.o)
    0x08000230   0x08000230   0x00000002   Code   RO         2113    .ARM.Collect$$libshutdown$$00000000  c_w.l(libshutdown.o)
    0x08000232   0x08000232   0x00000000   Code   RO         2141    .ARM.Collect$$libshutdown$$00000002  c_w.l(libshutdown2.o)
    0x08000232   0x08000232   0x00000000   Code   RO         2143    .ARM.Collect$$libshutdown$$00000004  c_w.l(libshutdown2.o)
    0x08000232   0x08000232   0x00000000   Code   RO         2146    .ARM.Collect$$libshutdown$$00000007  c_w.l(libshutdown2.o)
    0x08000232   0x08000232   0x00000000   Code   RO         2149    .ARM.Collect$$libshutdown$$0000000A  c_w.l(libshutdown2.o)
    0x08000232   0x08000232   0x00000000   Code   RO         2151    .ARM.Collect$$libshutdown$$0000000C  c_w.l(libshutdown2.o)
    0x08000232   0x08000232   0x00000000   Code   RO         2154    .ARM.Collect$$libshutdown$$0000000F  c_w.l(libshutdown2.o)
    0x08000232   0x08000232   0x00000002   Code   RO         2155    .ARM.Collect$$libshutdown$$00000010  c_w.l(libshutdown2.o)
    0x08000234   0x08000234   0x00000000   Code   RO         1943    .ARM.Collect$$rtentry$$00000000  c_w.l(__rtentry.o)
    0x08000234   0x08000234   0x00000000   Code   RO         1986    .ARM.Collect$$rtentry$$00000002  c_w.l(__rtentry2.o)
    0x08000234   0x08000234   0x00000006   Code   RO         1998    .ARM.Collect$$rtentry$$00000004  c_w.l(__rtentry4.o)
    0x0800023a   0x0800023a   0x00000000   Code   RO         1988    .ARM.Collect$$rtentry$$00000009  c_w.l(__rtentry2.o)
    0x0800023a   0x0800023a   0x00000004   Code   RO         1989    .ARM.Collect$$rtentry$$0000000A  c_w.l(__rtentry2.o)
    0x0800023e   0x0800023e   0x00000000   Code   RO         1991    .ARM.Collect$$rtentry$$0000000C  c_w.l(__rtentry2.o)
    0x0800023e   0x0800023e   0x00000008   Code   RO         1992    .ARM.Collect$$rtentry$$0000000D  c_w.l(__rtentry2.o)
    0x08000246   0x08000246   0x00000002   Code   RO         2024    .ARM.Collect$$rtexit$$00000000  c_w.l(rtexit.o)
    0x08000248   0x08000248   0x00000000   Code   RO         2084    .ARM.Collect$$rtexit$$00000002  c_w.l(rtexit2.o)
    0x08000248   0x08000248   0x00000004   Code   RO         2085    .ARM.Collect$$rtexit$$00000003  c_w.l(rtexit2.o)
    0x0800024c   0x0800024c   0x00000006   Code   RO         2086    .ARM.Collect$$rtexit$$00000004  c_w.l(rtexit2.o)
    0x08000252   0x08000252   0x00000002   PAD
    0x08000254   0x08000254   0x00000040   Code   RO            4    .text               startup_stm32f407xx.o
    0x08000294   0x08000294   0x000000f0   Code   RO         1903    .text               c_w.l(lludivv7m.o)
    0x08000384   0x08000384   0x0000008a   Code   RO         1905    .text               c_w.l(rt_memcpy_v6.o)
    0x0800040e   0x0800040e   0x0000004e   Code   RO         1909    .text               c_w.l(rt_memclr_w.o)
    0x0800045c   0x0800045c   0x00000006   Code   RO         1911    .text               c_w.l(heapauxi.o)
    0x08000462   0x08000462   0x00000064   Code   RO         1950    .text               c_w.l(rt_memcpy_w.o)
    0x080004c6   0x080004c6   0x00000002   PAD
    0x080004c8   0x080004c8   0x00000008   Code   RO         2007    .text               c_w.l(libspace.o)
    0x080004d0   0x080004d0   0x0000004a   Code   RO         2010    .text               c_w.l(sys_stackheap_outer.o)
    0x0800051a   0x0800051a   0x00000012   Code   RO         2012    .text               c_w.l(exit.o)
    0x0800052c   0x0800052c   0x0000000c   Code   RO         2079    .text               c_w.l(sys_exit.o)
    0x08000538   0x08000538   0x00000002   Code   RO         2102    .text               c_w.l(use_no_semi.o)
    0x0800053a   0x0800053a   0x00000000   Code   RO         2104    .text               c_w.l(indicate_semi.o)
    0x0800053a   0x0800053a   0x00000002   PAD
    0x0800053c   0x0800053c   0x00000002   Code   RO          150    .text.BusFault_Handler  stm32f4xx_it.o
    0x0800053e   0x0800053e   0x00000002   PAD
    0x08000540   0x08000540   0x00000002   Code   RO          154    .text.DebugMon_Handler  stm32f4xx_it.o
    0x08000542   0x08000542   0x00000002   PAD
    0x08000544   0x08000544   0x00000006   Code   RO           15    .text.Error_Handler  main.o
    0x0800054a   0x0800054a   0x00000002   PAD
    0x0800054c   0x0800054c   0x00000080   Code   RO          682    .text.HAL_DMA_Abort  stm32f4xx_hal_dma.o
    0x080005cc   0x080005cc   0x00000024   Code   RO          684    .text.HAL_DMA_Abort_IT  stm32f4xx_hal_dma.o
    0x080005f0   0x080005f0   0x00000006   Code   RO          694    .text.HAL_DMA_GetState  stm32f4xx_hal_dma.o
    0x080005f6   0x080005f6   0x00000002   PAD
    0x080005f8   0x080005f8   0x0000019e   Code   RO          636    .text.HAL_GPIO_Init  stm32f4xx_hal_gpio.o
    0x08000796   0x08000796   0x00000002   PAD
    0x08000798   0x08000798   0x0000000c   Code   RO          833    .text.HAL_GetTick   stm32f4xx_hal.o
    0x080007a4   0x080007a4   0x00000002   Code   RO         1028    .text.HAL_I2C_AbortCpltCallback  stm32f4xx_hal_i2c.o
    0x080007a6   0x080007a6   0x00000002   PAD
    0x080007a8   0x080007a8   0x00000002   Code   RO         1018    .text.HAL_I2C_AddrCallback  stm32f4xx_hal_i2c.o
    0x080007aa   0x080007aa   0x00000002   PAD
    0x080007ac   0x080007ac   0x0000014a   Code   RO         1008    .text.HAL_I2C_ER_IRQHandler  stm32f4xx_hal_i2c.o
    0x080008f6   0x080008f6   0x00000002   PAD
    0x080008f8   0x080008f8   0x000005b4   Code   RO          996    .text.HAL_I2C_EV_IRQHandler  stm32f4xx_hal_i2c.o
    0x08000eac   0x08000eac   0x00000002   Code   RO         1026    .text.HAL_I2C_ErrorCallback  stm32f4xx_hal_i2c.o
    0x08000eae   0x08000eae   0x00000002   PAD
    0x08000eb0   0x08000eb0   0x00000160   Code   RO          912    .text.HAL_I2C_Init  stm32f4xx_hal_i2c.o
    0x08001010   0x08001010   0x00000002   Code   RO         1020    .text.HAL_I2C_ListenCpltCallback  stm32f4xx_hal_i2c.o
    0x08001012   0x08001012   0x00000002   PAD
    0x08001014   0x08001014   0x00000002   Code   RO         1012    .text.HAL_I2C_MasterRxCpltCallback  stm32f4xx_hal_i2c.o
    0x08001016   0x08001016   0x00000002   PAD
    0x08001018   0x08001018   0x00000002   Code   RO         1010    .text.HAL_I2C_MasterTxCpltCallback  stm32f4xx_hal_i2c.o
    0x0800101a   0x0800101a   0x00000002   PAD
    0x0800101c   0x0800101c   0x00000002   Code   RO         1024    .text.HAL_I2C_MemRxCpltCallback  stm32f4xx_hal_i2c.o
    0x0800101e   0x0800101e   0x00000002   PAD
    0x08001020   0x08001020   0x00000002   Code   RO         1022    .text.HAL_I2C_MemTxCpltCallback  stm32f4xx_hal_i2c.o
    0x08001022   0x08001022   0x00000002   PAD
    0x08001024   0x08001024   0x00000094   Code   RO           68    .text.HAL_I2C_MspInit  i2c.o
    0x080010b8   0x080010b8   0x00000002   Code   RO         1016    .text.HAL_I2C_SlaveRxCpltCallback  stm32f4xx_hal_i2c.o
    0x080010ba   0x080010ba   0x00000002   PAD
    0x080010bc   0x080010bc   0x00000002   Code   RO         1014    .text.HAL_I2C_SlaveTxCpltCallback  stm32f4xx_hal_i2c.o
    0x080010be   0x080010be   0x00000002   PAD
    0x080010c0   0x080010c0   0x0000001a   Code   RO          831    .text.HAL_IncTick   stm32f4xx_hal.o
    0x080010da   0x080010da   0x00000002   PAD
    0x080010dc   0x080010dc   0x00000036   Code   RO          821    .text.HAL_Init      stm32f4xx_hal.o
    0x08001112   0x08001112   0x00000002   PAD
    0x08001114   0x08001114   0x000000b2   Code   RO          192    .text.HAL_InitTick  stm32f4xx_hal_timebase_tim.o
    0x080011c6   0x080011c6   0x00000002   PAD
    0x080011c8   0x080011c8   0x00000042   Code   RO          183    .text.HAL_MspInit   stm32f4xx_hal_msp.o
    0x0800120a   0x0800120a   0x00000002   PAD
    0x0800120c   0x0800120c   0x00000022   Code   RO          773    .text.HAL_NVIC_EnableIRQ  stm32f4xx_hal_cortex.o
    0x0800122e   0x0800122e   0x00000002   PAD
    0x08001230   0x08001230   0x00000056   Code   RO          771    .text.HAL_NVIC_SetPriority  stm32f4xx_hal_cortex.o
    0x08001286   0x08001286   0x00000002   PAD
    0x08001288   0x08001288   0x00000020   Code   RO          769    .text.HAL_NVIC_SetPriorityGrouping  stm32f4xx_hal_cortex.o
    0x080012a8   0x080012a8   0x00000160   Code   RO          530    .text.HAL_RCC_ClockConfig  stm32f4xx_hal_rcc.o
    0x08001408   0x08001408   0x0000003e   Code   RO          548    .text.HAL_RCC_GetClockConfig  stm32f4xx_hal_rcc.o
    0x08001446   0x08001446   0x00000002   PAD
    0x08001448   0x08001448   0x00000026   Code   RO          542    .text.HAL_RCC_GetPCLK1Freq  stm32f4xx_hal_rcc.o
    0x0800146e   0x0800146e   0x00000002   PAD
    0x08001470   0x08001470   0x00000026   Code   RO          544    .text.HAL_RCC_GetPCLK2Freq  stm32f4xx_hal_rcc.o
    0x08001496   0x08001496   0x00000002   PAD
    0x08001498   0x08001498   0x0000006a   Code   RO          532    .text.HAL_RCC_GetSysClockFreq  stm32f4xx_hal_rcc.o
    0x08001502   0x08001502   0x00000002   PAD
    0x08001504   0x08001504   0x00000370   Code   RO          528    .text.HAL_RCC_OscConfig  stm32f4xx_hal_rcc.o
    0x08001874   0x08001874   0x00000002   Code   RO          512    .text.HAL_TIMEx_BreakCallback  stm32f4xx_hal_tim_ex.o
    0x08001876   0x08001876   0x00000002   PAD
    0x08001878   0x08001878   0x00000002   Code   RO          508    .text.HAL_TIMEx_CommutCallback  stm32f4xx_hal_tim_ex.o
    0x0800187a   0x0800187a   0x00000002   PAD
    0x0800187c   0x0800187c   0x0000004c   Code   RO          504    .text.HAL_TIMEx_ConfigBreakDeadTime  stm32f4xx_hal_tim_ex.o
    0x080018c8   0x080018c8   0x000000b6   Code   RO          502    .text.HAL_TIMEx_MasterConfigSynchronization  stm32f4xx_hal_tim_ex.o
    0x0800197e   0x0800197e   0x00000002   PAD
    0x08001980   0x08001980   0x0000005a   Code   RO          207    .text.HAL_TIM_Base_Init  stm32f4xx_hal_tim.o
    0x080019da   0x080019da   0x00000002   PAD
    0x080019dc   0x080019dc   0x000000fc   Code   RO          101    .text.HAL_TIM_Base_MspInit  tim.o
    0x08001ad8   0x08001ad8   0x000000a8   Code   RO          221    .text.HAL_TIM_Base_Start_IT  stm32f4xx_hal_tim.o
    0x08001b80   0x08001b80   0x0000019a   Code   RO          387    .text.HAL_TIM_ConfigClockSource  stm32f4xx_hal_tim.o
    0x08001d1a   0x08001d1a   0x00000002   PAD
    0x08001d1c   0x08001d1c   0x000000b2   Code   RO          321    .text.HAL_TIM_Encoder_Init  stm32f4xx_hal_tim.o
    0x08001dce   0x08001dce   0x00000002   PAD
    0x08001dd0   0x08001dd0   0x00000190   Code   RO          103    .text.HAL_TIM_Encoder_MspInit  tim.o
    0x08001f60   0x08001f60   0x000000e2   Code   RO          333    .text.HAL_TIM_Encoder_Start_IT  stm32f4xx_hal_tim.o
    0x08002042   0x08002042   0x00000002   PAD
    0x08002044   0x08002044   0x00000002   Code   RO          343    .text.HAL_TIM_IC_CaptureCallback  stm32f4xx_hal_tim.o
    0x08002046   0x08002046   0x00000002   PAD
    0x08002048   0x08002048   0x0000014a   Code   RO          341    .text.HAL_TIM_IRQHandler  stm32f4xx_hal_tim.o
    0x08002192   0x08002192   0x00000002   PAD
    0x08002194   0x08002194   0x0000010e   Code   RO           83    .text.HAL_TIM_MspPostInit  tim.o
    0x080022a2   0x080022a2   0x00000002   PAD
    0x080022a4   0x080022a4   0x00000002   Code   RO          345    .text.HAL_TIM_OC_DelayElapsedCallback  stm32f4xx_hal_tim.o
    0x080022a6   0x080022a6   0x00000002   PAD
    0x080022a8   0x080022a8   0x00000214   Code   RO          361    .text.HAL_TIM_PWM_ConfigChannel  stm32f4xx_hal_tim.o
    0x080024bc   0x080024bc   0x0000005a   Code   RO          261    .text.HAL_TIM_PWM_Init  stm32f4xx_hal_tim.o
    0x08002516   0x08002516   0x00000002   PAD
    0x08002518   0x08002518   0x00000002   Code   RO          263    .text.HAL_TIM_PWM_MspInit  stm32f4xx_hal_tim.o
    0x0800251a   0x0800251a   0x00000002   PAD
    0x0800251c   0x0800251c   0x00000002   Code   RO          347    .text.HAL_TIM_PWM_PulseFinishedCallback  stm32f4xx_hal_tim.o
    0x0800251e   0x0800251e   0x00000002   PAD
    0x08002520   0x08002520   0x00000102   Code   RO          269    .text.HAL_TIM_PWM_Start  stm32f4xx_hal_tim.o
    0x08002622   0x08002622   0x00000002   PAD
    0x08002624   0x08002624   0x000001c4   Code   RO         1635    .text.HAL_TIM_PeriodElapsedCallback  mg513_gmr500ppr.o
    0x080027e8   0x080027e8   0x00000002   Code   RO          351    .text.HAL_TIM_TriggerCallback  stm32f4xx_hal_tim.o
    0x080027ea   0x080027ea   0x00000002   PAD
    0x080027ec   0x080027ec   0x00000002   Code   RO         1133    .text.HAL_UARTEx_RxEventCallback  stm32f4xx_hal_uart.o
    0x080027ee   0x080027ee   0x00000002   PAD
    0x080027f0   0x080027f0   0x00000002   Code   RO         1131    .text.HAL_UART_ErrorCallback  stm32f4xx_hal_uart.o
    0x080027f2   0x080027f2   0x00000002   PAD
    0x080027f4   0x080027f4   0x0000055c   Code   RO         1125    .text.HAL_UART_IRQHandler  stm32f4xx_hal_uart.o
    0x08002d50   0x08002d50   0x00000060   Code   RO         1047    .text.HAL_UART_Init  stm32f4xx_hal_uart.o
    0x08002db0   0x08002db0   0x000000cc   Code   RO          130    .text.HAL_UART_MspInit  usart.o
    0x08002e7c   0x08002e7c   0x00000052   Code   RO         1069    .text.HAL_UART_Receive_IT  stm32f4xx_hal_uart.o
    0x08002ece   0x08002ece   0x00000002   PAD
    0x08002ed0   0x08002ed0   0x00000074   Code   RO         1798    .text.HAL_UART_RxCpltCallback  ros2_comm.o
    0x08002f44   0x08002f44   0x000000ea   Code   RO         1063    .text.HAL_UART_Transmit  stm32f4xx_hal_uart.o
    0x0800302e   0x0800302e   0x00000002   PAD
    0x08003030   0x08003030   0x00000002   Code   RO         1135    .text.HAL_UART_TxCpltCallback  stm32f4xx_hal_uart.o
    0x08003032   0x08003032   0x00000002   PAD
    0x08003034   0x08003034   0x00000002   Code   RO          146    .text.HardFault_Handler  stm32f4xx_it.o
    0x08003036   0x08003036   0x00000002   PAD
    0x08003038   0x08003038   0x0000000c   Code   RO          164    .text.I2C2_ER_IRQHandler  stm32f4xx_it.o
    0x08003044   0x08003044   0x0000000c   Code   RO          162    .text.I2C2_EV_IRQHandler  stm32f4xx_it.o
    0x08003050   0x08003050   0x00000118   Code   RO          982    .text.I2C_DMAAbort  stm32f4xx_hal_i2c.o
    0x08003168   0x08003168   0x0000016a   Code   RO          994    .text.I2C_ITError   stm32f4xx_hal_i2c.o
    0x080032d2   0x080032d2   0x00000002   PAD
    0x080032d4   0x080032d4   0x000000f0   Code   RO         1006    .text.I2C_MasterReceive_BTF  stm32f4xx_hal_i2c.o
    0x080033c4   0x080033c4   0x00000140   Code   RO         1004    .text.I2C_MasterReceive_RXNE  stm32f4xx_hal_i2c.o
    0x08003504   0x08003504   0x00000080   Code   RO         1000    .text.I2C_MasterTransmit_BTF  stm32f4xx_hal_i2c.o
    0x08003584   0x08003584   0x000000b0   Code   RO          998    .text.I2C_MasterTransmit_TXE  stm32f4xx_hal_i2c.o
    0x08003634   0x08003634   0x000000ac   Code   RO         1002    .text.I2C_MemoryTransmit_TXE_BTF  stm32f4xx_hal_i2c.o
    0x080036e0   0x080036e0   0x000000f4   Code   RO           43    .text.MX_FREERTOS_Init  freertos.o
    0x080037d4   0x080037d4   0x00000074   Code   RO           33    .text.MX_GPIO_Init  gpio.o
    0x08003848   0x08003848   0x00000042   Code   RO           66    .text.MX_I2C2_Init  i2c.o
    0x0800388a   0x0800388a   0x00000002   PAD
    0x0800388c   0x0800388c   0x00000082   Code   RO           97    .text.MX_TIM10_Init  tim.o
    0x0800390e   0x0800390e   0x00000002   PAD
    0x08003910   0x08003910   0x00000082   Code   RO           99    .text.MX_TIM11_Init  tim.o
    0x08003992   0x08003992   0x00000002   PAD
    0x08003994   0x08003994   0x00000150   Code   RO           81    .text.MX_TIM1_Init  tim.o
    0x08003ae4   0x08003ae4   0x00000066   Code   RO           85    .text.MX_TIM2_Init  tim.o
    0x08003b4a   0x08003b4a   0x00000002   PAD
    0x08003b4c   0x08003b4c   0x0000006a   Code   RO           87    .text.MX_TIM3_Init  tim.o
    0x08003bb6   0x08003bb6   0x00000002   PAD
    0x08003bb8   0x08003bb8   0x0000006a   Code   RO           89    .text.MX_TIM4_Init  tim.o
    0x08003c22   0x08003c22   0x00000002   PAD
    0x08003c24   0x08003c24   0x0000006a   Code   RO           91    .text.MX_TIM5_Init  tim.o
    0x08003c8e   0x08003c8e   0x00000002   PAD
    0x08003c90   0x08003c90   0x00000050   Code   RO           93    .text.MX_TIM6_Init  tim.o
    0x08003ce0   0x08003ce0   0x000000c2   Code   RO           95    .text.MX_TIM9_Init  tim.o
    0x08003da2   0x08003da2   0x00000002   PAD
    0x08003da4   0x08003da4   0x0000003c   Code   RO          126    .text.MX_USART2_UART_Init  usart.o
    0x08003de0   0x08003de0   0x0000003c   Code   RO          128    .text.MX_USART3_UART_Init  usart.o
    0x08003e1c   0x08003e1c   0x00000002   Code   RO          148    .text.MemManage_Handler  stm32f4xx_it.o
    0x08003e1e   0x08003e1e   0x00000002   PAD
    0x08003e20   0x08003e20   0x00000002   Code   RO          144    .text.NMI_Handler   stm32f4xx_it.o
    0x08003e22   0x08003e22   0x0000000e   PAD
    0x08003e30   0x08003e30   0x00000064   Code   RO         1618    .text.PendSV_Handler  port.o
    0x08003e94   0x08003e94   0x0000000c   PAD
    0x08003ea0   0x08003ea0   0x00000024   Code   RO         1602    .text.SVC_Handler   port.o
    0x08003ec4   0x08003ec4   0x0000002e   Code   RO         1620    .text.SysTick_Handler  port.o
    0x08003ef2   0x08003ef2   0x00000002   PAD
    0x08003ef4   0x08003ef4   0x000000a6   Code   RO           13    .text.SystemClock_Config  main.o
    0x08003f9a   0x08003f9a   0x00000002   PAD
    0x08003f9c   0x08003f9c   0x00000012   Code   RO         1169    .text.SystemInit    system_stm32f4xx.o
    0x08003fae   0x08003fae   0x00000002   PAD
    0x08003fb0   0x08003fb0   0x0000000c   Code   RO          156    .text.TIM2_IRQHandler  stm32f4xx_it.o
    0x08003fbc   0x08003fbc   0x0000000c   Code   RO          158    .text.TIM3_IRQHandler  stm32f4xx_it.o
    0x08003fc8   0x08003fc8   0x0000000c   Code   RO          160    .text.TIM4_IRQHandler  stm32f4xx_it.o
    0x08003fd4   0x08003fd4   0x0000000c   Code   RO          170    .text.TIM5_IRQHandler  stm32f4xx_it.o
    0x08003fe0   0x08003fe0   0x0000000c   Code   RO          172    .text.TIM6_DAC_IRQHandler  stm32f4xx_it.o
    0x08003fec   0x08003fec   0x0000000c   Code   RO          174    .text.TIM7_IRQHandler  stm32f4xx_it.o
    0x08003ff8   0x08003ff8   0x00000134   Code   RO          211    .text.TIM_Base_SetConfig  stm32f4xx_hal_tim.o
    0x0800412c   0x0800412c   0x0000000c   Code   RO         1129    .text.UART_DMAAbortOnError  stm32f4xx_hal_uart.o
    0x08004138   0x08004138   0x000000fa   Code   RO         1127    .text.UART_Receive_IT  stm32f4xx_hal_uart.o
    0x08004232   0x08004232   0x00000002   PAD
    0x08004234   0x08004234   0x000000de   Code   RO         1051    .text.UART_SetConfig  stm32f4xx_hal_uart.o
    0x08004312   0x08004312   0x00000002   PAD
    0x08004314   0x08004314   0x00000024   Code   RO          166    .text.USART2_IRQHandler  stm32f4xx_it.o
    0x08004338   0x08004338   0x00000024   Code   RO          168    .text.USART3_IRQHandler  stm32f4xx_it.o
    0x0800435c   0x0800435c   0x00000002   Code   RO          152    .text.UsageFault_Handler  stm32f4xx_it.o
    0x0800435e   0x0800435e   0x00000002   PAD
    0x08004360   0x08004360   0x00000160   Code   RO         1672    .text._ZN14PID_Controller15All_Device_InitEv  pid_user.o
    0x080044c0   0x080044c0   0x00000168   Code   RO         1660    .text._ZN14PID_Controller4CORE8PID_CalcEP12pid_type_defff  pid.o
    0x08004628   0x08004628   0x0000002e   Code   RO         1658    .text._ZN14PID_Controller4CORE8PID_InitEP12pid_type_defhPKfff  pid.o
    0x08004656   0x08004656   0x00000002   PAD
    0x08004658   0x08004658   0x0000003a   Code   RO         1674    .text._ZN14PID_Controller5MOTOR16Velocity_RealizeEfi  pid_user.o
    0x08004692   0x08004692   0x00000002   PAD
    0x08004694   0x08004694   0x000000c2   Code   RO         1641    .text._ZN15MG513_GMR500PPR10AT8236_Cmd13PWM_Pulse_CMDEi  mg513_gmr500ppr.o
    0x08004756   0x08004756   0x00000002   PAD
    0x08004758   0x08004758   0x0000002c   Code   RO         1639    .text._ZN15MG513_GMR500PPR10AT8236_Cmd4InitEP17TIM_HandleTypeDefjS2_j  mg513_gmr500ppr.o
    0x08004784   0x08004784   0x00000004   PAD
    0x08004788   0x08004788   0x000003bc   Code   RO         1647    .text._ZN15MG513_GMR500PPR7Encoder23motor_message_filteringEP15Encoder_TypeDefP13Motor_TypeDeffh  mg513_gmr500ppr.o
    0x08004b44   0x08004b44   0x0000001a   Code   RO         1643    .text._ZN15MG513_GMR500PPR7Encoder4InitEP17TIM_HandleTypeDef  mg513_gmr500ppr.o
    0x08004b5e   0x08004b5e   0x00000002   PAD
    0x08004b60   0x08004b60   0x000000d8   Code   RO         1737    .text._ZN3UDB2RX13Data_AnalysisEPhssssss  udb.o
    0x08004c38   0x08004c38   0x00000372   Code   RO         1880    .text._ZN6SERIAL2RX10Buffer_SepEsssss  serial_pack.o
    0x08004faa   0x08004faa   0x00000002   PAD
    0x08004fac   0x08004fac   0x000001ac   Code   RO         1878    .text._ZN6SERIAL2RX13Data_AnalysisEPhhsssss  serial_pack.o
    0x08005158   0x08005158   0x000005e2   Code   RO         1874    .text._ZN6SERIAL2TX9Data_PackEhPbsPasPssPisPfs  serial_pack.o
    0x0800573a   0x0800573a   0x00000002   PAD
    0x0800573c   0x0800573c   0x000000b4   Code   RO         1713    .text._ZN7CHASSIS16Chassis_Loop_OutEv  chassis_api.o
    0x080057f0   0x080057f0   0x000000f4   Code   RO         1711    .text._ZN7CHASSIS23Chassis_Kinematics_CalcEv  chassis_api.o
    0x080058e4   0x080058e4   0x00000090   Code   RO         1707    .text._ZN7CHASSIS27Remote_Control_Chassis_ModeEv  chassis_api.o
    0x08005974   0x08005974   0x00000002   Code   RO         1709    .text._ZN7CHASSIS28Chassis_Orientation_AnalysisEv  chassis_api.o
    0x08005976   0x08005976   0x00000002   PAD
    0x08005978   0x08005978   0x0000002c   Code   RO         1705    .text._ZN7CHASSIS31Remote_Control_Chassis_Set_ModeEv  chassis_api.o
    0x080059a4   0x080059a4   0x000000f8   Code   RO         1724    .text.chassis_task  chassis_task.o
    0x08005a9c   0x08005a9c   0x00000006   Code   RO         1786    .text.imu_task      imu_task.o
    0x08005aa2   0x08005aa2   0x00000002   PAD
    0x08005aa4   0x08005aa4   0x0000004a   Code   RO           11    .text.main          main.o
    0x08005aee   0x08005aee   0x00000002   PAD
    0x08005af0   0x08005af0   0x00000010   Code   RO         1540    .text.osDelayUntil  cmsis_os.o
    0x08005b00   0x08005b00   0x0000000a   Code   RO         1456    .text.osKernelStart  cmsis_os.o
    0x08005b0a   0x08005b0a   0x00000002   PAD
    0x08005b0c   0x08005b0c   0x00000010   Code   RO         1460    .text.osKernelSysTick  cmsis_os.o
    0x08005b1c   0x08005b1c   0x00000046   Code   RO         1496    .text.osSemaphoreCreate  cmsis_os.o
    0x08005b62   0x08005b62   0x00000002   PAD
    0x08005b64   0x08005b64   0x00000052   Code   RO         1498    .text.osSemaphoreWait  cmsis_os.o
    0x08005bb6   0x08005bb6   0x00000002   PAD
    0x08005bb8   0x08005bb8   0x0000005c   Code   RO         1462    .text.osThreadCreate  cmsis_os.o
    0x08005c14   0x08005c14   0x000000a6   Code   RO         1344    .text.prvAddCurrentTaskToDelayedList  tasks.o
    0x08005cba   0x08005cba   0x00000002   PAD
    0x08005cbc   0x08005cbc   0x0000013e   Code   RO         1334    .text.prvAddNewTaskToReadyList  tasks.o
    0x08005dfa   0x08005dfa   0x00000002   PAD
    0x08005dfc   0x08005dfc   0x00000096   Code   RO         1366    .text.prvIdleTask   tasks.o
    0x08005e92   0x08005e92   0x00000002   PAD
    0x08005e94   0x08005e94   0x000000f2   Code   RO         1332    .text.prvInitialiseNewTask  tasks.o
    0x08005f86   0x08005f86   0x00000002   PAD
    0x08005f88   0x08005f88   0x00000028   Code   RO         1610    .text.prvPortStartFirstTask  port.o
    0x08005fb0   0x08005fb0   0x0000003e   Code   RO         1600    .text.prvTaskExitError  port.o
    0x08005fee   0x08005fee   0x00000002   PAD
    0x08005ff0   0x08005ff0   0x00000074   Code   RO         1243    .text.prvUnlockQueue  queue.o
    0x08006064   0x08006064   0x0000020c   Code   RO         1570    .text.pvPortMalloc  heap_4.o
    0x08006270   0x08006270   0x00000018   Code   RO         1410    .text.pvTaskIncrementMutexHeldCount  tasks.o
    0x08006288   0x08006288   0x00000024   Code   RO         1598    .text.pxPortInitialiseStack  port.o
    0x080062ac   0x080062ac   0x00000094   Code   RO         1796    .text.ros2_uart_task  ros2_comm.o
    0x08006340   0x08006340   0x0000003e   Code   RO           25    .text.startup_main  startup_main.o
    0x0800637e   0x0800637e   0x00000002   PAD
    0x08006380   0x08006380   0x00000022   Code   RO         1221    .text.uxListRemove  list.o
    0x080063a2   0x080063a2   0x00000002   PAD
    0x080063a4   0x080063a4   0x0000001a   Code   RO           41    .text.vApplicationGetIdleTaskMemory  freertos.o
    0x080063be   0x080063be   0x00000002   PAD
    0x080063c0   0x080063c0   0x00000016   Code   RO         1213    .text.vListInitialise  list.o
    0x080063d6   0x080063d6   0x00000002   PAD
    0x080063d8   0x080063d8   0x00000006   Code   RO         1215    .text.vListInitialiseItem  list.o
    0x080063de   0x080063de   0x00000002   PAD
    0x080063e0   0x080063e0   0x00000060   Code   RO         1219    .text.vListInsert   list.o
    0x08006440   0x08006440   0x0000001a   Code   RO         1217    .text.vListInsertEnd  list.o
    0x0800645a   0x0800645a   0x00000002   PAD
    0x0800645c   0x0800645c   0x00000014   Code   RO         1608    .text.vPortEnableVFP  port.o
    0x08006470   0x08006470   0x00000046   Code   RO         1614    .text.vPortEnterCritical  port.o
    0x080064b6   0x080064b6   0x00000002   PAD
    0x080064b8   0x080064b8   0x0000002e   Code   RO         1616    .text.vPortExitCritical  port.o
    0x080064e6   0x080064e6   0x00000002   PAD
    0x080064e8   0x080064e8   0x000000e8   Code   RO         1572    .text.vPortFree     heap_4.o
    0x080065d0   0x080065d0   0x00000034   Code   RO         1606    .text.vPortSetupTimerInterrupt  port.o
    0x08006604   0x08006604   0x00000062   Code   RO         1622    .text.vPortValidateInterruptPriority  port.o
    0x08006666   0x08006666   0x00000002   PAD
    0x08006668   0x08006668   0x000000c4   Code   RO         1348    .text.vTaskDelay    tasks.o
    0x0800672c   0x0800672c   0x0000010a   Code   RO         1340    .text.vTaskDelayUntil  tasks.o
    0x08006836   0x08006836   0x00000002   PAD
    0x08006838   0x08006838   0x0000001a   Code   RO         1392    .text.vTaskInternalSetTimeOutState  tasks.o
    0x08006852   0x08006852   0x00000002   PAD
    0x08006854   0x08006854   0x0000000e   Code   RO         1396    .text.vTaskMissedYield  tasks.o
    0x08006862   0x08006862   0x00000002   PAD
    0x08006864   0x08006864   0x00000036   Code   RO         1382    .text.vTaskPlaceOnEventList  tasks.o
    0x0800689a   0x0800689a   0x00000002   PAD
    0x0800689c   0x0800689c   0x000000b6   Code   RO         1406    .text.vTaskPriorityDisinheritAfterTimeout  tasks.o
    0x08006952   0x08006952   0x00000002   PAD
    0x08006954   0x08006954   0x000000e4   Code   RO         1364    .text.vTaskStartScheduler  tasks.o
    0x08006a38   0x08006a38   0x0000018e   Code   RO         1356    .text.vTaskSuspend  tasks.o
    0x08006bc6   0x08006bc6   0x00000002   PAD
    0x08006bc8   0x08006bc8   0x00000010   Code   RO         1342    .text.vTaskSuspendAll  tasks.o
    0x08006bd8   0x08006bd8   0x00000082   Code   RO         1358    .text.vTaskSwitchContext  tasks.o
    0x08006c5a   0x08006c5a   0x00000002   PAD
    0x08006c5c   0x08006c5c   0x0000018a   Code   RO         1604    .text.xPortStartScheduler  port.o
    0x08006de6   0x08006de6   0x00000002   PAD
    0x08006de8   0x08006de8   0x0000007e   Code   RO         1235    .text.xQueueGenericCreate  queue.o
    0x08006e66   0x08006e66   0x00000002   PAD
    0x08006e68   0x08006e68   0x000000d2   Code   RO         1233    .text.xQueueGenericCreateStatic  queue.o
    0x08006f3a   0x08006f3a   0x00000002   PAD
    0x08006f3c   0x08006f3c   0x00000298   Code   RO         1241    .text.xQueueGenericSend  queue.o
    0x080071d4   0x080071d4   0x000000b4   Code   RO         1247    .text.xQueueGiveFromISR  queue.o
    0x08007288   0x08007288   0x000000b8   Code   RO         1255    .text.xQueueReceiveFromISR  queue.o
    0x08007340   0x08007340   0x00000268   Code   RO         1251    .text.xQueueSemaphoreTake  queue.o
    0x080075a8   0x080075a8   0x0000008c   Code   RO         1394    .text.xTaskCheckForTimeOut  tasks.o
    0x08007634   0x08007634   0x0000005e   Code   RO         1336    .text.xTaskCreate   tasks.o
    0x08007692   0x08007692   0x00000002   PAD
    0x08007694   0x08007694   0x00000076   Code   RO         1330    .text.xTaskCreateStatic  tasks.o
    0x0800770a   0x0800770a   0x00000002   PAD
    0x0800770c   0x0800770c   0x00000026   Code   RO         1400    .text.xTaskGetSchedulerState  tasks.o
    0x08007732   0x08007732   0x00000002   PAD
    0x08007734   0x08007734   0x0000000c   Code   RO         1372    .text.xTaskGetTickCount  tasks.o
    0x08007740   0x08007740   0x00000012   Code   RO         1374    .text.xTaskGetTickCountFromISR  tasks.o
    0x08007752   0x08007752   0x00000002   PAD
    0x08007754   0x08007754   0x00000180   Code   RO         1370    .text.xTaskIncrementTick  tasks.o
    0x080078d4   0x080078d4   0x000000be   Code   RO         1404    .text.xTaskPriorityDisinherit  tasks.o
    0x08007992   0x08007992   0x00000002   PAD
    0x08007994   0x08007994   0x000000aa   Code   RO         1402    .text.xTaskPriorityInherit  tasks.o
    0x08007a3e   0x08007a3e   0x00000002   PAD
    0x08007a40   0x08007a40   0x00000090   Code   RO         1386    .text.xTaskRemoveFromEventList  tasks.o
    0x08007ad0   0x08007ad0   0x00000134   Code   RO         1346    .text.xTaskResumeAll  tasks.o
    0x08007c04   0x08007c04   0x00000062   Code   RO         1915    x$fpl$d2f           fz_wm.l(d2f.o)
    0x08007c66   0x08007c66   0x00000002   PAD
    0x08007c68   0x08007c68   0x000002b8   Code   RO         1918    x$fpl$ddiv          fz_wm.l(ddiv.o)
    0x08007f20   0x08007f20   0x0000002e   Code   RO         1922    x$fpl$dflt          fz_wm.l(dflt_clz.o)
    0x08007f4e   0x08007f4e   0x00000026   Code   RO         1921    x$fpl$dfltu         fz_wm.l(dflt_clz.o)
    0x08007f74   0x08007f74   0x00000154   Code   RO         1927    x$fpl$dmul          fz_wm.l(dmul.o)
    0x080080c8   0x080080c8   0x0000009c   Code   RO         1954    x$fpl$dnaninf       fz_wm.l(dnaninf.o)
    0x08008164   0x08008164   0x0000000c   Code   RO         1956    x$fpl$dretinf       fz_wm.l(dretinf.o)
    0x08008170   0x08008170   0x00000056   Code   RO         1929    x$fpl$f2d           fz_wm.l(f2d.o)
    0x080081c6   0x080081c6   0x0000008c   Code   RO         1958    x$fpl$fnaninf       fz_wm.l(fnaninf.o)
    0x08008252   0x08008252   0x0000001a   Code   RO         2096    x$fpl$fpinit        fz_wm.l(fpinit.o)
    0x0800826c   0x0800826c   0x0000000a   Code   RO         1960    x$fpl$fretinf       fz_wm.l(fretinf.o)
    0x08008276   0x08008276   0x00000000   Code   RO         1962    x$fpl$usenofp       fz_wm.l(usenofp.o)
    0x08008276   0x08008276   0x00000010   Data   RO         1174    .rodata.AHBPrescTable  system_stm32f4xx.o
    0x08008286   0x08008286   0x00000008   Data   RO         1175    .rodata.APBPrescTable  system_stm32f4xx.o
    0x0800828e   0x0800828e   0x00000025   Data   RO           54    .rodata.str1.1      freertos.o
    0x080082b3   0x080082b3   0x00000001   PAD
    0x080082b4   0x080082b4   0x00000020   Data   RO         2157    Region$$Table       anon$$obj.o


    Execution Region RW_IRAM1 (Exec base: 0x20000000, Load base: 0x080082d8, Size: 0x000051a8, Max: 0x0001c000, ABSOLUTE)

    Exec Addr    Load Addr    Size         Type   Attr      Idx    E Section Name        Object

    0x20000000   0x080082d8   0x00000004   Data   RW         1173    .data.SystemCoreClock  system_stm32f4xx.o
    0x20000004   0x080082dc   0x0000000c   Data   RW         1693    .data.m513_position_pid  pid_user.o
    0x20000010   0x080082e8   0x0000000c   Data   RW         1692    .data.mg513_speed_pid  pid_user.o
    0x2000001c   0x080082f4   0x0000000c   Data   RW         1695    .data.motor_pos_x_pid  pid_user.o
    0x20000028   0x08008300   0x0000000c   Data   RW         1696    .data.motor_pos_y_pid  pid_user.o
    0x20000034   0x0800830c   0x0000000c   Data   RW         1694    .data.motor_yaw_pid  pid_user.o
    0x20000040   0x08008318   0x00000001   Data   RW          876    .data.uwTickFreq    stm32f4xx_hal.o
    0x20000041   0x08008319   0x00000003   PAD
    0x20000044   0x0800831c   0x00000004   Data   RW          875    .data.uwTickPrio    stm32f4xx_hal.o
    0x20000048   0x08008320   0x00000004   Data   RW         1626    .data.uxCriticalNesting  port.o
    0x2000004c   0x08008324   0x00000004   PAD
    0x20000050        -       0x00000060   Zero   RW         2008    .bss                c_w.l(libspace.o)
    0x200000b0        -       0x00000004   Zero   RW           55    .bss.CHASSIS_TASKHandle  freertos.o
    0x200000b4        -       0x00000004   Zero   RW           56    .bss.IMU_TASKHandle  freertos.o
    0x200000b8        -       0x00000004   Zero   RW           53    .bss.MOTOR_ROS2_SemapHandle  freertos.o
    0x200000bc        -       0x00000004   Zero   RW           57    .bss.ROS2_UART_TASKHandle  freertos.o
    0x200000c0        -       0x00000001   Zero   RW         1751    .bss._ZZN3UDB2RX13Data_AnalysisEPhssssssE11finded_flag  udb.o
    0x200000c1   0x08008324   0x00000001   PAD
    0x200000c2        -       0x00000002   Zero   RW         1750    .bss._ZZN3UDB2RX13Data_AnalysisEPhssssssE6rx_cnt  udb.o
    0x200000c4        -       0x00000001   Zero   RW         1892    .bss._ZZN6SERIAL2RX13Data_AnalysisEPhhsssssE11finded_flag  serial_pack.o
    0x200000c5   0x08008324   0x00000001   PAD
    0x200000c6        -       0x00000002   Zero   RW         1893    .bss._ZZN6SERIAL2RX13Data_AnalysisEPhhsssssE14valid_data_len  serial_pack.o
    0x200000c8        -       0x00000002   Zero   RW         1891    .bss._ZZN6SERIAL2RX13Data_AnalysisEPhhsssssE6rx_cnt  serial_pack.o
    0x200000ca   0x08008324   0x00000002   PAD
    0x200000cc        -       0x0000000c   Zero   RW         1749    .bss.buffer         udb.o
    0x200000d8        -       0x00000049   Zero   RW         1715    .bss.chassis        chassis_api.o
    0x20000121   0x08008324   0x00000003   PAD
    0x20000124        -       0x00000018   Zero   RW         1800    .bss.cmd_vel_       ros2_comm.o
    0x2000013c        -       0x00000054   Zero   RW           72    .bss.hi2c2          i2c.o
    0x20000190        -       0x00000048   Zero   RW          109    .bss.htim1          tim.o
    0x200001d8        -       0x00000048   Zero   RW          116    .bss.htim10         tim.o
    0x20000220        -       0x00000048   Zero   RW          117    .bss.htim11         tim.o
    0x20000268        -       0x00000048   Zero   RW          110    .bss.htim2          tim.o
    0x200002b0        -       0x00000048   Zero   RW          111    .bss.htim3          tim.o
    0x200002f8        -       0x00000048   Zero   RW          112    .bss.htim4          tim.o
    0x20000340        -       0x00000048   Zero   RW          113    .bss.htim5          tim.o
    0x20000388        -       0x00000048   Zero   RW          114    .bss.htim6          tim.o
    0x200003d0        -       0x00000048   Zero   RW          198    .bss.htim7          stm32f4xx_hal_timebase_tim.o
    0x20000418        -       0x00000048   Zero   RW          115    .bss.htim9          tim.o
    0x20000460        -       0x00000048   Zero   RW          134    .bss.huart2         usart.o
    0x200004a8        -       0x00000048   Zero   RW          135    .bss.huart3         usart.o
    0x200004f0        -       0x00000240   Zero   RW         1649    .bss.mg513_gmr500ppr_motor  mg513_gmr500ppr.o
    0x20000730        -       0x00000003   Zero   RW         1686    .bss.pid_controller  pid_user.o
    0x20000733   0x08008324   0x00000001   PAD
    0x20000734        -       0x00000120   Zero   RW         1688    .bss.pid_pos_1      pid_user.o
    0x20000854        -       0x00000048   Zero   RW         1690    .bss.pid_pos_x      pid_user.o
    0x2000089c        -       0x00000048   Zero   RW         1691    .bss.pid_pos_y      pid_user.o
    0x200008e4        -       0x00000120   Zero   RW         1687    .bss.pid_v_1        pid_user.o
    0x20000a04        -       0x00000048   Zero   RW         1689    .bss.pid_yaw        pid_user.o
    0x20000a4c        -       0x00000004   Zero   RW         1426    .bss.pxCurrentTCB   tasks.o
    0x20000a50        -       0x00000004   Zero   RW         1442    .bss.pxDelayedTaskList  tasks.o
    0x20000a54        -       0x00000004   Zero   RW         1582    .bss.pxEnd          heap_4.o
    0x20000a58        -       0x00000004   Zero   RW         1443    .bss.pxOverflowDelayedTaskList  tasks.o
    0x20000a5c        -       0x0000008c   Zero   RW         1427    .bss.pxReadyTasksLists  tasks.o
    0x20000ae8        -       0x00000001   Zero   RW         1801    .bss.ros2_rx_buffer  ros2_comm.o
    0x20000ae9   0x08008324   0x00000003   PAD
    0x20000aec        -       0x00000178   Zero   RW         1890    .bss.serial_pack_   serial_pack.o
    0x20000c64        -       0x00003c00   Zero   RW         1589    .bss.ucHeap         heap_4.o
    0x20004864        -       0x00000001   Zero   RW         1624    .bss.ucMaxSysCallPriority  port.o
    0x20004865   0x08008324   0x00000003   PAD
    0x20004868        -       0x0000002c   Zero   RW         1748    .bss.udb            udb.o
    0x20004894        -       0x00000001   Zero   RW         1747    .bss.udb_rx_buffer  udb.o
    0x20004895   0x08008324   0x00000003   PAD
    0x20004898        -       0x00000004   Zero   RW         1625    .bss.ulMaxPRIGROUPValue  port.o
    0x2000489c        -       0x00000004   Zero   RW          877    .bss.uwTick         stm32f4xx_hal.o
    0x200048a0        -       0x00000004   Zero   RW         1432    .bss.uxCurrentNumberOfTasks  tasks.o
    0x200048a4        -       0x00000004   Zero   RW         1431    .bss.uxDeletedTasksWaitingCleanUp  tasks.o
    0x200048a8        -       0x00000004   Zero   RW         1434    .bss.uxSchedulerSuspended  tasks.o
    0x200048ac        -       0x00000004   Zero   RW         1429    .bss.uxTaskNumber   tasks.o
    0x200048b0        -       0x00000004   Zero   RW         1428    .bss.uxTopReadyPriority  tasks.o
    0x200048b4        -       0x00000001   Zero   RW         1583    .bss.xBlockAllocatedBit  heap_4.o
    0x200048b5   0x08008324   0x00000003   PAD
    0x200048b8        -       0x00000014   Zero   RW         1445    .bss.xDelayedTaskList1  tasks.o
    0x200048cc        -       0x00000014   Zero   RW         1446    .bss.xDelayedTaskList2  tasks.o
    0x200048e0        -       0x00000004   Zero   RW         1584    .bss.xFreeBytesRemaining  heap_4.o
    0x200048e4        -       0x00000200   Zero   RW           52    .bss.xIdleStack     freertos.o
    0x20004ae4        -       0x00000004   Zero   RW         1438    .bss.xIdleTaskHandle  tasks.o
    0x20004ae8        -       0x00000054   Zero   RW           51    .bss.xIdleTaskTCBBuffer  freertos.o
    0x20004b3c        -       0x00000004   Zero   RW         1586    .bss.xMinimumEverFreeBytesRemaining  heap_4.o
    0x20004b40        -       0x00000004   Zero   RW         1439    .bss.xNextTaskUnblockTime  tasks.o
    0x20004b44        -       0x00000004   Zero   RW         1444    .bss.xNumOfOverflows  tasks.o
    0x20004b48        -       0x00000004   Zero   RW         1587    .bss.xNumberOfSuccessfulAllocations  heap_4.o
    0x20004b4c        -       0x00000004   Zero   RW         1588    .bss.xNumberOfSuccessfulFrees  heap_4.o
    0x20004b50        -       0x00000004   Zero   RW         1441    .bss.xPendedTicks   tasks.o
    0x20004b54        -       0x00000014   Zero   RW         1437    .bss.xPendingReadyList  tasks.o
    0x20004b68        -       0x00000004   Zero   RW         1433    .bss.xSchedulerRunning  tasks.o
    0x20004b6c        -       0x00000008   Zero   RW         1585    .bss.xStart         heap_4.o
    0x20004b74        -       0x00000014   Zero   RW         1436    .bss.xSuspendedTaskList  tasks.o
    0x20004b88        -       0x00000014   Zero   RW         1430    .bss.xTasksWaitingTermination  tasks.o
    0x20004b9c        -       0x00000004   Zero   RW         1435    .bss.xTickCount     tasks.o
    0x20004ba0        -       0x00000004   Zero   RW         1440    .bss.xYieldPending  tasks.o
    0x20004ba4   0x08008324   0x00000004   PAD
    0x20004ba8        -       0x00000200   Zero   RW            2    HEAP                startup_stm32f407xx.o
    0x20004da8        -       0x00000400   Zero   RW            1    STACK               startup_stm32f407xx.o


    Execution Region RW_IRAM2 (Exec base: 0x2001c000, Load base: 0x08008328, Size: 0x00000000, Max: 0x00004000, ABSOLUTE)

    **** No section assigned to this execution region ****


==============================================================================

Image component sizes


      Code (inc. data)   RO Data    RW Data    ZI Data      Debug   Object Name

       614         28          0          0         73       4592   chassis_api.o
       248          0          0          0          0       2642   chassis_task.o
       286          0          0          0          0      23428   cmsis_os.o
       270         84         37          0        612       4588   freertos.o
       116          0          0          0          0       1564   gpio.o
       756          0          0          0      15389       5672   heap_4.o
       214          0          0          0         84       7234   i2c.o
         6          0          0          0          0       1842   imu_task.o
       184          0          0          0          0       2367   list.o
       246          0          0          0          0       3419   main.o
      1672         38          0          0        576      22928   mg513_gmr500ppr.o
       406          4          0          0          0       4870   pid.o
       410         20          0         60        795       6117   pid_user.o
      1000         16          0          4          5       4400   port.o
      2096          0          0          0          0      24097   queue.o
       264          0          0          0         25       4709   ros2_comm.o
      2816          0          0          0        381      20834   serial_pack.o
        62          0          0          0          0       2054   startup_main.o
        64         26        392          0       1536        884   startup_stm32f407xx.o
        92          0          0          5          4       7354   stm32f4xx_hal.o
       152          0          0          0          0      10773   stm32f4xx_hal_cortex.o
       170          0          0          0          0      10318   stm32f4xx_hal_dma.o
       414          0          0          0          0       5403   stm32f4xx_hal_gpio.o
      3840         16          0          0          0      50339   stm32f4xx_hal_i2c.o
        66          0          0          0          0       3587   stm32f4xx_hal_msp.o
      1476          0          0          0          0       7464   stm32f4xx_hal_rcc.o
      2600          4          0          0          0      56230   stm32f4xx_hal_tim.o
       262          0          0          0          0      21337   stm32f4xx_hal_tim_ex.o
       178          0          0          0         72       7304   stm32f4xx_hal_timebase_tim.o
      2274          0          0          0          0      30921   stm32f4xx_hal_uart.o
       180          0          0          0          0       7758   stm32f4xx_it.o
        18          0         24          4          0       2700   system_stm32f4xx.o
      4026          8          0          0        300      28559   tasks.o
      2212          4          0          0        648      14073   tim.o
       216          0          0          0         60       9388   udb.o
       324          0          0          0        144       7479   usart.o

    ----------------------------------------------------------------------
     30472        260        486         76      20732     429228   Object Totals
         0          0         32          0          0          0   (incl. Generated)
       242         12          1          3         28          0   (incl. Padding)

    ----------------------------------------------------------------------

      Code (inc. data)   RO Data    RW Data    ZI Data      Debug   Library Member Name

         8          0          0          0          0         68   __main.o
         0          0          0          0          0          0   __rtentry.o
        12          0          0          0          0          0   __rtentry2.o
         6          0          0          0          0          0   __rtentry4.o
        94          8          0          0          0          0   __scatter.o
        26          0          0          0          0          0   __scatter_copy.o
        28          0          0          0          0          0   __scatter_zi.o
        18          0          0          0          0         80   exit.o
         6          0          0          0          0        152   heapauxi.o
         0          0          0          0          0          0   indicate_semi.o
         2          0          0          0          0          0   libinit.o
         6          0          0          0          0          0   libinit2.o
         2          0          0          0          0          0   libshutdown.o
         2          0          0          0          0          0   libshutdown2.o
         8          4          0          0         96         68   libspace.o
       240          0          0          0          0        100   lludivv7m.o
        78          0          0          0          0         80   rt_memclr_w.o
       138          0          0          0          0         68   rt_memcpy_v6.o
       100          0          0          0          0         80   rt_memcpy_w.o
         2          0          0          0          0          0   rtexit.o
        10          0          0          0          0          0   rtexit2.o
        12          4          0          0          0         68   sys_exit.o
        74          0          0          0          0         80   sys_stackheap_outer.o
         2          0          0          0          0         68   use_no_semi.o
        98          4          0          0          0        140   d2f.o
       696        140          0          0          0        264   ddiv.o
        84          0          0          0          0        232   dflt_clz.o
       340         12          0          0          0        152   dmul.o
       156          4          0          0          0        140   dnaninf.o
        12          0          0          0          0        116   dretinf.o
        86          4          0          0          0        132   f2d.o
       140          4          0          0          0        132   fnaninf.o
        26          0          0          0          0        116   fpinit.o
        10          0          0          0          0        116   fretinf.o
         0          0          0          0          0          0   usenofp.o

    ----------------------------------------------------------------------
      2534        184          0          0         96       2452   Library Totals
        12          0          0          0          0          0   (incl. Padding)

    ----------------------------------------------------------------------

      Code (inc. data)   RO Data    RW Data    ZI Data      Debug   Library Name

       874         16          0          0         96        912   c_w.l
      1648        168          0          0          0       1540   fz_wm.l

    ----------------------------------------------------------------------
      2534        184          0          0         96       2452   Library Totals

    ----------------------------------------------------------------------

==============================================================================


      Code (inc. data)   RO Data    RW Data    ZI Data      Debug   

     33006        444        486         76      20828     429704   Grand Totals
     33006        444        486         76      20828     429704   ELF Image Totals
     33006        444        486         76          0          0   ROM Totals

==============================================================================

    Total RO  Size (Code + RO Data)                33492 (  32.71kB)
    Total RW  Size (RW Data + ZI Data)             20904 (  20.41kB)
    Total ROM Size (Code + RO Data + RW Data)      33568 (  32.78kB)

==============================================================================

