<html>
<body>
<pre>
<h1>µVision Build Log</h1>
<h2>Tool Versions:</h2>
IDE-Version: ¦ÌVision V5.41.0.0
Copyright (C) 2024 ARM Ltd and ARM Germany GmbH. All rights reserved.
License Information: chiahui tung
JNU
User-based license: Keil MDK Community (non-commercial free of charge)
Valid until: Jun 1 2033. Cached until: Jan 30 2025
 
Tool Versions:
Toolchain:       Keil MDK Community (non-commercial free of charge  Version: 5.41.0.0
Toolchain Path:  C:\Program Files\ARM\Keil_v5\ARM\ARMCLANG\Bin
C Compiler:      ArmClang.exe V6.22
Assembler:       Armasm.exe V6.22
Linker/Locator:  ArmLink.exe V6.22
Library Manager: ArmAr.exe V6.22
Hex Converter:   FromElf.exe V6.22
CPU DLL:         SARMCM3.DLL V5.41.0.0
Dialog DLL:      DCM.DLL V1.17.5.0
Target DLL:      STLink\ST-LINKIII-KEIL_SWO.dll V3.3.0.0
Dialog DLL:      TCM.DLL V1.56.4.0
 
<h2>Project:</h2>
C:\Users\tung\UserFolder\XiaomiCloud\Work\Source\CyberNaviRobot\MCU_MainController\MDK-ARM\Template.uvprojx
Project File Date:  01/23/2025

<h2>Output:</h2>
*** Using Compiler 'V6.22', folder: 'C:\Program Files\ARM\Keil_v5\ARM\ARMCLANG\Bin'
Build target 'Template'
compiling chassis_api.cpp...
linking...
Program Size: Code=35478 RO-data=630 RW-data=76 ZI-data=23300  
FromELF: creating hex file...
"Template\Template.axf" - 0 Error(s), 0 Warning(s).

<h2>Software Packages used:</h2>

Package Vendor: ARM
                https://www.keil.com/pack/ARM.CMSIS.6.1.0.pack
                ARM::CMSIS@6.1.0
                CMSIS (Common Microcontroller Software Interface Standard)
   * Component: CORE Version: 6.1.0

Package Vendor: Keil
                https://www.keil.com/pack/Keil.STM32F4xx_DFP.2.17.1.pack
                Keil::STM32F4xx_DFP@2.17.1
                STMicroelectronics STM32F4 Series Device Support, Drivers and Examples

<h2>Collection of Component include folders:</h2>
  ./RTE/_Template
  C:/Program Files/ARM/Keil_v5/Packs/ARM/CMSIS/6.1.0/CMSIS/Core/Include
  C:/Program Files/ARM/Keil_v5/Packs/Keil/STM32F4xx_DFP/2.17.1/Drivers/CMSIS/Device/ST/STM32F4xx/Include

<h2>Collection of Component Files used:</h2>

   * Component: ARM::CMSIS:CORE@6.1.0
      Include file:  CMSIS/Core/Include/tz_context.h
Build Time Elapsed:  00:00:00
</pre>
</body>
</html>
