Component: Arm Compiler for Embedded 6.22 Tool: armlink [5ee90200]

==============================================================================

Section Cross References

    startup_stm32f407xx.o(STACK) refers (Special) to heapauxi.o(.text) for __use_two_region_memory
    startup_stm32f407xx.o(HEAP) refers (Special) to heapauxi.o(.text) for __use_two_region_memory
    startup_stm32f407xx.o(RESET) refers (Special) to heapauxi.o(.text) for __use_two_region_memory
    startup_stm32f407xx.o(RESET) refers to startup_stm32f407xx.o(STACK) for __initial_sp
    startup_stm32f407xx.o(RESET) refers to startup_stm32f407xx.o(.text) for Reset_Handler
    startup_stm32f407xx.o(RESET) refers to stm32f4xx_it.o(.text.NMI_Handler) for NMI_Handler
    startup_stm32f407xx.o(RESET) refers to stm32f4xx_it.o(.text.HardFault_Handler) for HardFault_Handler
    startup_stm32f407xx.o(RESET) refers to stm32f4xx_it.o(.text.MemManage_Handler) for MemManage_Handler
    startup_stm32f407xx.o(RESET) refers to stm32f4xx_it.o(.text.BusFault_Handler) for BusFault_Handler
    startup_stm32f407xx.o(RESET) refers to stm32f4xx_it.o(.text.UsageFault_Handler) for UsageFault_Handler
    startup_stm32f407xx.o(RESET) refers to port.o(.text.SVC_Handler) for SVC_Handler
    startup_stm32f407xx.o(RESET) refers to stm32f4xx_it.o(.text.DebugMon_Handler) for DebugMon_Handler
    startup_stm32f407xx.o(RESET) refers to port.o(.text.PendSV_Handler) for PendSV_Handler
    startup_stm32f407xx.o(RESET) refers to cmsis_os2.o(.text.SysTick_Handler) for SysTick_Handler
    startup_stm32f407xx.o(RESET) refers to stm32f4xx_it.o(.text.DMA1_Stream1_IRQHandler) for DMA1_Stream1_IRQHandler
    startup_stm32f407xx.o(RESET) refers to stm32f4xx_it.o(.text.DMA1_Stream3_IRQHandler) for DMA1_Stream3_IRQHandler
    startup_stm32f407xx.o(RESET) refers to stm32f4xx_it.o(.text.DMA1_Stream5_IRQHandler) for DMA1_Stream5_IRQHandler
    startup_stm32f407xx.o(RESET) refers to stm32f4xx_it.o(.text.TIM2_IRQHandler) for TIM2_IRQHandler
    startup_stm32f407xx.o(RESET) refers to stm32f4xx_it.o(.text.TIM3_IRQHandler) for TIM3_IRQHandler
    startup_stm32f407xx.o(RESET) refers to stm32f4xx_it.o(.text.TIM4_IRQHandler) for TIM4_IRQHandler
    startup_stm32f407xx.o(RESET) refers to stm32f4xx_it.o(.text.I2C2_EV_IRQHandler) for I2C2_EV_IRQHandler
    startup_stm32f407xx.o(RESET) refers to stm32f4xx_it.o(.text.I2C2_ER_IRQHandler) for I2C2_ER_IRQHandler
    startup_stm32f407xx.o(RESET) refers to stm32f4xx_it.o(.text.USART2_IRQHandler) for USART2_IRQHandler
    startup_stm32f407xx.o(RESET) refers to stm32f4xx_it.o(.text.USART3_IRQHandler) for USART3_IRQHandler
    startup_stm32f407xx.o(RESET) refers to stm32f4xx_it.o(.text.TIM5_IRQHandler) for TIM5_IRQHandler
    startup_stm32f407xx.o(RESET) refers to stm32f4xx_it.o(.text.TIM6_DAC_IRQHandler) for TIM6_DAC_IRQHandler
    startup_stm32f407xx.o(RESET) refers to stm32f4xx_it.o(.text.TIM7_IRQHandler) for TIM7_IRQHandler
    startup_stm32f407xx.o(.text) refers (Special) to heapauxi.o(.text) for __use_two_region_memory
    startup_stm32f407xx.o(.text) refers to system_stm32f4xx.o(.text.SystemInit) for SystemInit
    startup_stm32f407xx.o(.text) refers to __main.o(!!!main) for __main
    startup_stm32f407xx.o(.text) refers to startup_stm32f407xx.o(HEAP) for Heap_Mem
    startup_stm32f407xx.o(.text) refers to startup_stm32f407xx.o(STACK) for Stack_Mem
    startup_main.o(.text.startup_main) refers to tim.o(.bss.htim6) for htim6
    startup_main.o(.text.startup_main) refers to stm32f4xx_hal_tim.o(.text.HAL_TIM_Base_Start_IT) for HAL_TIM_Base_Start_IT
    startup_main.o(.text.startup_main) refers to usart.o(.bss.huart2) for huart2
    startup_main.o(.text.startup_main) refers to udb.o(.bss.udb_rx_buffer) for udb_rx_buffer
    startup_main.o(.text.startup_main) refers to stm32f4xx_hal_uart.o(.text.HAL_UARTEx_ReceiveToIdle_DMA) for HAL_UARTEx_ReceiveToIdle_DMA
    startup_main.o(.text.startup_main) refers to usart.o(.bss.huart3) for huart3
    startup_main.o(.text.startup_main) refers to ros2_comm.o(.bss.ros2_rx_buffer) for ros2_rx_buffer
    startup_main.o(.ARM.exidx.text.startup_main) refers to startup_main.o(.text.startup_main) for [Anonymous Symbol]
    main.o(.text.main) refers to stm32f4xx_hal.o(.text.HAL_Init) for HAL_Init
    main.o(.text.main) refers to main.o(.text.SystemClock_Config) for SystemClock_Config
    main.o(.text.main) refers to gpio.o(.text.MX_GPIO_Init) for MX_GPIO_Init
    main.o(.text.main) refers to dma.o(.text.MX_DMA_Init) for MX_DMA_Init
    main.o(.text.main) refers to tim.o(.text.MX_TIM2_Init) for MX_TIM2_Init
    main.o(.text.main) refers to tim.o(.text.MX_TIM6_Init) for MX_TIM6_Init
    main.o(.text.main) refers to tim.o(.text.MX_TIM10_Init) for MX_TIM10_Init
    main.o(.text.main) refers to tim.o(.text.MX_TIM11_Init) for MX_TIM11_Init
    main.o(.text.main) refers to tim.o(.text.MX_TIM1_Init) for MX_TIM1_Init
    main.o(.text.main) refers to tim.o(.text.MX_TIM3_Init) for MX_TIM3_Init
[...]
    DMA2_Stream5_IRQHandler                  0x0800026f   Thumb Code     0  startup_stm32f407xx.o(.text)
    DMA2_Stream6_IRQHandler                  0x0800026f   Thumb Code     0  startup_stm32f407xx.o(.text)
    DMA2_Stream7_IRQHandler                  0x0800026f   Thumb Code     0  startup_stm32f407xx.o(.text)
    ETH_IRQHandler                           0x0800026f   Thumb Code     0  startup_stm32f407xx.o(.text)
    ETH_WKUP_IRQHandler                      0x0800026f   Thumb Code     0  startup_stm32f407xx.o(.text)
    EXTI0_IRQHandler                         0x0800026f   Thumb Code     0  startup_stm32f407xx.o(.text)
    EXTI15_10_IRQHandler                     0x0800026f   Thumb Code     0  startup_stm32f407xx.o(.text)
    EXTI1_IRQHandler                         0x0800026f   Thumb Code     0  startup_stm32f407xx.o(.text)
    EXTI2_IRQHandler                         0x0800026f   Thumb Code     0  startup_stm32f407xx.o(.text)
    EXTI3_IRQHandler                         0x0800026f   Thumb Code     0  startup_stm32f407xx.o(.text)
    EXTI4_IRQHandler                         0x0800026f   Thumb Code     0  startup_stm32f407xx.o(.text)
    EXTI9_5_IRQHandler                       0x0800026f   Thumb Code     0  startup_stm32f407xx.o(.text)
    FLASH_IRQHandler                         0x0800026f   Thumb Code     0  startup_stm32f407xx.o(.text)
    FMC_IRQHandler                           0x0800026f   Thumb Code     0  startup_stm32f407xx.o(.text)
    FPU_IRQHandler                           0x0800026f   Thumb Code     0  startup_stm32f407xx.o(.text)
    HASH_RNG_IRQHandler                      0x0800026f   Thumb Code     0  startup_stm32f407xx.o(.text)
    I2C1_ER_IRQHandler                       0x0800026f   Thumb Code     0  startup_stm32f407xx.o(.text)
    I2C1_EV_IRQHandler                       0x0800026f   Thumb Code     0  startup_stm32f407xx.o(.text)
    I2C3_ER_IRQHandler                       0x0800026f   Thumb Code     0  startup_stm32f407xx.o(.text)
    I2C3_EV_IRQHandler                       0x0800026f   Thumb Code     0  startup_stm32f407xx.o(.text)
    OTG_FS_IRQHandler                        0x0800026f   Thumb Code     0  startup_stm32f407xx.o(.text)
    OTG_FS_WKUP_IRQHandler                   0x0800026f   Thumb Code     0  startup_stm32f407xx.o(.text)
    OTG_HS_EP1_IN_IRQHandler                 0x0800026f   Thumb Code     0  startup_stm32f407xx.o(.text)
    OTG_HS_EP1_OUT_IRQHandler                0x0800026f   Thumb Code     0  startup_stm32f407xx.o(.text)
    OTG_HS_IRQHandler                        0x0800026f   Thumb Code     0  startup_stm32f407xx.o(.text)
    OTG_HS_WKUP_IRQHandler                   0x0800026f   Thumb Code     0  startup_stm32f407xx.o(.text)
    PVD_IRQHandler                           0x0800026f   Thumb Code     0  startup_stm32f407xx.o(.text)
    RCC_IRQHandler                           0x0800026f   Thumb Code     0  startup_stm32f407xx.o(.text)
    RTC_Alarm_IRQHandler                     0x0800026f   Thumb Code     0  startup_stm32f407xx.o(.text)
    RTC_WKUP_IRQHandler                      0x0800026f   Thumb Code     0  startup_stm32f407xx.o(.text)
    SDIO_IRQHandler                          0x0800026f   Thumb Code     0  startup_stm32f407xx.o(.text)
    SPI1_IRQHandler                          0x0800026f   Thumb Code     0  startup_stm32f407xx.o(.text)
    SPI2_IRQHandler                          0x0800026f   Thumb Code     0  startup_stm32f407xx.o(.text)
    SPI3_IRQHandler                          0x0800026f   Thumb Code     0  startup_stm32f407xx.o(.text)
    TAMP_STAMP_IRQHandler                    0x0800026f   Thumb Code     0  startup_stm32f407xx.o(.text)
    TIM1_BRK_TIM9_IRQHandler                 0x0800026f   Thumb Code     0  startup_stm32f407xx.o(.text)
    TIM1_CC_IRQHandler                       0x0800026f   Thumb Code     0  startup_stm32f407xx.o(.text)
    TIM1_TRG_COM_TIM11_IRQHandler            0x0800026f   Thumb Code     0  startup_stm32f407xx.o(.text)
    TIM1_UP_TIM10_IRQHandler                 0x0800026f   Thumb Code     0  startup_stm32f407xx.o(.text)
    TIM8_BRK_TIM12_IRQHandler                0x0800026f   Thumb Code     0  startup_stm32f407xx.o(.text)
    TIM8_CC_IRQHandler                       0x0800026f   Thumb Code     0  startup_stm32f407xx.o(.text)
    TIM8_TRG_COM_TIM14_IRQHandler            0x0800026f   Thumb Code     0  startup_stm32f407xx.o(.text)
    TIM8_UP_TIM13_IRQHandler                 0x0800026f   Thumb Code     0  startup_stm32f407xx.o(.text)
    UART4_IRQHandler                         0x0800026f   Thumb Code     0  startup_stm32f407xx.o(.text)
    UART5_IRQHandler                         0x0800026f   Thumb Code     0  startup_stm32f407xx.o(.text)
    USART1_IRQHandler                        0x0800026f   Thumb Code     0  startup_stm32f407xx.o(.text)
    USART6_IRQHandler                        0x0800026f   Thumb Code     0  startup_stm32f407xx.o(.text)
    WWDG_IRQHandler                          0x0800026f   Thumb Code     0  startup_stm32f407xx.o(.text)
    __user_initial_stackheap                 0x08000271   Thumb Code     0  startup_stm32f407xx.o(.text)
    __aeabi_uldivmod                         0x08000295   Thumb Code     0  lludivv7m.o(.text)
    _ll_udiv                                 0x08000295   Thumb Code   240  lludivv7m.o(.text)
    __aeabi_memcpy                           0x08000385   Thumb Code     0  rt_memcpy_v6.o(.text)
    __rt_memcpy                              0x08000385   Thumb Code   138  rt_memcpy_v6.o(.text)
    _memcpy_lastbytes                        0x080003eb   Thumb Code     0  rt_memcpy_v6.o(.text)
    __aeabi_memset4                          0x0800040f   Thumb Code    16  aeabi_memset4.o(.text)
    __aeabi_memset8                          0x0800040f   Thumb Code     0  aeabi_memset4.o(.text)
    __aeabi_memclr4                          0x0800041f   Thumb Code     0  rt_memclr_w.o(.text)
    __aeabi_memclr8                          0x0800041f   Thumb Code     0  rt_memclr_w.o(.text)
    __rt_memclr_w                            0x0800041f   Thumb Code     0  rt_memclr_w.o(.text)
    _memset_w                                0x08000423   Thumb Code    74  rt_memclr_w.o(.text)
    __use_two_region_memory                  0x0800046d   Thumb Code     2  heapauxi.o(.text)
    __rt_heap_escrow$2region                 0x0800046f   Thumb Code     2  heapauxi.o(.text)
    __rt_heap_expand$2region                 0x08000471   Thumb Code     2  heapauxi.o(.text)
    __aeabi_memcpy4                          0x08000473   Thumb Code     0  rt_memcpy_w.o(.text)
    __aeabi_memcpy8                          0x08000473   Thumb Code     0  rt_memcpy_w.o(.text)
    __rt_memcpy_w                            0x08000473   Thumb Code   100  rt_memcpy_w.o(.text)
    _memcpy_lastbytes_aligned                0x080004bb   Thumb Code     0  rt_memcpy_w.o(.text)
    __user_libspace                          0x080004d9   Thumb Code     8  libspace.o(.text)
    __user_perproc_libspace                  0x080004d9   Thumb Code     0  libspace.o(.text)
    __user_perthread_libspace                0x080004d9   Thumb Code     0  libspace.o(.text)
    __user_setup_stackheap                   0x080004e1   Thumb Code    74  sys_stackheap_outer.o(.text)
    exit                                     0x0800052b   Thumb Code    18  exit.o(.text)
    _sys_exit                                0x0800053d   Thumb Code     8  sys_exit.o(.text)
    __I$use$semihosting                      0x08000549   Thumb Code     0  use_no_semi.o(.text)
    __use_no_semihosting_swi                 0x08000549   Thumb Code     2  use_no_semi.o(.text)
    __semihosting_library_function           0x0800054b   Thumb Code     0  indicate_semi.o(.text)
    BusFault_Handler                         0x0800054d   Thumb Code     2  stm32f4xx_it.o(.text.BusFault_Handler)
    DMA1_Stream1_IRQHandler                  0x08000551   Thumb Code    12  stm32f4xx_it.o(.text.DMA1_Stream1_IRQHandler)
    DMA1_Stream3_IRQHandler                  0x0800055d   Thumb Code    12  stm32f4xx_it.o(.text.DMA1_Stream3_IRQHandler)
    DMA1_Stream5_IRQHandler                  0x08000569   Thumb Code    12  stm32f4xx_it.o(.text.DMA1_Stream5_IRQHandler)
    DebugMon_Handler                         0x08000575   Thumb Code     2  stm32f4xx_it.o(.text.DebugMon_Handler)
    Error_Handler                            0x08000579   Thumb Code     6  main.o(.text.Error_Handler)
    HAL_DMA_Abort                            0x08000581   Thumb Code   142  stm32f4xx_hal_dma.o(.text.HAL_DMA_Abort)
    HAL_DMA_Abort_IT                         0x08000611   Thumb Code    36  stm32f4xx_hal_dma.o(.text.HAL_DMA_Abort_IT)
    HAL_DMA_GetState                         0x08000635   Thumb Code     6  stm32f4xx_hal_dma.o(.text.HAL_DMA_GetState)
    HAL_DMA_IRQHandler                       0x0800063d   Thumb Code   452  stm32f4xx_hal_dma.o(.text.HAL_DMA_IRQHandler)
    HAL_DMA_Init                             0x08000801   Thumb Code   354  stm32f4xx_hal_dma.o(.text.HAL_DMA_Init)
    HAL_DMA_Start_IT                         0x08000965   Thumb Code   162  stm32f4xx_hal_dma.o(.text.HAL_DMA_Start_IT)
    HAL_GPIO_Init                            0x08000a09   Thumb Code   414  stm32f4xx_hal_gpio.o(.text.HAL_GPIO_Init)
    HAL_GetTick                              0x08000ba9   Thumb Code    12  stm32f4xx_hal.o(.text.HAL_GetTick)
    HAL_I2C_AbortCpltCallback                0x08000bb5   Thumb Code     2  stm32f4xx_hal_i2c.o(.text.HAL_I2C_AbortCpltCallback)
    HAL_I2C_AddrCallback                     0x08000bb9   Thumb Code     2  stm32f4xx_hal_i2c.o(.text.HAL_I2C_AddrCallback)
    HAL_I2C_ER_IRQHandler                    0x08000bbd   Thumb Code   336  stm32f4xx_hal_i2c.o(.text.HAL_I2C_ER_IRQHandler)
    HAL_I2C_EV_IRQHandler                    0x08000d0d   Thumb Code  1532  stm32f4xx_hal_i2c.o(.text.HAL_I2C_EV_IRQHandler)
    HAL_I2C_ErrorCallback                    0x08001309   Thumb Code     2  stm32f4xx_hal_i2c.o(.text.HAL_I2C_ErrorCallback)
    HAL_I2C_Init                             0x0800130d   Thumb Code   356  stm32f4xx_hal_i2c.o(.text.HAL_I2C_Init)
    HAL_I2C_ListenCpltCallback               0x08001471   Thumb Code     2  stm32f4xx_hal_i2c.o(.text.HAL_I2C_ListenCpltCallback)
    HAL_I2C_MasterRxCpltCallback             0x08001475   Thumb Code     2  stm32f4xx_hal_i2c.o(.text.HAL_I2C_MasterRxCpltCallback)
    HAL_I2C_MasterTxCpltCallback             0x08001479   Thumb Code     2  stm32f4xx_hal_i2c.o(.text.HAL_I2C_MasterTxCpltCallback)
    HAL_I2C_MemRxCpltCallback                0x0800147d   Thumb Code     2  stm32f4xx_hal_i2c.o(.text.HAL_I2C_MemRxCpltCallback)
    HAL_I2C_MemTxCpltCallback                0x08001481   Thumb Code     2  stm32f4xx_hal_i2c.o(.text.HAL_I2C_MemTxCpltCallback)
    HAL_I2C_MspInit                          0x08001485   Thumb Code   150  i2c.o(.text.HAL_I2C_MspInit)
    HAL_I2C_SlaveRxCpltCallback              0x0800151d   Thumb Code     2  stm32f4xx_hal_i2c.o(.text.HAL_I2C_SlaveRxCpltCallback)
    HAL_I2C_SlaveTxCpltCallback              0x08001521   Thumb Code     2  stm32f4xx_hal_i2c.o(.text.HAL_I2C_SlaveTxCpltCallback)
    HAL_IncTick                              0x08001525   Thumb Code    26  stm32f4xx_hal.o(.text.HAL_IncTick)
    HAL_Init                                 0x08001541   Thumb Code    54  stm32f4xx_hal.o(.text.HAL_Init)
    HAL_InitTick                             0x08001579   Thumb Code   178  stm32f4xx_hal_timebase_tim.o(.text.HAL_InitTick)
    HAL_MspInit                              0x0800162d   Thumb Code    66  stm32f4xx_hal_msp.o(.text.HAL_MspInit)
    HAL_NVIC_EnableIRQ                       0x08001671   Thumb Code    34  stm32f4xx_hal_cortex.o(.text.HAL_NVIC_EnableIRQ)
    HAL_NVIC_SetPriority                     0x08001695   Thumb Code    86  stm32f4xx_hal_cortex.o(.text.HAL_NVIC_SetPriority)
    HAL_NVIC_SetPriorityGrouping             0x080016ed   Thumb Code    32  stm32f4xx_hal_cortex.o(.text.HAL_NVIC_SetPriorityGrouping)
    HAL_RCC_ClockConfig                      0x0800170d   Thumb Code   356  stm32f4xx_hal_rcc.o(.text.HAL_RCC_ClockConfig)
    HAL_RCC_GetClockConfig                   0x08001871   Thumb Code    62  stm32f4xx_hal_rcc.o(.text.HAL_RCC_GetClockConfig)
    HAL_RCC_GetPCLK1Freq                     0x080018b1   Thumb Code    38  stm32f4xx_hal_rcc.o(.text.HAL_RCC_GetPCLK1Freq)
    HAL_RCC_GetPCLK2Freq                     0x080018d9   Thumb Code    38  stm32f4xx_hal_rcc.o(.text.HAL_RCC_GetPCLK2Freq)
    HAL_RCC_GetSysClockFreq                  0x08001901   Thumb Code   108  stm32f4xx_hal_rcc.o(.text.HAL_RCC_GetSysClockFreq)
    HAL_RCC_OscConfig                        0x0800196d   Thumb Code   940  stm32f4xx_hal_rcc.o(.text.HAL_RCC_OscConfig)
    HAL_TIMEx_BreakCallback                  0x08001d19   Thumb Code     2  stm32f4xx_hal_tim_ex.o(.text.HAL_TIMEx_BreakCallback)
    HAL_TIMEx_CommutCallback                 0x08001d1d   Thumb Code     2  stm32f4xx_hal_tim_ex.o(.text.HAL_TIMEx_CommutCallback)
    HAL_TIMEx_ConfigBreakDeadTime            0x08001d21   Thumb Code    76  stm32f4xx_hal_tim_ex.o(.text.HAL_TIMEx_ConfigBreakDeadTime)
    HAL_TIMEx_MasterConfigSynchronization    0x08001d6d   Thumb Code   186  stm32f4xx_hal_tim_ex.o(.text.HAL_TIMEx_MasterConfigSynchronization)
    HAL_TIM_Base_Init                        0x08001e29   Thumb Code    90  stm32f4xx_hal_tim.o(.text.HAL_TIM_Base_Init)
    HAL_TIM_Base_MspInit                     0x08001e85   Thumb Code   258  tim.o(.text.HAL_TIM_Base_MspInit)
    HAL_TIM_Base_Start_IT                    0x08001f89   Thumb Code   170  stm32f4xx_hal_tim.o(.text.HAL_TIM_Base_Start_IT)
    HAL_TIM_ConfigClockSource                0x08002035   Thumb Code   416  stm32f4xx_hal_tim.o(.text.HAL_TIM_ConfigClockSource)
    HAL_TIM_Encoder_Init                     0x080021d5   Thumb Code   178  stm32f4xx_hal_tim.o(.text.HAL_TIM_Encoder_Init)
    HAL_TIM_Encoder_MspInit                  0x08002289   Thumb Code   400  tim.o(.text.HAL_TIM_Encoder_MspInit)
    HAL_TIM_Encoder_Start_IT                 0x08002419   Thumb Code   230  stm32f4xx_hal_tim.o(.text.HAL_TIM_Encoder_Start_IT)
    HAL_TIM_IC_CaptureCallback               0x08002501   Thumb Code     2  stm32f4xx_hal_tim.o(.text.HAL_TIM_IC_CaptureCallback)
    HAL_TIM_IRQHandler                       0x08002505   Thumb Code   334  stm32f4xx_hal_tim.o(.text.HAL_TIM_IRQHandler)
    HAL_TIM_MspPostInit                      0x08002655   Thumb Code   272  tim.o(.text.HAL_TIM_MspPostInit)
    HAL_TIM_OC_DelayElapsedCallback          0x08002765   Thumb Code     2  stm32f4xx_hal_tim.o(.text.HAL_TIM_OC_DelayElapsedCallback)
    HAL_TIM_PWM_ConfigChannel                0x08002769   Thumb Code   544  stm32f4xx_hal_tim.o(.text.HAL_TIM_PWM_ConfigChannel)
    HAL_TIM_PWM_Init                         0x08002989   Thumb Code    90  stm32f4xx_hal_tim.o(.text.HAL_TIM_PWM_Init)
    HAL_TIM_PWM_MspInit                      0x080029e5   Thumb Code     2  stm32f4xx_hal_tim.o(.text.HAL_TIM_PWM_MspInit)
    HAL_TIM_PWM_PulseFinishedCallback        0x080029e9   Thumb Code     2  stm32f4xx_hal_tim.o(.text.HAL_TIM_PWM_PulseFinishedCallback)
    HAL_TIM_PWM_Start                        0x080029ed   Thumb Code   270  stm32f4xx_hal_tim.o(.text.HAL_TIM_PWM_Start)
    HAL_TIM_PeriodElapsedCallback            0x08002afd   Thumb Code   452  mg513_gmr500ppr.o(.text.HAL_TIM_PeriodElapsedCallback)
    HAL_TIM_TriggerCallback                  0x08002cc9   Thumb Code     2  stm32f4xx_hal_tim.o(.text.HAL_TIM_TriggerCallback)
    HAL_UARTEx_ReceiveToIdle_DMA             0x08002ccd   Thumb Code   484  stm32f4xx_hal_uart.o(.text.HAL_UARTEx_ReceiveToIdle_DMA)
    HAL_UARTEx_RxEventCallback               0x08002eb1   Thumb Code   398  ros2_comm.o(.text.HAL_UARTEx_RxEventCallback)
    HAL_UART_ErrorCallback                   0x08003041   Thumb Code     2  stm32f4xx_hal_uart.o(.text.HAL_UART_ErrorCallback)
    HAL_UART_IRQHandler                      0x08003045   Thumb Code  1392  stm32f4xx_hal_uart.o(.text.HAL_UART_IRQHandler)
    HAL_UART_Init                            0x080035b5   Thumb Code    96  stm32f4xx_hal_uart.o(.text.HAL_UART_Init)
    HAL_UART_MspInit                         0x08003615   Thumb Code   438  usart.o(.text.HAL_UART_MspInit)
    HAL_UART_RxCpltCallback                  0x080037cd   Thumb Code     2  stm32f4xx_hal_uart.o(.text.HAL_UART_RxCpltCallback)
    HAL_UART_RxHalfCpltCallback              0x080037d1   Thumb Code     2  stm32f4xx_hal_uart.o(.text.HAL_UART_RxHalfCpltCallback)
    HAL_UART_Transmit_DMA                    0x080037d5   Thumb Code   188  stm32f4xx_hal_uart.o(.text.HAL_UART_Transmit_DMA)
    HAL_UART_TxCpltCallback                  0x08003891   Thumb Code     2  stm32f4xx_hal_uart.o(.text.HAL_UART_TxCpltCallback)
    HAL_UART_TxHalfCpltCallback              0x08003895   Thumb Code     2  stm32f4xx_hal_uart.o(.text.HAL_UART_TxHalfCpltCallback)
    HardFault_Handler                        0x08003899   Thumb Code     2  stm32f4xx_it.o(.text.HardFault_Handler)
    I2C2_ER_IRQHandler                       0x0800389d   Thumb Code    12  stm32f4xx_it.o(.text.I2C2_ER_IRQHandler)
    I2C2_EV_IRQHandler                       0x080038a9   Thumb Code    12  stm32f4xx_it.o(.text.I2C2_EV_IRQHandler)
    MX_DMA_Init                              0x08003f9d   Thumb Code    88  dma.o(.text.MX_DMA_Init)
    MX_FREERTOS_Init                         0x08003ff5   Thumb Code   102  freertos.o(.text.MX_FREERTOS_Init)
    MX_GPIO_Init                             0x0800405d   Thumb Code   116  gpio.o(.text.MX_GPIO_Init)
    MX_I2C2_Init                             0x080040d1   Thumb Code    66  i2c.o(.text.MX_I2C2_Init)
    MX_TIM10_Init                            0x08004115   Thumb Code   130  tim.o(.text.MX_TIM10_Init)
    MX_TIM11_Init                            0x08004199   Thumb Code   130  tim.o(.text.MX_TIM11_Init)
    MX_TIM1_Init                             0x0800421d   Thumb Code   336  tim.o(.text.MX_TIM1_Init)
    MX_TIM2_Init                             0x0800436d   Thumb Code   102  tim.o(.text.MX_TIM2_Init)
    MX_TIM3_Init                             0x080043d5   Thumb Code   106  tim.o(.text.MX_TIM3_Init)
    MX_TIM4_Init                             0x08004441   Thumb Code   106  tim.o(.text.MX_TIM4_Init)
    MX_TIM5_Init                             0x080044ad   Thumb Code   106  tim.o(.text.MX_TIM5_Init)
    MX_TIM6_Init                             0x08004519   Thumb Code    80  tim.o(.text.MX_TIM6_Init)
    MX_TIM9_Init                             0x08004569   Thumb Code   194  tim.o(.text.MX_TIM9_Init)
    MX_USART2_UART_Init                      0x0800462d   Thumb Code    60  usart.o(.text.MX_USART2_UART_Init)
    MX_USART3_UART_Init                      0x08004669   Thumb Code    60  usart.o(.text.MX_USART3_UART_Init)
    MemManage_Handler                        0x080046a5   Thumb Code     2  stm32f4xx_it.o(.text.MemManage_Handler)
    NMI_Handler                              0x080046a9   Thumb Code     2  stm32f4xx_it.o(.text.NMI_Handler)
    PendSV_Handler                           0x080046b1   Thumb Code   100  port.o(.text.PendSV_Handler)
    SVC_Handler                              0x08004721   Thumb Code    36  port.o(.text.SVC_Handler)
    SysTick_Handler                          0x08004745   Thumb Code    30  cmsis_os2.o(.text.SysTick_Handler)
    SystemClock_Config                       0x08004765   Thumb Code   168  main.o(.text.SystemClock_Config)
    SystemInit                               0x0800480d   Thumb Code    18  system_stm32f4xx.o(.text.SystemInit)
    TIM2_IRQHandler                          0x08004821   Thumb Code    12  stm32f4xx_it.o(.text.TIM2_IRQHandler)
    TIM3_IRQHandler                          0x0800482d   Thumb Code    12  stm32f4xx_it.o(.text.TIM3_IRQHandler)
    TIM4_IRQHandler                          0x08004839   Thumb Code    12  stm32f4xx_it.o(.text.TIM4_IRQHandler)
    TIM5_IRQHandler                          0x08004845   Thumb Code    12  stm32f4xx_it.o(.text.TIM5_IRQHandler)
    TIM6_DAC_IRQHandler                      0x08004851   Thumb Code    12  stm32f4xx_it.o(.text.TIM6_DAC_IRQHandler)
    TIM7_IRQHandler                          0x0800485d   Thumb Code    12  stm32f4xx_it.o(.text.TIM7_IRQHandler)
    TIM_Base_SetConfig                       0x08004869   Thumb Code   324  stm32f4xx_hal_tim.o(.text.TIM_Base_SetConfig)
    USART2_IRQHandler                        0x08004f4d   Thumb Code    36  stm32f4xx_it.o(.text.USART2_IRQHandler)
    USART3_IRQHandler                        0x08004f71   Thumb Code    36  stm32f4xx_it.o(.text.USART3_IRQHandler)
    UsageFault_Handler                       0x08004f95   Thumb Code     2  stm32f4xx_it.o(.text.UsageFault_Handler)
    ODOM_Motor::Analysis(float)              0x08004f99   Thumb Code   300  odom_mg513.o(.text._ZN10ODOM_Motor8AnalysisEf)
    PID_Controller::All_Device_Init()        0x080050d5   Thumb Code   316  pid_user.o(.text._ZN14PID_Controller15All_Device_InitEv)
    PID_Controller::CORE::PID_Calc(pid_type_def*, float, float) 0x08005225   Thumb Code   360  pid.o(.text._ZN14PID_Controller4CORE8PID_CalcEP12pid_type_defff)
    PID_Controller::CORE::PID_Init(pid_type_def*, unsigned char, float const*, float, float) 0x08005391   Thumb Code    48  pid.o(.text._ZN14PID_Controller4CORE8PID_InitEP12pid_type_defhPKfff)
    PID_Controller::MOTOR::Velocity_Realize(float, int) 0x080053c1   Thumb Code    58  pid_user.o(.text._ZN14PID_Controller5MOTOR16Velocity_RealizeEfi)
    MG513_GMR500PPR::AT8236_Cmd::PWM_Pulse_CMD(int) 0x080053fd   Thumb Code   238  mg513_gmr500ppr.o(.text._ZN15MG513_GMR500PPR10AT8236_Cmd13PWM_Pulse_CMDEi)
    MG513_GMR500PPR::AT8236_Cmd::Init(TIM_HandleTypeDef*, unsigned int, TIM_HandleTypeDef*, unsigned int) 0x080054ed   Thumb Code    44  mg513_gmr500ppr.o(.text._ZN15MG513_GMR500PPR10AT8236_Cmd4InitEP17TIM_HandleTypeDefjS2_j)
    MG513_GMR500PPR::Encoder::motor_message_filtering(Encoder_TypeDef*, Motor_TypeDef*, float, unsigned char) 0x08005519   Thumb Code  1528  mg513_gmr500ppr.o(.text._ZN15MG513_GMR500PPR7Encoder23motor_message_filteringEP15Encoder_TypeDefP13Motor_TypeDeffh)
    MG513_GMR500PPR::Encoder::Init(TIM_HandleTypeDef*) 0x08005b15   Thumb Code    26  mg513_gmr500ppr.o(.text._ZN15MG513_GMR500PPR7Encoder4InitEP17TIM_HandleTypeDef)
    UDB::RX::Data_Analysis(unsigned char*, short, short, short, short, short, short) 0x08005b31   Thumb Code   210  udb.o(.text._ZN3UDB2RX13Data_AnalysisEPhssssss)
    SERIAL::RX::Buffer_Sep(short, short, short, short, short) 0x08005c05   Thumb Code   924  serial_pack.o(.text._ZN6SERIAL2RX10Buffer_SepEsssss)
    SERIAL::RX::Data_Analysis(unsigned char*, unsigned char, short, short, short, short, short) 0x08005fa1   Thumb Code   416  serial_pack.o(.text._ZN6SERIAL2RX13Data_AnalysisEPhhsssss)
    SERIAL::TX::Data_Pack(unsigned char, bool*, short, signed char*, short, short*, short, int*, short, float*, short) 0x08006141   Thumb Code  1694  serial_pack.o(.text._ZN6SERIAL2TX9Data_PackEhPbsPasPssPisPfs)
    CHASSIS::Chassis_Loop_Out()              0x080067e1   Thumb Code   180  chassis_api.o(.text._ZN7CHASSIS16Chassis_Loop_OutEv)
    CHASSIS::Chassis_Pose_Analysis()         0x08006895   Thumb Code     2  chassis_api.o(.text._ZN7CHASSIS21Chassis_Pose_AnalysisEv)
    CHASSIS::Chassis_Kinematics_Calc()       0x08006899   Thumb Code   264  chassis_api.o(.text._ZN7CHASSIS23Chassis_Kinematics_CalcEv)
    CHASSIS::Remote_Control_Chassis_Mode()   0x080069ad   Thumb Code   144  chassis_api.o(.text._ZN7CHASSIS27Remote_Control_Chassis_ModeEv)
    CHASSIS::Remote_Control_Chassis_Set_Mode() 0x08006a45   Thumb Code    64  chassis_api.o(.text._ZN7CHASSIS31Remote_Control_Chassis_Set_ModeEv)
    arm_cos_f32                              0x08006a85   Thumb Code   152  arm_cos_f32.o(.text.arm_cos_f32)
    arm_sin_f32                              0x08006b1d   Thumb Code   144  arm_sin_f32.o(.text.arm_sin_f32)
    chassis_task                             0x08006bad   Thumb Code   244  chassis_task.o(.text.chassis_task)
    imu_task                                 0x08006ca1   Thumb Code     6  imu_task.o(.text.imu_task)
    main                                     0x08006ca9   Thumb Code    82  main.o(.text.main)
    osDelayUntil                             0x08006cfd   Thumb Code    52  cmsis_os2.o(.text.osDelayUntil)
    osKernelGetTickCount                     0x08006d31   Thumb Code    16  cmsis_os2.o(.text.osKernelGetTickCount)
    osKernelInitialize                       0x08006d41   Thumb Code    40  cmsis_os2.o(.text.osKernelInitialize)
    osKernelStart                            0x08006d69   Thumb Code    60  cmsis_os2.o(.text.osKernelStart)
    osSemaphoreAcquire                       0x08006da5   Thumb Code   108  cmsis_os2.o(.text.osSemaphoreAcquire)
    osSemaphoreNew                           0x08006e11   Thumb Code   182  cmsis_os2.o(.text.osSemaphoreNew)
    osSemaphoreRelease                       0x08006ec9   Thumb Code   100  cmsis_os2.o(.text.osSemaphoreRelease)
    osThreadNew                              0x08006f2d   Thumb Code   148  cmsis_os2.o(.text.osThreadNew)
    pvPortMalloc                             0x08007831   Thumb Code   496  heap_4.o(.text.pvPortMalloc)
    pvTaskIncrementMutexHeldCount            0x08007a21   Thumb Code    24  tasks.o(.text.pvTaskIncrementMutexHeldCount)
    pxPortInitialiseStack                    0x08007a39   Thumb Code    36  port.o(.text.pxPortInitialiseStack)
    ros2_uart_task                           0x08007a5d   Thumb Code   176  ros2_comm.o(.text.ros2_uart_task)
    startup_main                             0x08007b0d   Thumb Code    62  startup_main.o(.text.startup_main)
    uxListRemove                             0x08007b4d   Thumb Code    34  list.o(.text.uxListRemove)
    vApplicationGetIdleTaskMemory            0x08007b71   Thumb Code    26  cmsis_os2.o(.text.vApplicationGetIdleTaskMemory)
    vApplicationGetTimerTaskMemory           0x08007b8d   Thumb Code    28  cmsis_os2.o(.text.vApplicationGetTimerTaskMemory)
    vListInitialise                          0x08007ba9   Thumb Code    22  list.o(.text.vListInitialise)
    vListInitialiseItem                      0x08007bc1   Thumb Code     6  list.o(.text.vListInitialiseItem)
    vListInsert                              0x08007bc9   Thumb Code    98  list.o(.text.vListInsert)
    vListInsertEnd                           0x08007c2d   Thumb Code    26  list.o(.text.vListInsertEnd)
    vPortEnterCritical                       0x08007c5d   Thumb Code    70  port.o(.text.vPortEnterCritical)
    vPortExitCritical                        0x08007ca5   Thumb Code    46  port.o(.text.vPortExitCritical)
    vPortFree                                0x08007cd5   Thumb Code   212  heap_4.o(.text.vPortFree)
    vPortSetupTimerInterrupt                 0x08007da9   Thumb Code    52  port.o(.text.vPortSetupTimerInterrupt)
    vPortValidateInterruptPriority           0x08007ddd   Thumb Code    94  port.o(.text.vPortValidateInterruptPriority)
    vQueueAddToRegistry                      0x08007e3d   Thumb Code    88  queue.o(.text.vQueueAddToRegistry)
    vQueueDelete                             0x08007e95   Thumb Code   126  queue.o(.text.vQueueDelete)
    vQueueWaitForMessageRestricted           0x08007f15   Thumb Code    82  queue.o(.text.vQueueWaitForMessageRestricted)
    vTaskDelay                               0x08007f69   Thumb Code   128  tasks.o(.text.vTaskDelay)
    vTaskDelayUntil                          0x08007fe9   Thumb Code   204  tasks.o(.text.vTaskDelayUntil)
    vTaskInternalSetTimeOutState             0x080080b5   Thumb Code    18  tasks.o(.text.vTaskInternalSetTimeOutState)
    vTaskMissedYield                         0x080080c9   Thumb Code    14  tasks.o(.text.vTaskMissedYield)
    vTaskPlaceOnEventList                    0x080080d9   Thumb Code   116  tasks.o(.text.vTaskPlaceOnEventList)
    vTaskPlaceOnEventListRestricted          0x0800814d   Thumb Code   122  tasks.o(.text.vTaskPlaceOnEventListRestricted)
    vTaskPriorityDisinheritAfterTimeout      0x080081c9   Thumb Code   164  tasks.o(.text.vTaskPriorityDisinheritAfterTimeout)
    vTaskStartScheduler                      0x0800826d   Thumb Code   232  tasks.o(.text.vTaskStartScheduler)
    vTaskSuspend                             0x0800835d   Thumb Code   356  tasks.o(.text.vTaskSuspend)
    vTaskSuspendAll                          0x080084c1   Thumb Code    16  tasks.o(.text.vTaskSuspendAll)
    vTaskSwitchContext                       0x080084d1   Thumb Code   204  tasks.o(.text.vTaskSwitchContext)
    xPortStartScheduler                      0x0800859d   Thumb Code   392  port.o(.text.xPortStartScheduler)
    xPortSysTickHandler                      0x08008725   Thumb Code    46  port.o(.text.xPortSysTickHandler)
    xQueueCreateCountingSemaphore            0x08008755   Thumb Code   150  queue.o(.text.xQueueCreateCountingSemaphore)
    xQueueCreateCountingSemaphoreStatic      0x080087ed   Thumb Code   194  queue.o(.text.xQueueCreateCountingSemaphoreStatic)
    xQueueGenericCreate                      0x080088b1   Thumb Code   130  queue.o(.text.xQueueGenericCreate)
    xQueueGenericCreateStatic                0x08008935   Thumb Code   218  queue.o(.text.xQueueGenericCreateStatic)
    xQueueGenericSend                        0x08008a11   Thumb Code   704  queue.o(.text.xQueueGenericSend)
    xQueueGiveFromISR                        0x08008cd1   Thumb Code   186  queue.o(.text.xQueueGiveFromISR)
    xQueueReceive                            0x08008d8d   Thumb Code   574  queue.o(.text.xQueueReceive)
    xQueueReceiveFromISR                     0x08008fcd   Thumb Code   210  queue.o(.text.xQueueReceiveFromISR)
    xQueueSemaphoreTake                      0x080090a1   Thumb Code   650  queue.o(.text.xQueueSemaphoreTake)
    xTaskCheckForTimeOut                     0x0800932d   Thumb Code   154  tasks.o(.text.xTaskCheckForTimeOut)
    xTaskCreate                              0x080093c9   Thumb Code    96  tasks.o(.text.xTaskCreate)
    xTaskCreateStatic                        0x08009429   Thumb Code   118  tasks.o(.text.xTaskCreateStatic)
    xTaskGetSchedulerState                   0x080094a1   Thumb Code    30  tasks.o(.text.xTaskGetSchedulerState)
    xTaskGetTickCount                        0x080094c1   Thumb Code    12  tasks.o(.text.xTaskGetTickCount)
    xTaskGetTickCountFromISR                 0x080094cd   Thumb Code    18  tasks.o(.text.xTaskGetTickCountFromISR)
    xTaskIncrementTick                       0x080094e1   Thumb Code   260  tasks.o(.text.xTaskIncrementTick)
    xTaskPriorityDisinherit                  0x080095e5   Thumb Code   142  tasks.o(.text.xTaskPriorityDisinherit)
    xTaskPriorityInherit                     0x08009675   Thumb Code   144  tasks.o(.text.xTaskPriorityInherit)
    xTaskRemoveFromEventList                 0x08009705   Thumb Code   114  tasks.o(.text.xTaskRemoveFromEventList)
    xTaskResumeAll                           0x08009779   Thumb Code   238  tasks.o(.text.xTaskResumeAll)
    xTimerCreateTimerTask                    0x08009869   Thumb Code   172  timers.o(.text.xTimerCreateTimerTask)
    __aeabi_d2f                              0x0800991d   Thumb Code     0  d2f.o(x$fpl$d2f)
    _d2f                                     0x0800991d   Thumb Code    98  d2f.o(x$fpl$d2f)
    __aeabi_ddiv                             0x08009981   Thumb Code     0  ddiv.o(x$fpl$ddiv)
    _ddiv                                    0x08009981   Thumb Code   560  ddiv.o(x$fpl$ddiv)
    __aeabi_i2d                              0x08009c39   Thumb Code     0  dflt_clz.o(x$fpl$dflt)
    _dflt                                    0x08009c39   Thumb Code    46  dflt_clz.o(x$fpl$dflt)
    __aeabi_ui2d                             0x08009c67   Thumb Code     0  dflt_clz.o(x$fpl$dfltu)
    _dfltu                                   0x08009c67   Thumb Code    38  dflt_clz.o(x$fpl$dfltu)
    __aeabi_dmul                             0x08009c8d   Thumb Code     0  dmul.o(x$fpl$dmul)
    _dmul                                    0x08009c8d   Thumb Code   332  dmul.o(x$fpl$dmul)
    __fpl_dnaninf                            0x08009de1   Thumb Code   156  dnaninf.o(x$fpl$dnaninf)
    __fpl_dretinf                            0x08009e7d   Thumb Code    12  dretinf.o(x$fpl$dretinf)
    __aeabi_f2d                              0x08009e89   Thumb Code     0  f2d.o(x$fpl$f2d)
    _f2d                                     0x08009e89   Thumb Code    86  f2d.o(x$fpl$f2d)
    __fpl_fnaninf                            0x08009edf   Thumb Code   140  fnaninf.o(x$fpl$fnaninf)
    _fp_init                                 0x08009f6b   Thumb Code    26  fpinit.o(x$fpl$fpinit)
    __fplib_config_fpu_vfp                   0x08009f83   Thumb Code     0  fpinit.o(x$fpl$fpinit)
    __fplib_config_pureend_doubles           0x08009f83   Thumb Code     0  fpinit.o(x$fpl$fpinit)
    __fpl_fretinf                            0x08009f85   Thumb Code    10  fretinf.o(x$fpl$fretinf)
    AHBPrescTable                            0x08009f8e   Data          16  system_stm32f4xx.o(.rodata.AHBPrescTable)
    __I$use$fp                               0x08009f8e   Number         0  usenofp.o(x$fpl$usenofp)
    APBPrescTable                            0x08009f9e   Data           8  system_stm32f4xx.o(.rodata.APBPrescTable)
    CHASSIS_TASK_attributes                  0x08009fa8   Data          36  freertos.o(.rodata.CHASSIS_TASK_attributes)
    IMU_TASK_attributes                      0x08009fcc   Data          36  freertos.o(.rodata.IMU_TASK_attributes)
    MOTOR_ROS2_Semap_attributes              0x08009ff0   Data          16  freertos.o(.rodata.MOTOR_ROS2_Semap_attributes)
    ROS2_UART_TASK_attributes                0x0800a000   Data          36  freertos.o(.rodata.ROS2_UART_TASK_attributes)
    sinTable_f32                             0x0800a02c   Data        2052  arm_common_tables.o(.rodata.sinTable_f32)
    Region$$Table$$Base                      0x0800a86c   Number         0  anon$$obj.o(Region$$Table)
    Region$$Table$$Limit                     0x0800a88c   Number         0  anon$$obj.o(Region$$Table)
    uwTickFreq                               0x20000000   Data           1  stm32f4xx_hal.o(.data..L_MergedGlobals)
    uwTickPrio                               0x20000004   Data           4  stm32f4xx_hal.o(.data..L_MergedGlobals)
    mg513_speed_pid                          0x20000008   Data          12  pid_user.o(.data..L_MergedGlobals)
    m513_position_pid                        0x20000014   Data          12  pid_user.o(.data..L_MergedGlobals)
    motor_yaw_pid                            0x20000020   Data          12  pid_user.o(.data..L_MergedGlobals)
    motor_pos_x_pid                          0x2000002c   Data          12  pid_user.o(.data..L_MergedGlobals)
    motor_pos_y_pid                          0x20000038   Data          12  pid_user.o(.data..L_MergedGlobals)
    Wheel_Spacing                            0x20000044   Data           4  chassis_api.o(.data..L_MergedGlobals)
    Alex_Spacing                             0x20000048   Data           4  chassis_api.o(.data..L_MergedGlobals)
    Wheel_Radius                             0x2000004c   Data           4  chassis_api.o(.data..L_MergedGlobals)
    SystemCoreClock                          0x20000050   Data           4  system_stm32f4xx.o(.data.SystemCoreClock)
    __libspace_start                         0x20000058   Data          96  libspace.o(.bss)
    MOTOR_ROS2_SemapHandle                   0x200000b8   Data           4  freertos.o(.bss..L_MergedGlobals)
    __temporary_stack_top$libspace           0x200000b8   Data           0  libspace.o(.bss)
    CHASSIS_TASKHandle                       0x200000bc   Data           4  freertos.o(.bss..L_MergedGlobals)
    IMU_TASKHandle                           0x200000c0   Data           4  freertos.o(.bss..L_MergedGlobals)
    ROS2_UART_TASKHandle                     0x200000c4   Data           4  freertos.o(.bss..L_MergedGlobals)
    pxCurrentTCB                             0x200000c8   Data           4  tasks.o(.bss..L_MergedGlobals)
    chassis                                  0x200001dc   Data          73  chassis_api.o(.bss.chassis)
    cmd_vel_                                 0x20000228   Data          24  ros2_comm.o(.bss.cmd_vel_)
    hdma_usart2_rx                           0x20000240   Data          96  usart.o(.bss.hdma_usart2_rx)
    hdma_usart3_rx                           0x200002a0   Data          96  usart.o(.bss.hdma_usart3_rx)
    hdma_usart3_tx                           0x20000300   Data          96  usart.o(.bss.hdma_usart3_tx)
    hi2c2                                    0x20000360   Data          84  i2c.o(.bss.hi2c2)
    htim1                                    0x200003b4   Data          72  tim.o(.bss.htim1)
    htim10                                   0x200003fc   Data          72  tim.o(.bss.htim10)
    htim11                                   0x20000444   Data          72  tim.o(.bss.htim11)
    htim2                                    0x2000048c   Data          72  tim.o(.bss.htim2)
    htim3                                    0x200004d4   Data          72  tim.o(.bss.htim3)
    htim4                                    0x2000051c   Data          72  tim.o(.bss.htim4)
    htim5                                    0x20000564   Data          72  tim.o(.bss.htim5)
    htim6                                    0x200005ac   Data          72  tim.o(.bss.htim6)
    htim7                                    0x200005f4   Data          72  stm32f4xx_hal_timebase_tim.o(.bss.htim7)
    htim9                                    0x2000063c   Data          72  tim.o(.bss.htim9)
    huart2                                   0x20000684   Data          72  usart.o(.bss.huart2)
    huart3                                   0x200006cc   Data          72  usart.o(.bss.huart3)
    mg513_gmr500ppr_motor                    0x20000714   Data         576  mg513_gmr500ppr.o(.bss.mg513_gmr500ppr_motor)
    odom_motor_                              0x20000954   Data          44  odom_mg513.o(.bss.odom_motor_)
    pid_controller                           0x20000980   Data           3  pid_user.o(.bss.pid_controller)
    pid_pos_1                                0x20000984   Data         288  pid_user.o(.bss.pid_pos_1)
    pid_pos_x                                0x20000aa4   Data          72  pid_user.o(.bss.pid_pos_x)
    pid_pos_y                                0x20000aec   Data          72  pid_user.o(.bss.pid_pos_y)
    pid_v_1                                  0x20000b34   Data         288  pid_user.o(.bss.pid_v_1)
    pid_yaw                                  0x20000c54   Data          72  pid_user.o(.bss.pid_yaw)
    ros2_rx_buffer                           0x200011ec   Data          39  ros2_comm.o(.bss.ros2_rx_buffer)
    serial_pack_                             0x20001214   Data         376  serial_pack.o(.bss.serial_pack_)
    udb                                      0x20004f8c   Data          44  udb.o(.bss.udb)
    udb_rx_buffer                            0x20004fb8   Data          12  udb.o(.bss.udb_rx_buffer)
    uwTick                                   0x20004fc4   Data           4  stm32f4xx_hal.o(.bss.uwTick)
    xQueueRegistry                           0x20005680   Data          64  queue.o(.bss.xQueueRegistry)



==============================================================================

Memory Map of the image

  Image Entry point : 0x08000189

  Load Region LR_IROM1 (Base: 0x08000000, Size: 0x0000a8e8, Max: 0x00080000, ABSOLUTE)

    Execution Region ER_IROM1 (Exec base: 0x08000000, Load base: 0x08000000, Size: 0x0000a88c, Max: 0x00080000, ABSOLUTE)

    Exec Addr    Load Addr    Size         Type   Attr      Idx    E Section Name        Object

    0x08000000   0x08000000   0x00000188   Data   RO            3    RESET               startup_stm32f407xx.o
    0x08000188   0x08000188   0x00000008   Code   RO         2187  * !!!main             c_w.l(__main.o)
    0x08000190   0x08000190   0x0000005c   Code   RO         2430    !!!scatter          c_w.l(__scatter.o)
    0x080001ec   0x080001ec   0x0000001a   Code   RO         2434    !!handler_copy      c_w.l(__scatter_copy.o)
    0x08000206   0x08000206   0x00000002   PAD
    0x08000208   0x08000208   0x00000002   Code   RO         2431    !!handler_null      c_w.l(__scatter.o)
    0x0800020a   0x0800020a   0x00000002   PAD
    0x0800020c   0x0800020c   0x0000001c   Code   RO         2436    !!handler_zi        c_w.l(__scatter_zi.o)
    0x08000228   0x08000228   0x00000002   Code   RO         2295    .ARM.Collect$$libinit$$00000000  c_w.l(libinit.o)
    0x0800022a   0x0800022a   0x00000004   Code   RO         2304    .ARM.Collect$$libinit$$00000001  c_w.l(libinit2.o)
    0x0800022e   0x0800022e   0x00000000   Code   RO         2307    .ARM.Collect$$libinit$$00000004  c_w.l(libinit2.o)
    0x0800022e   0x0800022e   0x00000000   Code   RO         2309    .ARM.Collect$$libinit$$00000006  c_w.l(libinit2.o)
    0x0800022e   0x0800022e   0x00000000   Code   RO         2312    .ARM.Collect$$libinit$$0000000C  c_w.l(libinit2.o)
    0x0800022e   0x0800022e   0x00000000   Code   RO         2314    .ARM.Collect$$libinit$$0000000E  c_w.l(libinit2.o)
    0x0800022e   0x0800022e   0x00000000   Code   RO         2316    .ARM.Collect$$libinit$$00000010  c_w.l(libinit2.o)
    0x0800022e   0x0800022e   0x00000000   Code   RO         2319    .ARM.Collect$$libinit$$00000013  c_w.l(libinit2.o)
    0x0800022e   0x0800022e   0x00000000   Code   RO         2321    .ARM.Collect$$libinit$$00000015  c_w.l(libinit2.o)
    0x0800022e   0x0800022e   0x00000000   Code   RO         2323    .ARM.Collect$$libinit$$00000017  c_w.l(libinit2.o)
    0x0800022e   0x0800022e   0x00000000   Code   RO         2325    .ARM.Collect$$libinit$$00000019  c_w.l(libinit2.o)
    0x0800022e   0x0800022e   0x00000000   Code   RO         2327    .ARM.Collect$$libinit$$0000001B  c_w.l(libinit2.o)
    0x0800022e   0x0800022e   0x00000000   Code   RO         2329    .ARM.Collect$$libinit$$0000001D  c_w.l(libinit2.o)
    0x0800022e   0x0800022e   0x00000000   Code   RO         2331    .ARM.Collect$$libinit$$0000001F  c_w.l(libinit2.o)
    0x0800022e   0x0800022e   0x00000000   Code   RO         2333    .ARM.Collect$$libinit$$00000021  c_w.l(libinit2.o)
    0x0800022e   0x0800022e   0x00000000   Code   RO         2335    .ARM.Collect$$libinit$$00000023  c_w.l(libinit2.o)
    0x0800022e   0x0800022e   0x00000000   Code   RO         2337    .ARM.Collect$$libinit$$00000025  c_w.l(libinit2.o)
    0x0800022e   0x0800022e   0x00000000   Code   RO         2339    .ARM.Collect$$libinit$$00000027  c_w.l(libinit2.o)
    0x0800022e   0x0800022e   0x00000000   Code   RO         2343    .ARM.Collect$$libinit$$0000002E  c_w.l(libinit2.o)
    0x0800022e   0x0800022e   0x00000000   Code   RO         2345    .ARM.Collect$$libinit$$00000030  c_w.l(libinit2.o)
    0x0800022e   0x0800022e   0x00000000   Code   RO         2347    .ARM.Collect$$libinit$$00000032  c_w.l(libinit2.o)
    0x0800022e   0x0800022e   0x00000000   Code   RO         2349    .ARM.Collect$$libinit$$00000034  c_w.l(libinit2.o)
    0x0800022e   0x0800022e   0x00000002   Code   RO         2350    .ARM.Collect$$libinit$$00000035  c_w.l(libinit2.o)
    0x08000230   0x08000230   0x00000002   Code   RO         2385    .ARM.Collect$$libshutdown$$00000000  c_w.l(libshutdown.o)
    0x08000232   0x08000232   0x00000000   Code   RO         2413    .ARM.Collect$$libshutdown$$00000002  c_w.l(libshutdown2.o)
    0x08000232   0x08000232   0x00000000   Code   RO         2415    .ARM.Collect$$libshutdown$$00000004  c_w.l(libshutdown2.o)
    0x08000232   0x08000232   0x00000000   Code   RO         2418    .ARM.Collect$$libshutdown$$00000007  c_w.l(libshutdown2.o)
    0x08000232   0x08000232   0x00000000   Code   RO         2421    .ARM.Collect$$libshutdown$$0000000A  c_w.l(libshutdown2.o)
    0x08000232   0x08000232   0x00000000   Code   RO         2423    .ARM.Collect$$libshutdown$$0000000C  c_w.l(libshutdown2.o)
    0x08000232   0x08000232   0x00000000   Code   RO         2426    .ARM.Collect$$libshutdown$$0000000F  c_w.l(libshutdown2.o)
    0x08000232   0x08000232   0x00000002   Code   RO         2427    .ARM.Collect$$libshutdown$$00000010  c_w.l(libshutdown2.o)
    0x08000234   0x08000234   0x00000000   Code   RO         2217    .ARM.Collect$$rtentry$$00000000  c_w.l(__rtentry.o)
    0x08000234   0x08000234   0x00000000   Code   RO         2258    .ARM.Collect$$rtentry$$00000002  c_w.l(__rtentry2.o)
    0x08000234   0x08000234   0x00000006   Code   RO         2270    .ARM.Collect$$rtentry$$00000004  c_w.l(__rtentry4.o)
    0x0800023a   0x0800023a   0x00000000   Code   RO         2260    .ARM.Collect$$rtentry$$00000009  c_w.l(__rtentry2.o)
    0x0800023a   0x0800023a   0x00000004   Code   RO         2261    .ARM.Collect$$rtentry$$0000000A  c_w.l(__rtentry2.o)
    0x0800023e   0x0800023e   0x00000000   Code   RO         2263    .ARM.Collect$$rtentry$$0000000C  c_w.l(__rtentry2.o)
    0x0800023e   0x0800023e   0x00000008   Code   RO         2264    .ARM.Collect$$rtentry$$0000000D  c_w.l(__rtentry2.o)
    0x08000246   0x08000246   0x00000002   Code   RO         2296    .ARM.Collect$$rtexit$$00000000  c_w.l(rtexit.o)
    0x08000248   0x08000248   0x00000000   Code   RO         2356    .ARM.Collect$$rtexit$$00000002  c_w.l(rtexit2.o)
    0x08000248   0x08000248   0x00000004   Code   RO         2357    .ARM.Collect$$rtexit$$00000003  c_w.l(rtexit2.o)
    0x0800024c   0x0800024c   0x00000006   Code   RO         2358    .ARM.Collect$$rtexit$$00000004  c_w.l(rtexit2.o)
    0x08000252   0x08000252   0x00000002   PAD
    0x08000254   0x08000254   0x00000040   Code   RO            4    .text               startup_stm32f407xx.o
    0x08000294   0x08000294   0x000000f0   Code   RO         2173    .text               c_w.l(lludivv7m.o)
    0x08000384   0x08000384   0x0000008a   Code   RO         2175    .text               c_w.l(rt_memcpy_v6.o)
    0x0800040e   0x0800040e   0x00000010   Code   RO         2179    .text               c_w.l(aeabi_memset4.o)
    0x0800041e   0x0800041e   0x0000004e   Code   RO         2183    .text               c_w.l(rt_memclr_w.o)
    0x0800046c   0x0800046c   0x00000006   Code   RO         2185    .text               c_w.l(heapauxi.o)
    0x08000472   0x08000472   0x00000064   Code   RO         2224    .text               c_w.l(rt_memcpy_w.o)
    0x080004d6   0x080004d6   0x00000002   PAD
    0x080004d8   0x080004d8   0x00000008   Code   RO         2279    .text               c_w.l(libspace.o)
    0x080004e0   0x080004e0   0x0000004a   Code   RO         2282    .text               c_w.l(sys_stackheap_outer.o)
    0x0800052a   0x0800052a   0x00000012   Code   RO         2284    .text               c_w.l(exit.o)
    0x0800053c   0x0800053c   0x0000000c   Code   RO         2351    .text               c_w.l(sys_exit.o)
    0x08000548   0x08000548   0x00000002   Code   RO         2374    .text               c_w.l(use_no_semi.o)
    0x0800054a   0x0800054a   0x00000000   Code   RO         2376    .text               c_w.l(indicate_semi.o)
    0x0800054a   0x0800054a   0x00000002   PAD
    0x0800054c   0x0800054c   0x00000002   Code   RO          159    .text.BusFault_Handler  stm32f4xx_it.o
    0x0800054e   0x0800054e   0x00000002   PAD
    0x08000550   0x08000550   0x0000000c   Code   RO          165    .text.DMA1_Stream1_IRQHandler  stm32f4xx_it.o
    0x0800055c   0x0800055c   0x0000000c   Code   RO          167    .text.DMA1_Stream3_IRQHandler  stm32f4xx_it.o
    0x08000568   0x08000568   0x0000000c   Code   RO          169    .text.DMA1_Stream5_IRQHandler  stm32f4xx_it.o
    0x08000574   0x08000574   0x00000002   Code   RO          163    .text.DebugMon_Handler  stm32f4xx_it.o
    0x08000576   0x08000576   0x00000002   PAD
    0x08000578   0x08000578   0x00000006   Code   RO           23    .text.Error_Handler  main.o
    0x0800057e   0x0800057e   0x00000002   PAD
    0x08000580   0x08000580   0x0000008e   Code   RO          697    .text.HAL_DMA_Abort  stm32f4xx_hal_dma.o
    0x0800060e   0x0800060e   0x00000002   PAD
    0x08000610   0x08000610   0x00000024   Code   RO          699    .text.HAL_DMA_Abort_IT  stm32f4xx_hal_dma.o
    0x08000634   0x08000634   0x00000006   Code   RO          709    .text.HAL_DMA_GetState  stm32f4xx_hal_dma.o
    0x0800063a   0x0800063a   0x00000002   PAD
    0x0800063c   0x0800063c   0x000001c4   Code   RO          703    .text.HAL_DMA_IRQHandler  stm32f4xx_hal_dma.o
    0x08000800   0x08000800   0x00000162   Code   RO          689    .text.HAL_DMA_Init  stm32f4xx_hal_dma.o
    0x08000962   0x08000962   0x00000002   PAD
    0x08000964   0x08000964   0x000000a2   Code   RO          695    .text.HAL_DMA_Start_IT  stm32f4xx_hal_dma.o
    0x08000a06   0x08000a06   0x00000002   PAD
    0x08000a08   0x08000a08   0x0000019e   Code   RO          651    .text.HAL_GPIO_Init  stm32f4xx_hal_gpio.o
    0x08000ba6   0x08000ba6   0x00000002   PAD
    0x08000ba8   0x08000ba8   0x0000000c   Code   RO          848    .text.HAL_GetTick   stm32f4xx_hal.o
    0x08000bb4   0x08000bb4   0x00000002   Code   RO         1046    .text.HAL_I2C_AbortCpltCallback  stm32f4xx_hal_i2c.o
    0x08000bb6   0x08000bb6   0x00000002   PAD
    0x08000bb8   0x08000bb8   0x00000002   Code   RO         1036    .text.HAL_I2C_AddrCallback  stm32f4xx_hal_i2c.o
    0x08000bba   0x08000bba   0x00000002   PAD
    0x08000bbc   0x08000bbc   0x00000150   Code   RO         1026    .text.HAL_I2C_ER_IRQHandler  stm32f4xx_hal_i2c.o
    0x08000d0c   0x08000d0c   0x000005fc   Code   RO         1014    .text.HAL_I2C_EV_IRQHandler  stm32f4xx_hal_i2c.o
    0x08001308   0x08001308   0x00000002   Code   RO         1044    .text.HAL_I2C_ErrorCallback  stm32f4xx_hal_i2c.o
    0x0800130a   0x0800130a   0x00000002   PAD
    0x0800130c   0x0800130c   0x00000164   Code   RO          926    .text.HAL_I2C_Init  stm32f4xx_hal_i2c.o
    0x08001470   0x08001470   0x00000002   Code   RO         1038    .text.HAL_I2C_ListenCpltCallback  stm32f4xx_hal_i2c.o
    0x08001472   0x08001472   0x00000002   PAD
    0x08001474   0x08001474   0x00000002   Code   RO         1030    .text.HAL_I2C_MasterRxCpltCallback  stm32f4xx_hal_i2c.o
    0x08001476   0x08001476   0x00000002   PAD
    0x08001478   0x08001478   0x00000002   Code   RO         1028    .text.HAL_I2C_MasterTxCpltCallback  stm32f4xx_hal_i2c.o
    0x0800147a   0x0800147a   0x00000002   PAD
    0x0800147c   0x0800147c   0x00000002   Code   RO         1042    .text.HAL_I2C_MemRxCpltCallback  stm32f4xx_hal_i2c.o
    0x0800147e   0x0800147e   0x00000002   PAD
    0x08001480   0x08001480   0x00000002   Code   RO         1040    .text.HAL_I2C_MemTxCpltCallback  stm32f4xx_hal_i2c.o
    0x08001482   0x08001482   0x00000002   PAD
    0x08001484   0x08001484   0x00000096   Code   RO           74    .text.HAL_I2C_MspInit  i2c.o
    0x0800151a   0x0800151a   0x00000002   PAD
    0x0800151c   0x0800151c   0x00000002   Code   RO         1034    .text.HAL_I2C_SlaveRxCpltCallback  stm32f4xx_hal_i2c.o
    0x0800151e   0x0800151e   0x00000002   PAD
    0x08001520   0x08001520   0x00000002   Code   RO         1032    .text.HAL_I2C_SlaveTxCpltCallback  stm32f4xx_hal_i2c.o
    0x08001522   0x08001522   0x00000002   PAD
    0x08001524   0x08001524   0x0000001a   Code   RO          846    .text.HAL_IncTick   stm32f4xx_hal.o
    0x0800153e   0x0800153e   0x00000002   PAD
    0x08001540   0x08001540   0x00000036   Code   RO          836    .text.HAL_Init      stm32f4xx_hal.o
    0x08001576   0x08001576   0x00000002   PAD
    0x08001578   0x08001578   0x000000b2   Code   RO          207    .text.HAL_InitTick  stm32f4xx_hal_timebase_tim.o
    0x0800162a   0x0800162a   0x00000002   PAD
    0x0800162c   0x0800162c   0x00000042   Code   RO          198    .text.HAL_MspInit   stm32f4xx_hal_msp.o
    0x0800166e   0x0800166e   0x00000002   PAD
    0x08001670   0x08001670   0x00000022   Code   RO          788    .text.HAL_NVIC_EnableIRQ  stm32f4xx_hal_cortex.o
    0x08001692   0x08001692   0x00000002   PAD
    0x08001694   0x08001694   0x00000056   Code   RO          786    .text.HAL_NVIC_SetPriority  stm32f4xx_hal_cortex.o
    0x080016ea   0x080016ea   0x00000002   PAD
    0x080016ec   0x080016ec   0x00000020   Code   RO          784    .text.HAL_NVIC_SetPriorityGrouping  stm32f4xx_hal_cortex.o
    0x0800170c   0x0800170c   0x00000164   Code   RO          545    .text.HAL_RCC_ClockConfig  stm32f4xx_hal_rcc.o
    0x08001870   0x08001870   0x0000003e   Code   RO          563    .text.HAL_RCC_GetClockConfig  stm32f4xx_hal_rcc.o
    0x080018ae   0x080018ae   0x00000002   PAD
    0x080018b0   0x080018b0   0x00000026   Code   RO          557    .text.HAL_RCC_GetPCLK1Freq  stm32f4xx_hal_rcc.o
    0x080018d6   0x080018d6   0x00000002   PAD
    0x080018d8   0x080018d8   0x00000026   Code   RO          559    .text.HAL_RCC_GetPCLK2Freq  stm32f4xx_hal_rcc.o
    0x080018fe   0x080018fe   0x00000002   PAD
    0x08001900   0x08001900   0x0000006c   Code   RO          547    .text.HAL_RCC_GetSysClockFreq  stm32f4xx_hal_rcc.o
    0x0800196c   0x0800196c   0x000003ac   Code   RO          543    .text.HAL_RCC_OscConfig  stm32f4xx_hal_rcc.o
    0x08001d18   0x08001d18   0x00000002   Code   RO          527    .text.HAL_TIMEx_BreakCallback  stm32f4xx_hal_tim_ex.o
    0x08001d1a   0x08001d1a   0x00000002   PAD
    0x08001d1c   0x08001d1c   0x00000002   Code   RO          523    .text.HAL_TIMEx_CommutCallback  stm32f4xx_hal_tim_ex.o
    0x08001d1e   0x08001d1e   0x00000002   PAD
    0x08001d20   0x08001d20   0x0000004c   Code   RO          519    .text.HAL_TIMEx_ConfigBreakDeadTime  stm32f4xx_hal_tim_ex.o
    0x08001d6c   0x08001d6c   0x000000ba   Code   RO          517    .text.HAL_TIMEx_MasterConfigSynchronization  stm32f4xx_hal_tim_ex.o
    0x08001e26   0x08001e26   0x00000002   PAD
    0x08001e28   0x08001e28   0x0000005a   Code   RO          222    .text.HAL_TIM_Base_Init  stm32f4xx_hal_tim.o
    0x08001e82   0x08001e82   0x00000002   PAD
    0x08001e84   0x08001e84   0x00000102   Code   RO          107    .text.HAL_TIM_Base_MspInit  tim.o
    0x08001f86   0x08001f86   0x00000002   PAD
    0x08001f88   0x08001f88   0x000000aa   Code   RO          236    .text.HAL_TIM_Base_Start_IT  stm32f4xx_hal_tim.o
    0x08002032   0x08002032   0x00000002   PAD
    0x08002034   0x08002034   0x000001a0   Code   RO          402    .text.HAL_TIM_ConfigClockSource  stm32f4xx_hal_tim.o
    0x080021d4   0x080021d4   0x000000b2   Code   RO          336    .text.HAL_TIM_Encoder_Init  stm32f4xx_hal_tim.o
    0x08002286   0x08002286   0x00000002   PAD
    0x08002288   0x08002288   0x00000190   Code   RO          109    .text.HAL_TIM_Encoder_MspInit  tim.o
    0x08002418   0x08002418   0x000000e6   Code   RO          348    .text.HAL_TIM_Encoder_Start_IT  stm32f4xx_hal_tim.o
    0x080024fe   0x080024fe   0x00000002   PAD
    0x08002500   0x08002500   0x00000002   Code   RO          358    .text.HAL_TIM_IC_CaptureCallback  stm32f4xx_hal_tim.o
    0x08002502   0x08002502   0x00000002   PAD
    0x08002504   0x08002504   0x0000014e   Code   RO          356    .text.HAL_TIM_IRQHandler  stm32f4xx_hal_tim.o
    0x08002652   0x08002652   0x00000002   PAD
    0x08002654   0x08002654   0x00000110   Code   RO           89    .text.HAL_TIM_MspPostInit  tim.o
    0x08002764   0x08002764   0x00000002   Code   RO          360    .text.HAL_TIM_OC_DelayElapsedCallback  stm32f4xx_hal_tim.o
    0x08002766   0x08002766   0x00000002   PAD
    0x08002768   0x08002768   0x00000220   Code   RO          376    .text.HAL_TIM_PWM_ConfigChannel  stm32f4xx_hal_tim.o
    0x08002988   0x08002988   0x0000005a   Code   RO          276    .text.HAL_TIM_PWM_Init  stm32f4xx_hal_tim.o
    0x080029e2   0x080029e2   0x00000002   PAD
    0x080029e4   0x080029e4   0x00000002   Code   RO          278    .text.HAL_TIM_PWM_MspInit  stm32f4xx_hal_tim.o
    0x080029e6   0x080029e6   0x00000002   PAD
    0x080029e8   0x080029e8   0x00000002   Code   RO          362    .text.HAL_TIM_PWM_PulseFinishedCallback  stm32f4xx_hal_tim.o
    0x080029ea   0x080029ea   0x00000002   PAD
    0x080029ec   0x080029ec   0x0000010e   Code   RO          284    .text.HAL_TIM_PWM_Start  stm32f4xx_hal_tim.o
    0x08002afa   0x08002afa   0x00000002   PAD
    0x08002afc   0x08002afc   0x000001cc   Code   RO         1770    .text.HAL_TIM_PeriodElapsedCallback  mg513_gmr500ppr.o
    0x08002cc8   0x08002cc8   0x00000002   Code   RO          366    .text.HAL_TIM_TriggerCallback  stm32f4xx_hal_tim.o
    0x08002cca   0x08002cca   0x00000002   PAD
    0x08002ccc   0x08002ccc   0x000001e4   Code   RO         1113    .text.HAL_UARTEx_ReceiveToIdle_DMA  stm32f4xx_hal_uart.o
    0x08002eb0   0x08002eb0   0x0000018e   Code   RO         1939    .text.HAL_UARTEx_RxEventCallback  ros2_comm.o
    0x0800303e   0x0800303e   0x00000002   PAD
    0x08003040   0x08003040   0x00000002   Code   RO         1149    .text.HAL_UART_ErrorCallback  stm32f4xx_hal_uart.o
    0x08003042   0x08003042   0x00000002   PAD
    0x08003044   0x08003044   0x00000570   Code   RO         1143    .text.HAL_UART_IRQHandler  stm32f4xx_hal_uart.o
    0x080035b4   0x080035b4   0x00000060   Code   RO         1065    .text.HAL_UART_Init  stm32f4xx_hal_uart.o
    0x08003614   0x08003614   0x000001b6   Code   RO          136    .text.HAL_UART_MspInit  usart.o
    0x080037ca   0x080037ca   0x00000002   PAD
    0x080037cc   0x080037cc   0x00000002   Code   RO         1157    .text.HAL_UART_RxCpltCallback  stm32f4xx_hal_uart.o
    0x080037ce   0x080037ce   0x00000002   PAD
    0x080037d0   0x080037d0   0x00000002   Code   RO         1159    .text.HAL_UART_RxHalfCpltCallback  stm32f4xx_hal_uart.o
    0x080037d2   0x080037d2   0x00000002   PAD
    0x080037d4   0x080037d4   0x000000bc   Code   RO         1091    .text.HAL_UART_Transmit_DMA  stm32f4xx_hal_uart.o
    0x08003890   0x08003890   0x00000002   Code   RO         1153    .text.HAL_UART_TxCpltCallback  stm32f4xx_hal_uart.o
    0x08003892   0x08003892   0x00000002   PAD
    0x08003894   0x08003894   0x00000002   Code   RO         1155    .text.HAL_UART_TxHalfCpltCallback  stm32f4xx_hal_uart.o
    0x08003896   0x08003896   0x00000002   PAD
    0x08003898   0x08003898   0x00000002   Code   RO          155    .text.HardFault_Handler  stm32f4xx_it.o
    0x0800389a   0x0800389a   0x00000002   PAD
    0x0800389c   0x0800389c   0x0000000c   Code   RO          179    .text.I2C2_ER_IRQHandler  stm32f4xx_it.o
    0x080038a8   0x080038a8   0x0000000c   Code   RO          177    .text.I2C2_EV_IRQHandler  stm32f4xx_it.o
    0x080038b4   0x080038b4   0x00000122   Code   RO         1000    .text.I2C_DMAAbort  stm32f4xx_hal_i2c.o
    0x080039d6   0x080039d6   0x00000002   PAD
    0x080039d8   0x080039d8   0x0000018c   Code   RO         1012    .text.I2C_ITError   stm32f4xx_hal_i2c.o
    0x08003b64   0x08003b64   0x000000f8   Code   RO         1024    .text.I2C_MasterReceive_BTF  stm32f4xx_hal_i2c.o
    0x08003c5c   0x08003c5c   0x00000146   Code   RO         1022    .text.I2C_MasterReceive_RXNE  stm32f4xx_hal_i2c.o
    0x08003da2   0x08003da2   0x00000002   PAD
    0x08003da4   0x08003da4   0x00000082   Code   RO         1018    .text.I2C_MasterTransmit_BTF  stm32f4xx_hal_i2c.o
    0x08003e26   0x08003e26   0x00000002   PAD
    0x08003e28   0x08003e28   0x000000b2   Code   RO         1016    .text.I2C_MasterTransmit_TXE  stm32f4xx_hal_i2c.o
    0x08003eda   0x08003eda   0x00000002   PAD
    0x08003edc   0x08003edc   0x000000be   Code   RO         1020    .text.I2C_MemoryTransmit_TXE_BTF  stm32f4xx_hal_i2c.o
    0x08003f9a   0x08003f9a   0x00000002   PAD
    0x08003f9c   0x08003f9c   0x00000058   Code   RO           63    .text.MX_DMA_Init   dma.o
    0x08003ff4   0x08003ff4   0x00000066   Code   RO           41    .text.MX_FREERTOS_Init  freertos.o
    0x0800405a   0x0800405a   0x00000002   PAD
    0x0800405c   0x0800405c   0x00000074   Code   RO           33    .text.MX_GPIO_Init  gpio.o
    0x080040d0   0x080040d0   0x00000042   Code   RO           72    .text.MX_I2C2_Init  i2c.o
    0x08004112   0x08004112   0x00000002   PAD
    0x08004114   0x08004114   0x00000082   Code   RO          103    .text.MX_TIM10_Init  tim.o
    0x08004196   0x08004196   0x00000002   PAD
    0x08004198   0x08004198   0x00000082   Code   RO          105    .text.MX_TIM11_Init  tim.o
    0x0800421a   0x0800421a   0x00000002   PAD
    0x0800421c   0x0800421c   0x00000150   Code   RO           87    .text.MX_TIM1_Init  tim.o
    0x0800436c   0x0800436c   0x00000066   Code   RO           91    .text.MX_TIM2_Init  tim.o
    0x080043d2   0x080043d2   0x00000002   PAD
    0x080043d4   0x080043d4   0x0000006a   Code   RO           93    .text.MX_TIM3_Init  tim.o
    0x0800443e   0x0800443e   0x00000002   PAD
    0x08004440   0x08004440   0x0000006a   Code   RO           95    .text.MX_TIM4_Init  tim.o
    0x080044aa   0x080044aa   0x00000002   PAD
    0x080044ac   0x080044ac   0x0000006a   Code   RO           97    .text.MX_TIM5_Init  tim.o
    0x08004516   0x08004516   0x00000002   PAD
    0x08004518   0x08004518   0x00000050   Code   RO           99    .text.MX_TIM6_Init  tim.o
    0x08004568   0x08004568   0x000000c2   Code   RO          101    .text.MX_TIM9_Init  tim.o
    0x0800462a   0x0800462a   0x00000002   PAD
    0x0800462c   0x0800462c   0x0000003c   Code   RO          132    .text.MX_USART2_UART_Init  usart.o
    0x08004668   0x08004668   0x0000003c   Code   RO          134    .text.MX_USART3_UART_Init  usart.o
    0x080046a4   0x080046a4   0x00000002   Code   RO          157    .text.MemManage_Handler  stm32f4xx_it.o
    0x080046a6   0x080046a6   0x00000002   PAD
    0x080046a8   0x080046a8   0x00000002   Code   RO          153    .text.NMI_Handler   stm32f4xx_it.o
    0x080046aa   0x080046aa   0x00000006   PAD
    0x080046b0   0x080046b0   0x00000064   Code   RO         1754    .text.PendSV_Handler  port.o
    0x08004714   0x08004714   0x0000000c   PAD
    0x08004720   0x08004720   0x00000024   Code   RO         1738    .text.SVC_Handler   port.o
    0x08004744   0x08004744   0x0000001e   Code   RO         1549    .text.SysTick_Handler  cmsis_os2.o
    0x08004762   0x08004762   0x00000002   PAD
    0x08004764   0x08004764   0x000000a8   Code   RO           21    .text.SystemClock_Config  main.o
    0x0800480c   0x0800480c   0x00000012   Code   RO         1187    .text.SystemInit    system_stm32f4xx.o
    0x0800481e   0x0800481e   0x00000002   PAD
    0x08004820   0x08004820   0x0000000c   Code   RO          171    .text.TIM2_IRQHandler  stm32f4xx_it.o
    0x0800482c   0x0800482c   0x0000000c   Code   RO          173    .text.TIM3_IRQHandler  stm32f4xx_it.o
    0x08004838   0x08004838   0x0000000c   Code   RO          175    .text.TIM4_IRQHandler  stm32f4xx_it.o
    0x08004844   0x08004844   0x0000000c   Code   RO          185    .text.TIM5_IRQHandler  stm32f4xx_it.o
    0x08004850   0x08004850   0x0000000c   Code   RO          187    .text.TIM6_DAC_IRQHandler  stm32f4xx_it.o
    0x0800485c   0x0800485c   0x0000000c   Code   RO          189    .text.TIM7_IRQHandler  stm32f4xx_it.o
    0x08004868   0x08004868   0x00000144   Code   RO          226    .text.TIM_Base_SetConfig  stm32f4xx_hal_tim.o
    0x080049ac   0x080049ac   0x0000000c   Code   RO         1147    .text.UART_DMAAbortOnError  stm32f4xx_hal_uart.o
    0x080049b8   0x080049b8   0x0000017c   Code   RO         1097    .text.UART_DMAError  stm32f4xx_hal_uart.o
    0x08004b34   0x08004b34   0x0000015e   Code   RO         1175    .text.UART_DMAReceiveCplt  stm32f4xx_hal_uart.o
    0x08004c92   0x08004c92   0x00000002   PAD
    0x08004c94   0x08004c94   0x00000018   Code   RO         1177    .text.UART_DMARxHalfCplt  stm32f4xx_hal_uart.o
    0x08004cac   0x08004cac   0x000000b0   Code   RO         1093    .text.UART_DMATransmitCplt  stm32f4xx_hal_uart.o
    0x08004d5c   0x08004d5c   0x00000006   Code   RO         1095    .text.UART_DMATxHalfCplt  stm32f4xx_hal_uart.o
    0x08004d62   0x08004d62   0x00000002   PAD
    0x08004d64   0x08004d64   0x000000fe   Code   RO         1145    .text.UART_Receive_IT  stm32f4xx_hal_uart.o
    0x08004e62   0x08004e62   0x00000002   PAD
    0x08004e64   0x08004e64   0x000000e6   Code   RO         1069    .text.UART_SetConfig  stm32f4xx_hal_uart.o
    0x08004f4a   0x08004f4a   0x00000002   PAD
    0x08004f4c   0x08004f4c   0x00000024   Code   RO          181    .text.USART2_IRQHandler  stm32f4xx_it.o
    0x08004f70   0x08004f70   0x00000024   Code   RO          183    .text.USART3_IRQHandler  stm32f4xx_it.o
    0x08004f94   0x08004f94   0x00000002   Code   RO          161    .text.UsageFault_Handler  stm32f4xx_it.o
    0x08004f96   0x08004f96   0x00000002   PAD
    0x08004f98   0x08004f98   0x0000013c   Code   RO         1890    .text._ZN10ODOM_Motor8AnalysisEf  odom_mg513.o
    0x080050d4   0x080050d4   0x00000150   Code   RO         1807    .text._ZN14PID_Controller15All_Device_InitEv  pid_user.o
    0x08005224   0x08005224   0x0000016c   Code   RO         1795    .text._ZN14PID_Controller4CORE8PID_CalcEP12pid_type_defff  pid.o
    0x08005390   0x08005390   0x00000030   Code   RO         1793    .text._ZN14PID_Controller4CORE8PID_InitEP12pid_type_defhPKfff  pid.o
    0x080053c0   0x080053c0   0x0000003a   Code   RO         1809    .text._ZN14PID_Controller5MOTOR16Velocity_RealizeEfi  pid_user.o
    0x080053fa   0x080053fa   0x00000002   PAD
    0x080053fc   0x080053fc   0x000000ee   Code   RO         1776    .text._ZN15MG513_GMR500PPR10AT8236_Cmd13PWM_Pulse_CMDEi  mg513_gmr500ppr.o
    0x080054ea   0x080054ea   0x00000002   PAD
    0x080054ec   0x080054ec   0x0000002c   Code   RO         1774    .text._ZN15MG513_GMR500PPR10AT8236_Cmd4InitEP17TIM_HandleTypeDefjS2_j  mg513_gmr500ppr.o
    0x08005518   0x08005518   0x000005fc   Code   RO         1782    .text._ZN15MG513_GMR500PPR7Encoder23motor_message_filteringEP15Encoder_TypeDefP13Motor_TypeDeffh  mg513_gmr500ppr.o
    0x08005b14   0x08005b14   0x0000001a   Code   RO         1778    .text._ZN15MG513_GMR500PPR7Encoder4InitEP17TIM_HandleTypeDef  mg513_gmr500ppr.o
    0x08005b2e   0x08005b2e   0x00000002   PAD
    0x08005b30   0x08005b30   0x000000d2   Code   RO         1869    .text._ZN3UDB2RX13Data_AnalysisEPhssssss  udb.o
    0x08005c02   0x08005c02   0x00000002   PAD
    0x08005c04   0x08005c04   0x0000039c   Code   RO         2014    .text._ZN6SERIAL2RX10Buffer_SepEsssss  serial_pack.o
    0x08005fa0   0x08005fa0   0x000001a0   Code   RO         2012    .text._ZN6SERIAL2RX13Data_AnalysisEPhhsssss  serial_pack.o
    0x08006140   0x08006140   0x0000069e   Code   RO         2008    .text._ZN6SERIAL2TX9Data_PackEhPbsPasPssPisPfs  serial_pack.o
    0x080067de   0x080067de   0x00000002   PAD
    0x080067e0   0x080067e0   0x000000b4   Code   RO         1844    .text._ZN7CHASSIS16Chassis_Loop_OutEv  chassis_api.o
    0x08006894   0x08006894   0x00000002   Code   RO         1840    .text._ZN7CHASSIS21Chassis_Pose_AnalysisEv  chassis_api.o
    0x08006896   0x08006896   0x00000002   PAD
    0x08006898   0x08006898   0x00000114   Code   RO         1842    .text._ZN7CHASSIS23Chassis_Kinematics_CalcEv  chassis_api.o
    0x080069ac   0x080069ac   0x00000098   Code   RO         1838    .text._ZN7CHASSIS27Remote_Control_Chassis_ModeEv  chassis_api.o
    0x08006a44   0x08006a44   0x00000040   Code   RO         1836    .text._ZN7CHASSIS31Remote_Control_Chassis_Set_ModeEv  chassis_api.o
    0x08006a84   0x08006a84   0x00000098   Code   RO         2034    .text.arm_cos_f32   arm_cortexM4lf_math.lib(arm_cos_f32.o)
    0x08006b1c   0x08006b1c   0x00000090   Code   RO         2043    .text.arm_sin_f32   arm_cortexM4lf_math.lib(arm_sin_f32.o)
    0x08006bac   0x08006bac   0x000000f4   Code   RO         1856    .text.chassis_task  chassis_task.o
    0x08006ca0   0x08006ca0   0x00000006   Code   RO         1927    .text.imu_task      imu_task.o
    0x08006ca6   0x08006ca6   0x00000002   PAD
    0x08006ca8   0x08006ca8   0x00000052   Code   RO           19    .text.main          main.o
    0x08006cfa   0x08006cfa   0x00000002   PAD
    0x08006cfc   0x08006cfc   0x00000034   Code   RO         1611    .text.osDelayUntil  cmsis_os2.o
    0x08006d30   0x08006d30   0x00000010   Code   RO         1565    .text.osKernelGetTickCount  cmsis_os2.o
    0x08006d40   0x08006d40   0x00000028   Code   RO         1551    .text.osKernelInitialize  cmsis_os2.o
    0x08006d68   0x08006d68   0x0000003c   Code   RO         1557    .text.osKernelStart  cmsis_os2.o
    0x08006da4   0x08006da4   0x0000006c   Code   RO         1651    .text.osSemaphoreAcquire  cmsis_os2.o
    0x08006e10   0x08006e10   0x000000b6   Code   RO         1649    .text.osSemaphoreNew  cmsis_os2.o
    0x08006ec6   0x08006ec6   0x00000002   PAD
    0x08006ec8   0x08006ec8   0x00000064   Code   RO         1653    .text.osSemaphoreRelease  cmsis_os2.o
    0x08006f2c   0x08006f2c   0x00000094   Code   RO         1573    .text.osThreadNew   cmsis_os2.o
    0x08006fc0   0x08006fc0   0x0000028a   Code   RO         1384    .text.prvAddNewTaskToReadyList  tasks.o
    0x0800724a   0x0800724a   0x00000002   PAD
    0x0800724c   0x0800724c   0x00000086   Code   RO         1416    .text.prvIdleTask   tasks.o
    0x080072d2   0x080072d2   0x00000002   PAD
    0x080072d4   0x080072d4   0x00000104   Code   RO         1382    .text.prvInitialiseNewTask  tasks.o
    0x080073d8   0x080073d8   0x00000028   Code   RO         1746    .text.prvPortStartFirstTask  port.o
    0x08007400   0x08007400   0x0000003e   Code   RO         1736    .text.prvTaskExitError  port.o
    0x0800743e   0x0800743e   0x00000002   PAD
    0x08007440   0x08007440   0x0000037a   Code   RO         1501    .text.prvTimerTask  timers.o
    0x080077ba   0x080077ba   0x00000002   PAD
    0x080077bc   0x080077bc   0x00000074   Code   RO         1283    .text.prvUnlockQueue  queue.o
    0x08007830   0x08007830   0x000001f0   Code   RO         1712    .text.pvPortMalloc  heap_4.o
    0x08007a20   0x08007a20   0x00000018   Code   RO         1472    .text.pvTaskIncrementMutexHeldCount  tasks.o
    0x08007a38   0x08007a38   0x00000024   Code   RO         1734    .text.pxPortInitialiseStack  port.o
    0x08007a5c   0x08007a5c   0x000000b0   Code   RO         1937    .text.ros2_uart_task  ros2_comm.o
    0x08007b0c   0x08007b0c   0x0000003e   Code   RO           11    .text.startup_main  startup_main.o
    0x08007b4a   0x08007b4a   0x00000002   PAD
    0x08007b4c   0x08007b4c   0x00000022   Code   RO         1247    .text.uxListRemove  list.o
    0x08007b6e   0x08007b6e   0x00000002   PAD
    0x08007b70   0x08007b70   0x0000001a   Code   RO         1695    .text.vApplicationGetIdleTaskMemory  cmsis_os2.o
    0x08007b8a   0x08007b8a   0x00000002   PAD
    0x08007b8c   0x08007b8c   0x0000001c   Code   RO         1697    .text.vApplicationGetTimerTaskMemory  cmsis_os2.o
    0x08007ba8   0x08007ba8   0x00000016   Code   RO         1239    .text.vListInitialise  list.o
    0x08007bbe   0x08007bbe   0x00000002   PAD
    0x08007bc0   0x08007bc0   0x00000006   Code   RO         1241    .text.vListInitialiseItem  list.o
    0x08007bc6   0x08007bc6   0x00000002   PAD
    0x08007bc8   0x08007bc8   0x00000062   Code   RO         1245    .text.vListInsert   list.o
    0x08007c2a   0x08007c2a   0x00000002   PAD
    0x08007c2c   0x08007c2c   0x0000001a   Code   RO         1243    .text.vListInsertEnd  list.o
    0x08007c46   0x08007c46   0x00000002   PAD
    0x08007c48   0x08007c48   0x00000014   Code   RO         1744    .text.vPortEnableVFP  port.o
    0x08007c5c   0x08007c5c   0x00000046   Code   RO         1750    .text.vPortEnterCritical  port.o
    0x08007ca2   0x08007ca2   0x00000002   PAD
    0x08007ca4   0x08007ca4   0x0000002e   Code   RO         1752    .text.vPortExitCritical  port.o
    0x08007cd2   0x08007cd2   0x00000002   PAD
    0x08007cd4   0x08007cd4   0x000000d4   Code   RO         1714    .text.vPortFree     heap_4.o
    0x08007da8   0x08007da8   0x00000034   Code   RO         1742    .text.vPortSetupTimerInterrupt  port.o
    0x08007ddc   0x08007ddc   0x0000005e   Code   RO         1758    .text.vPortValidateInterruptPriority  port.o
    0x08007e3a   0x08007e3a   0x00000002   PAD
    0x08007e3c   0x08007e3c   0x00000058   Code   RO         1317    .text.vQueueAddToRegistry  queue.o
    0x08007e94   0x08007e94   0x0000007e   Code   RO         1303    .text.vQueueDelete  queue.o
    0x08007f12   0x08007f12   0x00000002   PAD
    0x08007f14   0x08007f14   0x00000052   Code   RO         1321    .text.vQueueWaitForMessageRestricted  queue.o
    0x08007f66   0x08007f66   0x00000002   PAD
    0x08007f68   0x08007f68   0x00000080   Code   RO         1396    .text.vTaskDelay    tasks.o
    0x08007fe8   0x08007fe8   0x000000cc   Code   RO         1390    .text.vTaskDelayUntil  tasks.o
    0x080080b4   0x080080b4   0x00000012   Code   RO         1446    .text.vTaskInternalSetTimeOutState  tasks.o
    0x080080c6   0x080080c6   0x00000002   PAD
    0x080080c8   0x080080c8   0x0000000e   Code   RO         1450    .text.vTaskMissedYield  tasks.o
    0x080080d6   0x080080d6   0x00000002   PAD
    0x080080d8   0x080080d8   0x00000074   Code   RO         1434    .text.vTaskPlaceOnEventList  tasks.o
    0x0800814c   0x0800814c   0x0000007a   Code   RO         1438    .text.vTaskPlaceOnEventListRestricted  tasks.o
    0x080081c6   0x080081c6   0x00000002   PAD
    0x080081c8   0x080081c8   0x000000a4   Code   RO         1468    .text.vTaskPriorityDisinheritAfterTimeout  tasks.o
    0x0800826c   0x0800826c   0x000000f0   Code   RO         1414    .text.vTaskStartScheduler  tasks.o
    0x0800835c   0x0800835c   0x00000164   Code   RO         1406    .text.vTaskSuspend  tasks.o
    0x080084c0   0x080084c0   0x00000010   Code   RO         1392    .text.vTaskSuspendAll  tasks.o
    0x080084d0   0x080084d0   0x000000cc   Code   RO         1408    .text.vTaskSwitchContext  tasks.o
    0x0800859c   0x0800859c   0x00000188   Code   RO         1740    .text.xPortStartScheduler  port.o
    0x08008724   0x08008724   0x0000002e   Code   RO         1756    .text.xPortSysTickHandler  port.o
    0x08008752   0x08008752   0x00000002   PAD
    0x08008754   0x08008754   0x00000096   Code   RO         1281    .text.xQueueCreateCountingSemaphore  queue.o
    0x080087ea   0x080087ea   0x00000002   PAD
    0x080087ec   0x080087ec   0x000000c2   Code   RO         1279    .text.xQueueCreateCountingSemaphoreStatic  queue.o
    0x080088ae   0x080088ae   0x00000002   PAD
    0x080088b0   0x080088b0   0x00000082   Code   RO         1261    .text.xQueueGenericCreate  queue.o
    0x08008932   0x08008932   0x00000002   PAD
    0x08008934   0x08008934   0x000000da   Code   RO         1259    .text.xQueueGenericCreateStatic  queue.o
    0x08008a0e   0x08008a0e   0x00000002   PAD
    0x08008a10   0x08008a10   0x000002c0   Code   RO         1273    .text.xQueueGenericSend  queue.o
    0x08008cd0   0x08008cd0   0x000000ba   Code   RO         1287    .text.xQueueGiveFromISR  queue.o
    0x08008d8a   0x08008d8a   0x00000002   PAD
    0x08008d8c   0x08008d8c   0x0000023e   Code   RO         1289    .text.xQueueReceive  queue.o
    0x08008fca   0x08008fca   0x00000002   PAD
    0x08008fcc   0x08008fcc   0x000000d2   Code   RO         1293    .text.xQueueReceiveFromISR  queue.o
    0x0800909e   0x0800909e   0x00000002   PAD
    0x080090a0   0x080090a0   0x0000028a   Code   RO         1277    .text.xQueueSemaphoreTake  queue.o
    0x0800932a   0x0800932a   0x00000002   PAD
    0x0800932c   0x0800932c   0x0000009a   Code   RO         1448    .text.xTaskCheckForTimeOut  tasks.o
    0x080093c6   0x080093c6   0x00000002   PAD
    0x080093c8   0x080093c8   0x00000060   Code   RO         1386    .text.xTaskCreate   tasks.o
    0x08009428   0x08009428   0x00000076   Code   RO         1380    .text.xTaskCreateStatic  tasks.o
    0x0800949e   0x0800949e   0x00000002   PAD
    0x080094a0   0x080094a0   0x0000001e   Code   RO         1462    .text.xTaskGetSchedulerState  tasks.o
    0x080094be   0x080094be   0x00000002   PAD
    0x080094c0   0x080094c0   0x0000000c   Code   RO         1422    .text.xTaskGetTickCount  tasks.o
    0x080094cc   0x080094cc   0x00000012   Code   RO         1424    .text.xTaskGetTickCountFromISR  tasks.o
    0x080094de   0x080094de   0x00000002   PAD
    0x080094e0   0x080094e0   0x00000104   Code   RO         1420    .text.xTaskIncrementTick  tasks.o
    0x080095e4   0x080095e4   0x0000008e   Code   RO         1466    .text.xTaskPriorityDisinherit  tasks.o
    0x08009672   0x08009672   0x00000002   PAD
    0x08009674   0x08009674   0x00000090   Code   RO         1464    .text.xTaskPriorityInherit  tasks.o
    0x08009704   0x08009704   0x00000072   Code   RO         1440    .text.xTaskRemoveFromEventList  tasks.o
    0x08009776   0x08009776   0x00000002   PAD
    0x08009778   0x08009778   0x000000ee   Code   RO         1394    .text.xTaskResumeAll  tasks.o
    0x08009866   0x08009866   0x00000002   PAD
    0x08009868   0x08009868   0x000000b4   Code   RO         1499    .text.xTimerCreateTimerTask  timers.o
    0x0800991c   0x0800991c   0x00000062   Code   RO         2189    x$fpl$d2f           fz_wm.l(d2f.o)
    0x0800997e   0x0800997e   0x00000002   PAD
    0x08009980   0x08009980   0x000002b8   Code   RO         2192    x$fpl$ddiv          fz_wm.l(ddiv.o)
    0x08009c38   0x08009c38   0x0000002e   Code   RO         2196    x$fpl$dflt          fz_wm.l(dflt_clz.o)
    0x08009c66   0x08009c66   0x00000026   Code   RO         2195    x$fpl$dfltu         fz_wm.l(dflt_clz.o)
    0x08009c8c   0x08009c8c   0x00000154   Code   RO         2201    x$fpl$dmul          fz_wm.l(dmul.o)
    0x08009de0   0x08009de0   0x0000009c   Code   RO         2226    x$fpl$dnaninf       fz_wm.l(dnaninf.o)
    0x08009e7c   0x08009e7c   0x0000000c   Code   RO         2228    x$fpl$dretinf       fz_wm.l(dretinf.o)
    0x08009e88   0x08009e88   0x00000056   Code   RO         2203    x$fpl$f2d           fz_wm.l(f2d.o)
    0x08009ede   0x08009ede   0x0000008c   Code   RO         2230    x$fpl$fnaninf       fz_wm.l(fnaninf.o)
    0x08009f6a   0x08009f6a   0x0000001a   Code   RO         2368    x$fpl$fpinit        fz_wm.l(fpinit.o)
    0x08009f84   0x08009f84   0x0000000a   Code   RO         2232    x$fpl$fretinf       fz_wm.l(fretinf.o)
    0x08009f8e   0x08009f8e   0x00000000   Code   RO         2234    x$fpl$usenofp       fz_wm.l(usenofp.o)
    0x08009f8e   0x08009f8e   0x00000010   Data   RO         1192    .rodata.AHBPrescTable  system_stm32f4xx.o
    0x08009f9e   0x08009f9e   0x00000008   Data   RO         1193    .rodata.APBPrescTable  system_stm32f4xx.o
    0x08009fa6   0x08009fa6   0x00000002   PAD
    0x08009fa8   0x08009fa8   0x00000024   Data   RO           50    .rodata.CHASSIS_TASK_attributes  freertos.o
    0x08009fcc   0x08009fcc   0x00000024   Data   RO           51    .rodata.IMU_TASK_attributes  freertos.o
    0x08009ff0   0x08009ff0   0x00000010   Data   RO           53    .rodata.MOTOR_ROS2_Semap_attributes  freertos.o
    0x0800a000   0x0800a000   0x00000024   Data   RO           52    .rodata.ROS2_UART_TASK_attributes  freertos.o
    0x0800a024   0x0800a024   0x00000008   Data   RO          713    .rodata.cst8        stm32f4xx_hal_dma.o
    0x0800a02c   0x0800a02c   0x00000804   Data   RO         2164    .rodata.sinTable_f32  arm_cortexM4lf_math.lib(arm_common_tables.o)
    0x0800a830   0x0800a830   0x00000036   Data   RO           49    .rodata.str1.1      freertos.o
    0x0800a866   0x0800a866   0x00000005   Data   RO         1539    .rodata.str1.1      timers.o
    0x0800a86b   0x0800a86b   0x00000001   PAD
    0x0800a86c   0x0800a86c   0x00000020   Data   RO         2429    Region$$Table       anon$$obj.o


    Execution Region RW_IRAM1 (Exec base: 0x20000000, Load base: 0x0800a890, Size: 0x00005cc0, Max: 0x0001c000, ABSOLUTE)

    Exec Addr    Load Addr    Size         Type   Attr      Idx    E Section Name        Object

    0x20000000   0x0800a890   0x00000008   Data   RW          891    .data..L_MergedGlobals  stm32f4xx_hal.o
    0x20000008   0x0800a898   0x0000003c   Data   RW         1827    .data..L_MergedGlobals  pid_user.o
    0x20000044   0x0800a8d4   0x0000000c   Data   RW         1847    .data..L_MergedGlobals  chassis_api.o
    0x20000050   0x0800a8e0   0x00000004   Data   RW         1191    .data.SystemCoreClock  system_stm32f4xx.o
    0x20000054   0x0800a8e4   0x00000004   Data   RW         1760    .data.uxCriticalNesting  port.o
    0x20000058        -       0x00000060   Zero   RW         2280    .bss                c_w.l(libspace.o)
    0x200000b8        -       0x00000010   Zero   RW           54    .bss..L_MergedGlobals  freertos.o
    0x200000c8        -       0x00000078   Zero   RW         1489    .bss..L_MergedGlobals  tasks.o
    0x20000140        -       0x0000003c   Zero   RW         1540    .bss..L_MergedGlobals  timers.o
    0x2000017c        -       0x00000020   Zero   RW         1725    .bss..L_MergedGlobals  heap_4.o
    0x2000019c        -       0x00000008   Zero   RW         1761    .bss..L_MergedGlobals  port.o
    0x200001a4        -       0x00000004   Zero   RW         1881    .bss..L_MergedGlobals  udb.o
    0x200001a8        -       0x00000006   Zero   RW         2025    .bss..L_MergedGlobals  serial_pack.o
    0x200001ae   0x0800a8e8   0x00000002   PAD
    0x200001b0        -       0x00000028   Zero   RW         1490    .bss..L_MergedGlobals.2  tasks.o
    0x200001d8        -       0x00000004   Zero   RW         1699    .bss.KernelState    cmsis_os2.o
    0x200001dc        -       0x00000049   Zero   RW         1846    .bss.chassis        chassis_api.o
    0x20000225   0x0800a8e8   0x00000003   PAD
    0x20000228        -       0x00000018   Zero   RW         1941    .bss.cmd_vel_       ros2_comm.o
    0x20000240        -       0x00000060   Zero   RW          142    .bss.hdma_usart2_rx  usart.o
    0x200002a0        -       0x00000060   Zero   RW          143    .bss.hdma_usart3_rx  usart.o
    0x20000300        -       0x00000060   Zero   RW          144    .bss.hdma_usart3_tx  usart.o
    0x20000360        -       0x00000054   Zero   RW           78    .bss.hi2c2          i2c.o
    0x200003b4        -       0x00000048   Zero   RW          115    .bss.htim1          tim.o
    0x200003fc        -       0x00000048   Zero   RW          122    .bss.htim10         tim.o
    0x20000444        -       0x00000048   Zero   RW          123    .bss.htim11         tim.o
    0x2000048c        -       0x00000048   Zero   RW          116    .bss.htim2          tim.o
    0x200004d4        -       0x00000048   Zero   RW          117    .bss.htim3          tim.o
    0x2000051c        -       0x00000048   Zero   RW          118    .bss.htim4          tim.o
    0x20000564        -       0x00000048   Zero   RW          119    .bss.htim5          tim.o
    0x200005ac        -       0x00000048   Zero   RW          120    .bss.htim6          tim.o
    0x200005f4        -       0x00000048   Zero   RW          213    .bss.htim7          stm32f4xx_hal_timebase_tim.o
    0x2000063c        -       0x00000048   Zero   RW          121    .bss.htim9          tim.o
    0x20000684        -       0x00000048   Zero   RW          140    .bss.huart2         usart.o
    0x200006cc        -       0x00000048   Zero   RW          141    .bss.huart3         usart.o
    0x20000714        -       0x00000240   Zero   RW         1784    .bss.mg513_gmr500ppr_motor  mg513_gmr500ppr.o
    0x20000954        -       0x0000002c   Zero   RW         1892    .bss.odom_motor_    odom_mg513.o
    0x20000980        -       0x00000003   Zero   RW         1821    .bss.pid_controller  pid_user.o
    0x20000983   0x0800a8e8   0x00000001   PAD
    0x20000984        -       0x00000120   Zero   RW         1823    .bss.pid_pos_1      pid_user.o
    0x20000aa4        -       0x00000048   Zero   RW         1825    .bss.pid_pos_x      pid_user.o
    0x20000aec        -       0x00000048   Zero   RW         1826    .bss.pid_pos_y      pid_user.o
    0x20000b34        -       0x00000120   Zero   RW         1822    .bss.pid_v_1        pid_user.o
    0x20000c54        -       0x00000048   Zero   RW         1824    .bss.pid_yaw        pid_user.o
    0x20000c9c        -       0x000000a0   Zero   RW         1538    .bss.prvCheckForValidListAndQueue.ucStaticTimerQueueStorage  timers.o
    0x20000d3c        -       0x00000050   Zero   RW         1537    .bss.prvCheckForValidListAndQueue.xStaticTimerQueue  timers.o
    0x20000d8c        -       0x00000460   Zero   RW         1488    .bss.pxReadyTasksLists  tasks.o
    0x200011ec        -       0x00000027   Zero   RW         1942    .bss.ros2_rx_buffer  ros2_comm.o
    0x20001213   0x0800a8e8   0x00000001   PAD
    0x20001214        -       0x00000178   Zero   RW         2024    .bss.serial_pack_   serial_pack.o
    0x2000138c        -       0x00003c00   Zero   RW         1724    .bss.ucHeap         heap_4.o
    0x20004f8c        -       0x0000002c   Zero   RW         1880    .bss.udb            udb.o
    0x20004fb8        -       0x0000000c   Zero   RW         1879    .bss.udb_rx_buffer  udb.o
    0x20004fc4        -       0x00000004   Zero   RW          890    .bss.uwTick         stm32f4xx_hal.o
    0x20004fc8        -       0x00000200   Zero   RW         1701    .bss.vApplicationGetIdleTaskMemory.Idle_Stack  cmsis_os2.o
    0x200051c8        -       0x0000005c   Zero   RW         1700    .bss.vApplicationGetIdleTaskMemory.Idle_TCB  cmsis_os2.o
    0x20005224        -       0x00000400   Zero   RW         1703    .bss.vApplicationGetTimerTaskMemory.Timer_Stack  cmsis_os2.o
    0x20005624        -       0x0000005c   Zero   RW         1702    .bss.vApplicationGetTimerTaskMemory.Timer_TCB  cmsis_os2.o
    0x20005680        -       0x00000040   Zero   RW         1323    .bss.xQueueRegistry  queue.o
    0x200056c0        -       0x00000200   Zero   RW            2    HEAP                startup_stm32f407xx.o
    0x200058c0        -       0x00000400   Zero   RW            1    STACK               startup_stm32f407xx.o


    Execution Region RW_IRAM2 (Exec base: 0x2001c000, Load base: 0x0800a8e8, Size: 0x00000000, Max: 0x00004000, ABSOLUTE)

    **** No section assigned to this execution region ****


==============================================================================

Image component sizes


      Code (inc. data)   RO Data    RW Data    ZI Data      Debug   Object Name

       674         20          0         12         73       4619   chassis_api.o
       244          0          0          0          0       2533   chassis_task.o
       790          0          0          0       1724      43156   cmsis_os2.o
        88          0          0          0          0       3536   dma.o
       102          0        178          0         16       3701   freertos.o
       116          0          0          0          0       1575   gpio.o
       708          0          0          0      15392       5822   heap_4.o
       216          0          0          0         84       7245   i2c.o
         6          0          0          0          0       1853   imu_task.o
       186          0          0          0          0       2378   list.o
       256          0          0          0          0       3277   main.o
      2300         44          0          0        576      24554   mg513_gmr500ppr.o
       316         16          0          0         44      15215   odom_mg513.o
       412          4          0          0          0       4881   pid.o
       394         20          0         60        795       6136   pid_user.o
       994         16          0          4          8       4414   port.o
      3428          0          0          0         64      30119   queue.o
       574          0          0          0         63       5013   ros2_comm.o
      3034          0          0          0        382      21671   serial_pack.o
        62          0          0          0          0       2074   startup_main.o
        64         26        392          0       1536        896   startup_stm32f407xx.o
        92          0          0          8          4       7367   stm32f4xx_hal.o
       152          0          0          0          0      10784   stm32f4xx_hal_cortex.o
      1152          6          8          0          0      10596   stm32f4xx_hal_dma.o
       414          0          0          0          0       5414   stm32f4xx_hal_gpio.o
      4002         16          0          0          0      44469   stm32f4xx_hal_i2c.o
        66          0          0          0          0       3598   stm32f4xx_hal_msp.o
      1542          0          0          0          0       7511   stm32f4xx_hal_rcc.o
      2656          6          0          0          0      57402   stm32f4xx_hal_tim.o
       266          0          0          0          0      21549   stm32f4xx_hal_tim_ex.o
       178          0          0          0         72       7315   stm32f4xx_hal_timebase_tim.o
      3602          0          0          0          0      32206   stm32f4xx_hal_uart.o
       216          0          0          0          0       8098   stm32f4xx_it.o
        18          0         24          4          0       2711   system_stm32f4xx.o
      3976          8          0          0       1280      43857   tasks.o
      2220          4          0          0        648      14084   tim.o
      1070         18          5          0        300      16454   timers.o
       210          0          0          0         60       9254   udb.o
       558          0          0          0        432       7508   usart.o

    ----------------------------------------------------------------------
     37608        216        642         88      23560     504845   Object Totals
         0          0         32          0          0          0   (incl. Generated)
       254         12          3          0          7          0   (incl. Padding)

    ----------------------------------------------------------------------

      Code (inc. data)   RO Data    RW Data    ZI Data      Debug   Library Member Name

         0          0       2052          0          0       6294   arm_common_tables.o
       152         12          0          0          0       1104   arm_cos_f32.o
       144         12          0          0          0       1092   arm_sin_f32.o
         8          0          0          0          0         68   __main.o
         0          0          0          0          0          0   __rtentry.o
        12          0          0          0          0          0   __rtentry2.o
         6          0          0          0          0          0   __rtentry4.o
        94          8          0          0          0          0   __scatter.o
        26          0          0          0          0          0   __scatter_copy.o
        28          0          0          0          0          0   __scatter_zi.o
        16          0          0          0          0         68   aeabi_memset4.o
        18          0          0          0          0         80   exit.o
         6          0          0          0          0        152   heapauxi.o
         0          0          0          0          0          0   indicate_semi.o
         2          0          0          0          0          0   libinit.o
         6          0          0          0          0          0   libinit2.o
         2          0          0          0          0          0   libshutdown.o
         2          0          0          0          0          0   libshutdown2.o
         8          4          0          0         96         68   libspace.o
       240          0          0          0          0        100   lludivv7m.o
        78          0          0          0          0         80   rt_memclr_w.o
       138          0          0          0          0         68   rt_memcpy_v6.o
       100          0          0          0          0         80   rt_memcpy_w.o
         2          0          0          0          0          0   rtexit.o
        10          0          0          0          0          0   rtexit2.o
        12          4          0          0          0         68   sys_exit.o
        74          0          0          0          0         80   sys_stackheap_outer.o
         2          0          0          0          0         68   use_no_semi.o
        98          4          0          0          0        140   d2f.o
       696        140          0          0          0        264   ddiv.o
        84          0          0          0          0        232   dflt_clz.o
       340         12          0          0          0        152   dmul.o
       156          4          0          0          0        140   dnaninf.o
        12          0          0          0          0        116   dretinf.o
        86          4          0          0          0        132   f2d.o
       140          4          0          0          0        132   fnaninf.o
        26          0          0          0          0        116   fpinit.o
        10          0          0          0          0        116   fretinf.o
         0          0          0          0          0          0   usenofp.o

    ----------------------------------------------------------------------
      2846        208       2052          0         96      11010   Library Totals
        12          0          0          0          0          0   (incl. Padding)

    ----------------------------------------------------------------------

      Code (inc. data)   RO Data    RW Data    ZI Data      Debug   Library Name

       296         24       2052          0          0       8490   arm_cortexM4lf_math.lib
       890         16          0          0         96        980   c_w.l
      1648        168          0          0          0       1540   fz_wm.l

    ----------------------------------------------------------------------
      2846        208       2052          0         96      11010   Library Totals

    ----------------------------------------------------------------------

==============================================================================


      Code (inc. data)   RO Data    RW Data    ZI Data      Debug   

     40454        424       2694         88      23656     513751   Grand Totals
     40454        424       2694         88      23656     513751   ELF Image Totals
     40454        424       2694         88          0          0   ROM Totals

==============================================================================

    Total RO  Size (Code + RO Data)                43148 (  42.14kB)
    Total RW  Size (RW Data + ZI Data)             23744 (  23.19kB)
    Total ROM Size (Code + RO Data + RW Data)      43236 (  42.22kB)

==============================================================================

